Archive member included to satisfy reference by file (symbol)

e:/thiot/setup/developer/toolchains/gnu_arm/12.2.rel1_2023.7/bin/../lib/gcc/arm-none-eabi/12.2.1/thumb/v8-m.main+fp/hard\libgcc.a(_aeabi_ldivmod.o)
                              ./simplicity_sdk_2024.6.2/platform/emlib/src/em_usart.o (__aeabi_ldivmod)
e:/thiot/setup/developer/toolchains/gnu_arm/12.2.rel1_2023.7/bin/../lib/gcc/arm-none-eabi/12.2.1/thumb/v8-m.main+fp/hard\libgcc.a(_aeabi_uldivmod.o)
                              ./simplicity_sdk_2024.6.2/platform/emlib/src/em_usart.o (__aeabi_uldivmod)
e:/thiot/setup/developer/toolchains/gnu_arm/12.2.rel1_2023.7/bin/../lib/gcc/arm-none-eabi/12.2.1/thumb/v8-m.main+fp/hard\libgcc.a(_udivmoddi4.o)
                              e:/thiot/setup/developer/toolchains/gnu_arm/12.2.rel1_2023.7/bin/../lib/gcc/arm-none-eabi/12.2.1/thumb/v8-m.main+fp/hard\libgcc.a(_aeabi_ldivmod.o) (__udivmoddi4)
e:/thiot/setup/developer/toolchains/gnu_arm/12.2.rel1_2023.7/bin/../lib/gcc/arm-none-eabi/12.2.1/thumb/v8-m.main+fp/hard\libgcc.a(_dvmd_tls.o)
                              e:/thiot/setup/developer/toolchains/gnu_arm/12.2.rel1_2023.7/bin/../lib/gcc/arm-none-eabi/12.2.1/thumb/v8-m.main+fp/hard\libgcc.a(_aeabi_ldivmod.o) (__aeabi_ldiv0)
e:/thiot/setup/developer/toolchains/gnu_arm/12.2.rel1_2023.7/bin/../lib/gcc/arm-none-eabi/12.2.1/thumb/v8-m.main+fp/hard\libc_nano.a(libc_a-exit.o)
                              e:/thiot/setup/developer/toolchains/gnu_arm/12.2.rel1_2023.7/bin/../lib/gcc/arm-none-eabi/12.2.1/thumb/v8-m.main+fp/hard/crt0.o (exit)
e:/thiot/setup/developer/toolchains/gnu_arm/12.2.rel1_2023.7/bin/../lib/gcc/arm-none-eabi/12.2.1/thumb/v8-m.main+fp/hard\libc_nano.a(libc_a-findfp.o)
                              e:/thiot/setup/developer/toolchains/gnu_arm/12.2.rel1_2023.7/bin/../lib/gcc/arm-none-eabi/12.2.1/thumb/v8-m.main+fp/hard\libc_nano.a(libc_a-exit.o) (__stdio_exit_handler)
e:/thiot/setup/developer/toolchains/gnu_arm/12.2.rel1_2023.7/bin/../lib/gcc/arm-none-eabi/12.2.1/thumb/v8-m.main+fp/hard\libc_nano.a(libc_a-fwalk.o)
                              e:/thiot/setup/developer/toolchains/gnu_arm/12.2.rel1_2023.7/bin/../lib/gcc/arm-none-eabi/12.2.1/thumb/v8-m.main+fp/hard\libc_nano.a(libc_a-findfp.o) (_fwalk_sglue)
e:/thiot/setup/developer/toolchains/gnu_arm/12.2.rel1_2023.7/bin/../lib/gcc/arm-none-eabi/12.2.1/thumb/v8-m.main+fp/hard\libc_nano.a(libc_a-snprintf.o)
                              ./app_lcd.o (snprintf)
e:/thiot/setup/developer/toolchains/gnu_arm/12.2.rel1_2023.7/bin/../lib/gcc/arm-none-eabi/12.2.1/thumb/v8-m.main+fp/hard\libc_nano.a(libc_a-stdio.o)
                              e:/thiot/setup/developer/toolchains/gnu_arm/12.2.rel1_2023.7/bin/../lib/gcc/arm-none-eabi/12.2.1/thumb/v8-m.main+fp/hard\libc_nano.a(libc_a-findfp.o) (__sread)
e:/thiot/setup/developer/toolchains/gnu_arm/12.2.rel1_2023.7/bin/../lib/gcc/arm-none-eabi/12.2.1/thumb/v8-m.main+fp/hard\libc_nano.a(libc_a-memset.o)
                              e:/thiot/setup/developer/toolchains/gnu_arm/12.2.rel1_2023.7/bin/../lib/gcc/arm-none-eabi/12.2.1/thumb/v8-m.main+fp/hard/crt0.o (memset)
e:/thiot/setup/developer/toolchains/gnu_arm/12.2.rel1_2023.7/bin/../lib/gcc/arm-none-eabi/12.2.1/thumb/v8-m.main+fp/hard\libc_nano.a(libc_a-closer.o)
                              e:/thiot/setup/developer/toolchains/gnu_arm/12.2.rel1_2023.7/bin/../lib/gcc/arm-none-eabi/12.2.1/thumb/v8-m.main+fp/hard\libc_nano.a(libc_a-stdio.o) (_close_r)
e:/thiot/setup/developer/toolchains/gnu_arm/12.2.rel1_2023.7/bin/../lib/gcc/arm-none-eabi/12.2.1/thumb/v8-m.main+fp/hard\libc_nano.a(libc_a-reent.o)
                              e:/thiot/setup/developer/toolchains/gnu_arm/12.2.rel1_2023.7/bin/../lib/gcc/arm-none-eabi/12.2.1/thumb/v8-m.main+fp/hard\libc_nano.a(libc_a-closer.o) (errno)
e:/thiot/setup/developer/toolchains/gnu_arm/12.2.rel1_2023.7/bin/../lib/gcc/arm-none-eabi/12.2.1/thumb/v8-m.main+fp/hard\libc_nano.a(libc_a-impure.o)
                              e:/thiot/setup/developer/toolchains/gnu_arm/12.2.rel1_2023.7/bin/../lib/gcc/arm-none-eabi/12.2.1/thumb/v8-m.main+fp/hard\libc_nano.a(libc_a-snprintf.o) (_impure_ptr)
e:/thiot/setup/developer/toolchains/gnu_arm/12.2.rel1_2023.7/bin/../lib/gcc/arm-none-eabi/12.2.1/thumb/v8-m.main+fp/hard\libc_nano.a(libc_a-lseekr.o)
                              e:/thiot/setup/developer/toolchains/gnu_arm/12.2.rel1_2023.7/bin/../lib/gcc/arm-none-eabi/12.2.1/thumb/v8-m.main+fp/hard\libc_nano.a(libc_a-stdio.o) (_lseek_r)
e:/thiot/setup/developer/toolchains/gnu_arm/12.2.rel1_2023.7/bin/../lib/gcc/arm-none-eabi/12.2.1/thumb/v8-m.main+fp/hard\libc_nano.a(libc_a-readr.o)
                              e:/thiot/setup/developer/toolchains/gnu_arm/12.2.rel1_2023.7/bin/../lib/gcc/arm-none-eabi/12.2.1/thumb/v8-m.main+fp/hard\libc_nano.a(libc_a-stdio.o) (_read_r)
e:/thiot/setup/developer/toolchains/gnu_arm/12.2.rel1_2023.7/bin/../lib/gcc/arm-none-eabi/12.2.1/thumb/v8-m.main+fp/hard\libc_nano.a(libc_a-writer.o)
[...]
Memory Configuration

Name             Origin             Length             Attributes
FLASH            0x00000000         0x000fe000         xr
RAM              0x20000000         0x00018000         xrw
*default*        0x00000000         0xffffffff

Linker script and memory map

LOAD e:/thiot/setup/developer/toolchains/gnu_arm/12.2.rel1_2023.7/bin/../lib/gcc/arm-none-eabi/12.2.1/thumb/v8-m.main+fp/hard/crti.o
LOAD e:/thiot/setup/developer/toolchains/gnu_arm/12.2.rel1_2023.7/bin/../lib/gcc/arm-none-eabi/12.2.1/thumb/v8-m.main+fp/hard/crtbegin.o
LOAD e:/thiot/setup/developer/toolchains/gnu_arm/12.2.rel1_2023.7/bin/../lib/gcc/arm-none-eabi/12.2.1/thumb/v8-m.main+fp/hard/crt0.o
START GROUP
LOAD ./app.o
LOAD ./app_lcd.o
LOAD ./bmp.o
LOAD ./dmd_memlcd.o
LOAD ./glib.o
LOAD ./glib_bitmap.o
LOAD ./glib_circle.o
LOAD ./glib_font_narrow_6x8.o
LOAD ./glib_font_normal_8x8.o
LOAD ./glib_font_number_16x20.o
LOAD ./glib_line.o
LOAD ./glib_polygon.o
LOAD ./glib_rectangle.o
LOAD ./glib_string.o
LOAD ./lcd.o
LOAD ./lcd_display.o
LOAD ./lcd_spi.o
LOAD ./main.o
LOAD ./autogen/sl_board_default_init.o
LOAD ./autogen/sl_event_handler.o
LOAD ./simplicity_sdk_2024.6.2/hardware/board/src/sl_board_control_gpio.o
LOAD ./simplicity_sdk_2024.6.2/hardware/board/src/sl_board_init.o
LOAD ./simplicity_sdk_2024.6.2/hardware/driver/configuration_over_swo/src/sl_cos.o
LOAD ./simplicity_sdk_2024.6.2/platform/Device/SiliconLabs/EFR32MG21/Source/startup_efr32mg21.o
LOAD ./simplicity_sdk_2024.6.2/platform/Device/SiliconLabs/EFR32MG21/Source/system_efr32mg21.o
LOAD ./simplicity_sdk_2024.6.2/platform/common/src/sl_assert.o
LOAD ./simplicity_sdk_2024.6.2/platform/common/src/sl_core_cortexm.o
LOAD ./simplicity_sdk_2024.6.2/platform/common/src/sl_syscalls.o
LOAD ./simplicity_sdk_2024.6.2/platform/driver/debug/src/sl_debug_swo.o
LOAD ./simplicity_sdk_2024.6.2/platform/emlib/src/em_burtc.o
LOAD ./simplicity_sdk_2024.6.2/platform/emlib/src/em_cmu.o
LOAD ./simplicity_sdk_2024.6.2/platform/emlib/src/em_core.o
LOAD ./simplicity_sdk_2024.6.2/platform/emlib/src/em_emu.o
LOAD ./simplicity_sdk_2024.6.2/platform/emlib/src/em_gpio.o
LOAD ./simplicity_sdk_2024.6.2/platform/emlib/src/em_msc.o
LOAD ./simplicity_sdk_2024.6.2/platform/emlib/src/em_rtcc.o
LOAD ./simplicity_sdk_2024.6.2/platform/emlib/src/em_system.o
LOAD ./simplicity_sdk_2024.6.2/platform/emlib/src/em_timer.o
LOAD ./simplicity_sdk_2024.6.2/platform/emlib/src/em_usart.o
LOAD ./simplicity_sdk_2024.6.2/platform/service/clock_manager/src/sl_clock_manager.o
LOAD ./simplicity_sdk_2024.6.2/platform/service/clock_manager/src/sl_clock_manager_hal_s2.o
LOAD ./simplicity_sdk_2024.6.2/platform/service/clock_manager/src/sl_clock_manager_init.o
LOAD ./simplicity_sdk_2024.6.2/platform/service/clock_manager/src/sl_clock_manager_init_hal_s2.o
LOAD ./simplicity_sdk_2024.6.2/platform/service/device_init/src/sl_device_init_emu_s2.o
LOAD ./simplicity_sdk_2024.6.2/platform/service/device_manager/devices/sl_device_peripheral_hal_efr32xg21.o
LOAD ./simplicity_sdk_2024.6.2/platform/service/device_manager/src/sl_device_clock.o
LOAD ./simplicity_sdk_2024.6.2/platform/service/device_manager/src/sl_device_peripheral.o
LOAD ./simplicity_sdk_2024.6.2/platform/service/interrupt_manager/src/sl_interrupt_manager_cortexm.o
LOAD ./simplicity_sdk_2024.6.2/platform/service/memory_manager/src/sl_memory_manager_region.o
LOAD ./simplicity_sdk_2024.6.2/platform/service/sleeptimer/src/sl_sleeptimer.o
LOAD ./simplicity_sdk_2024.6.2/platform/service/sleeptimer/src/sl_sleeptimer_hal_burtc.o
LOAD ./simplicity_sdk_2024.6.2/platform/service/sleeptimer/src/sl_sleeptimer_hal_prortc.o
LOAD ./simplicity_sdk_2024.6.2/platform/service/sleeptimer/src/sl_sleeptimer_hal_rtcc.o
LOAD ./simplicity_sdk_2024.6.2/platform/service/sleeptimer/src/sl_sleeptimer_hal_timer.o
LOAD ./simplicity_sdk_2024.6.2/platform/service/system/src/sl_system_init.o
LOAD ./simplicity_sdk_2024.6.2/platform/service/system/src/sl_system_process_action.o
LOAD ./simplicity_sdk_2024.6.2/platform/service/udelay/src/sl_udelay.o
LOAD ./simplicity_sdk_2024.6.2/platform/service/udelay/src/sl_udelay_armv6m_gcc.o
LOAD e:/thiot/setup/developer/toolchains/gnu_arm/12.2.rel1_2023.7/bin/../lib/gcc/arm-none-eabi/12.2.1/thumb/v8-m.main+fp/hard\libgcc.a
LOAD e:/thiot/setup/developer/toolchains/gnu_arm/12.2.rel1_2023.7/bin/../lib/gcc/arm-none-eabi/12.2.1/thumb/v8-m.main+fp/hard\libc_nano.a
LOAD e:/thiot/setup/developer/toolchains/gnu_arm/12.2.rel1_2023.7/bin/../lib/gcc/arm-none-eabi/12.2.1/thumb/v8-m.main+fp/hard\libm.a
LOAD e:/thiot/setup/developer/toolchains/gnu_arm/12.2.rel1_2023.7/bin/../lib/gcc/arm-none-eabi/12.2.1/thumb/v8-m.main+fp/hard\libnosys.a
END GROUP
START GROUP
LOAD e:/thiot/setup/developer/toolchains/gnu_arm/12.2.rel1_2023.7/bin/../lib/gcc/arm-none-eabi/12.2.1/thumb/v8-m.main+fp/hard\libgcc.a
LOAD e:/thiot/setup/developer/toolchains/gnu_arm/12.2.rel1_2023.7/bin/../lib/gcc/arm-none-eabi/12.2.1/thumb/v8-m.main+fp/hard\libc_nano.a
LOAD e:/thiot/setup/developer/toolchains/gnu_arm/12.2.rel1_2023.7/bin/../lib/gcc/arm-none-eabi/12.2.1/thumb/v8-m.main+fp/hard\libnosys.a
END GROUP
START GROUP
LOAD e:/thiot/setup/developer/toolchains/gnu_arm/12.2.rel1_2023.7/bin/../lib/gcc/arm-none-eabi/12.2.1/thumb/v8-m.main+fp/hard\libgcc.a
LOAD e:/thiot/setup/developer/toolchains/gnu_arm/12.2.rel1_2023.7/bin/../lib/gcc/arm-none-eabi/12.2.1/thumb/v8-m.main+fp/hard\libg_nano.a
LOAD e:/thiot/setup/developer/toolchains/gnu_arm/12.2.rel1_2023.7/bin/../lib/gcc/arm-none-eabi/12.2.1/thumb/v8-m.main+fp/hard\libc_nano.a
END GROUP
START GROUP
LOAD e:/thiot/setup/developer/toolchains/gnu_arm/12.2.rel1_2023.7/bin/../lib/gcc/arm-none-eabi/12.2.1/thumb/v8-m.main+fp/hard\libgcc.a
LOAD e:/thiot/setup/developer/toolchains/gnu_arm/12.2.rel1_2023.7/bin/../lib/gcc/arm-none-eabi/12.2.1/thumb/v8-m.main+fp/hard\libc_nano.a
END GROUP
LOAD e:/thiot/setup/developer/toolchains/gnu_arm/12.2.rel1_2023.7/bin/../lib/gcc/arm-none-eabi/12.2.1/thumb/v8-m.main+fp/hard/crtend.o
LOAD e:/thiot/setup/developer/toolchains/gnu_arm/12.2.rel1_2023.7/bin/../lib/gcc/arm-none-eabi/12.2.1/thumb/v8-m.main+fp/hard/crtn.o

.vectors        0x00000000      0x134
                0x00000000                linker_vectors_begin = .
 *(.vectors)
 .vectors       0x00000000      0x134 ./simplicity_sdk_2024.6.2/platform/Device/SiliconLabs/EFR32MG21/Source/startup_efr32mg21.o
                0x00000000                __Vectors
                0x00000134                linker_vectors_end = .
                0x00000134                __Vectors_End = .
                0x00000134                __Vectors_Size = (__Vectors_End - __Vectors)
                0x00000134                __lma_ramfuncs_start__ = .

.stack          0x20000000     0x1000
                0x20000000                . = ALIGN (0x8)
                0x20000000                __StackLimit = .
 *(.stack*)
 .stack         0x20000000     0x1000 ./simplicity_sdk_2024.6.2/platform/service/memory_manager/src/sl_memory_manager_region.o
                0x20001000                . = ALIGN (0x4)
                0x20001000                __StackTop = .
                0x20001000                PROVIDE (__stack = __StackTop)

.noinit
 *(.noinit*)

.bss            0x20001000      0xa2c
                0x20001000                . = ALIGN (0x4)
                0x20001000                __bss_start__ = .
 *(SORT_BY_ALIGNMENT(.bss*))
 .bss.object.0  0x20001000       0x18 e:/thiot/setup/developer/toolchains/gnu_arm/12.2.rel1_2023.7/bin/../lib/gcc/arm-none-eabi/12.2.1/thumb/v8-m.main+fp/hard/crtbegin.o
 .bss.timer_handle
                0x20001018       0x20 ./app_lcd.o
 .bss.seconds   0x20001038        0x4 ./app_lcd.o
 .bss.minutes   0x2000103c        0x4 ./app_lcd.o
 .bss.hours     0x20001040        0x4 ./app_lcd.o
 .bss.currentLine
                0x20001044        0x4 ./app_lcd.o
 .bss.glibContext
                0x20001048       0x2c ./app_lcd.o
 .bss.dirtyRows
                0x20001074       0x10 ./dmd_memlcd.o
 .bss.memlcd    0x20001084        0x4 ./dmd_memlcd.o
 .bss.memlcd_instance
                0x20001088       0x14 ./lcd.o
 .bss.extcomin_timer
                0x2000109c       0x20 ./lcd.o
 .bss.max_millisecond_conversion
                0x200010bc        0x4 ./simplicity_sdk_2024.6.2/platform/service/sleeptimer/src/sl_sleeptimer.o
 .bss.last_delta_update_count
                0x200010c0        0x4 ./simplicity_sdk_2024.6.2/platform/service/sleeptimer/src/sl_sleeptimer.o
 .bss.timer_head
                0x200010c4        0x4 ./simplicity_sdk_2024.6.2/platform/service/sleeptimer/src/sl_sleeptimer.o
 .bss.timer_frequency
                0x200010c8        0x4 ./simplicity_sdk_2024.6.2/platform/service/sleeptimer/src/sl_sleeptimer.o
 .bss.__sf      0x200010cc      0x138 e:/thiot/setup/developer/toolchains/gnu_arm/12.2.rel1_2023.7/bin/../lib/gcc/arm-none-eabi/12.2.1/thumb/v8-m.main+fp/hard\libc_nano.a(libc_a-findfp.o)
                0x200010cc                __sf
 .bss.__stdio_exit_handler
                0x20001204        0x4 e:/thiot/setup/developer/toolchains/gnu_arm/12.2.rel1_2023.7/bin/../lib/gcc/arm-none-eabi/12.2.1/thumb/v8-m.main+fp/hard\libc_nano.a(libc_a-findfp.o)
                0x20001204                __stdio_exit_handler
 .bss.errno     0x20001208        0x4 e:/thiot/setup/developer/toolchains/gnu_arm/12.2.rel1_2023.7/bin/../lib/gcc/arm-none-eabi/12.2.1/thumb/v8-m.main+fp/hard\libc_nano.a(libc_a-reent.o)
                0x20001208                errno
 .bss.__malloc_sbrk_start
                0x2000120c        0x4 e:/thiot/setup/developer/toolchains/gnu_arm/12.2.rel1_2023.7/bin/../lib/gcc/arm-none-eabi/12.2.1/thumb/v8-m.main+fp/hard\libc_nano.a(libc_a-mallocr.o)
                0x2000120c                __malloc_sbrk_start
 .bss.__malloc_free_list
                0x20001210        0x4 e:/thiot/setup/developer/toolchains/gnu_arm/12.2.rel1_2023.7/bin/../lib/gcc/arm-none-eabi/12.2.1/thumb/v8-m.main+fp/hard\libc_nano.a(libc_a-mallocr.o)
                0x20001210                __malloc_free_list
 .bss.dimensions
                0x20001214        0xc ./dmd_memlcd.o
 .bss.overflow_counter
                0x20001220        0x2 ./simplicity_sdk_2024.6.2/platform/service/sleeptimer/src/sl_sleeptimer.o
 .bss.completed.1
                0x20001222        0x1 e:/thiot/setup/developer/toolchains/gnu_arm/12.2.rel1_2023.7/bin/../lib/gcc/arm-none-eabi/12.2.1/thumb/v8-m.main+fp/hard/crtbegin.o
 .bss.framebuffer
                0x20001223      0x800 ./dmd_memlcd.o
 .bss.initialized
                0x20001a23        0x1 ./lcd.o
 .bss.ctuneDelta
                0x20001a24        0x1 ./simplicity_sdk_2024.6.2/platform/emlib/src/em_cmu.o
 .bss.sleep_on_isr_exit
                0x20001a25        0x1 ./simplicity_sdk_2024.6.2/platform/service/sleeptimer/src/sl_sleeptimer.o
 .bss.next_timer_to_expire_is_power_manager
                0x20001a26        0x1 ./simplicity_sdk_2024.6.2/platform/service/sleeptimer/src/sl_sleeptimer.o
 .bss.is_sleeptimer_initialized
                0x20001a27        0x1 ./simplicity_sdk_2024.6.2/platform/service/sleeptimer/src/sl_sleeptimer.o
 .bss.__lock___malloc_recursive_mutex
                0x20001a28        0x1 e:/thiot/setup/developer/toolchains/gnu_arm/12.2.rel1_2023.7/bin/../lib/gcc/arm-none-eabi/12.2.1/thumb/v8-m.main+fp/hard\libc_nano.a(libc_a-lock.o)
                0x20001a28                __lock___malloc_recursive_mutex
 *(COMMON)
                0x20001a2c                . = ALIGN (0x4)
 *fill*         0x20001a29        0x3 
                0x20001a2c                __bss_end__ = .

text_application_ram
                0x20001a2c        0x0 load address 0x00000134
                0x20001a2c                . = ALIGN (0x4)
                0x20001a2c                __vma_ramfuncs_start__ = .
                0x20001a2c                __text_application_ram_start__ = .
 *(text_application_ram)
                0x20001a2c                . = ALIGN (0x4)
                0x20001a2c                __vma_ramfuncs_end__ = .
                0x20001a2c                __text_application_ram_end__ = .

.rodata         0x00000134        0x0
                0x00000134                __lma_ramfuncs_end__ = .
                0x00000134                __rodata_start__ = .
                0x00000134                __rodata_end__ = .

.text           0x00000140     0x4200
                0x00000140                linker_code_begin = .
 *(SORT_BY_ALIGNMENT(.text*))
 .text          0x00000140        0x8 ./simplicity_sdk_2024.6.2/platform/service/udelay/src/sl_udelay_armv6m_gcc.o
                0x00000140                sli_delay_loop
 .text.deregister_tm_clones
                0x00000148       0x1c e:/thiot/setup/developer/toolchains/gnu_arm/12.2.rel1_2023.7/bin/../lib/gcc/arm-none-eabi/12.2.1/thumb/v8-m.main+fp/hard/crtbegin.o
 .text.register_tm_clones
                0x00000164       0x28 e:/thiot/setup/developer/toolchains/gnu_arm/12.2.rel1_2023.7/bin/../lib/gcc/arm-none-eabi/12.2.1/thumb/v8-m.main+fp/hard/crtbegin.o
 .text.__do_global_dtors_aux
                0x0000018c       0x28 e:/thiot/setup/developer/toolchains/gnu_arm/12.2.rel1_2023.7/bin/../lib/gcc/arm-none-eabi/12.2.1/thumb/v8-m.main+fp/hard/crtbegin.o
 .text.frame_dummy
                0x000001b4       0x24 e:/thiot/setup/developer/toolchains/gnu_arm/12.2.rel1_2023.7/bin/../lib/gcc/arm-none-eabi/12.2.1/thumb/v8-m.main+fp/hard/crtbegin.o
 .text          0x000001d8       0x7c e:/thiot/setup/developer/toolchains/gnu_arm/12.2.rel1_2023.7/bin/../lib/gcc/arm-none-eabi/12.2.1/thumb/v8-m.main+fp/hard/crt0.o
                0x000001d8                _stack_init
                0x000001e0                _start
                0x000001e0                _mainCRTStartup
 .text.timer_callback
                0x00000254       0x40 ./app_lcd.o
                0x00000254                timer_callback
 .text.memlcd_app_init
                0x00000294       0xa0 ./app_lcd.o
                0x00000294                memlcd_app_init
 .text.memlcd_app_process_action
                0x00000334       0x58 ./app_lcd.o
                0x00000334                memlcd_app_process_action
 .text.setLineDirty
                0x0000038c       0x1c ./dmd_memlcd.o
 .text.DMD_getDisplayGeometry
                0x000003a8       0x1c ./dmd_memlcd.o
                0x000003a8                DMD_getDisplayGeometry
 .text.DMD_setClippingArea
                0x000003c4       0x40 ./dmd_memlcd.o
                0x000003c4                DMD_setClippingArea
 .text.DMD_writeColor
                0x00000404      0x138 ./dmd_memlcd.o
                0x00000404                DMD_writeColor
 .text.DMD_init
                0x0000053c       0x50 ./dmd_memlcd.o
                0x0000053c                DMD_init
 .text.DMD_updateDisplay
                0x0000058c       0x80 ./dmd_memlcd.o
                0x0000058c                DMD_updateDisplay
 .text.GLIB_contextInit
                0x0000060c       0x54 ./glib.o
                0x0000060c                GLIB_contextInit
 .text.lcd_power_on.part.0
                0x00000660       0x2c ./lcd.o
 .text.extcomin_toggle
                0x0000068c        0xc ./lcd.o
 .text.GPIO_PinOutSet.constprop.0
                0x00000698        0xc ./lcd.o
 .text.GPIO_PinOutClear.constprop.0
                0x000006a4        0xc ./lcd.o
 .text.lcd_clear
                0x000006b0       0x3c ./lcd.o
                0x000006b0                lcd_clear
 .text.lcd_configure
                0x000006ec       0x60 ./lcd.o
                0x000006ec                lcd_configure
 .text.lcd_tx   0x0000074c       0x70 ./lcd.o
                0x0000074c                lcd_tx
 .text.lcd_get  0x000007bc       0x18 ./lcd.o
                0x000007bc                lcd_get
 .text.sl_memlcd_init
                0x000007d4       0x20 ./lcd_display.o
                0x000007d4                sl_memlcd_init
 .text.sli_memlcd_spi_init
                0x000007f4       0xd0 ./lcd_spi.o
                0x000007f4                sli_memlcd_spi_init
 .text.sl_platform_init
                0x000008c4       0xa8 ./autogen/sl_event_handler.o
                0x000008c4                sl_platform_init
 .text.sl_board_init
                0x0000096c       0x14 ./simplicity_sdk_2024.6.2/hardware/board/src/sl_board_init.o
                0x0000096c                sl_board_init
 .text.sl_board_preinit
                0x00000980        0xc ./simplicity_sdk_2024.6.2/hardware/board/src/sl_board_init.o
                0x00000980                sl_board_preinit
 .text.CopyToRam
                0x0000098c       0x1c ./simplicity_sdk_2024.6.2/platform/Device/SiliconLabs/EFR32MG21/Source/startup_efr32mg21.o
                0x0000098c                CopyToRam
 .text.Reset_Handler
                0x000009a8       0x64 ./simplicity_sdk_2024.6.2/platform/Device/SiliconLabs/EFR32MG21/Source/startup_efr32mg21.o
                0x000009a8                Reset_Handler
 .text.SystemInit
                0x00000a0c       0x58 ./simplicity_sdk_2024.6.2/platform/Device/SiliconLabs/EFR32MG21/Source/system_efr32mg21.o
                0x00000a0c                SystemInit
 .text.SystemHFRCODPLLClockGet
                0x00000a64        0xc ./simplicity_sdk_2024.6.2/platform/Device/SiliconLabs/EFR32MG21/Source/system_efr32mg21.o
                0x00000a64                SystemHFRCODPLLClockGet
 .text.SystemHFRCODPLLClockSet
                0x00000a70        0xc ./simplicity_sdk_2024.6.2/platform/Device/SiliconLabs/EFR32MG21/Source/system_efr32mg21.o
                0x00000a70                SystemHFRCODPLLClockSet
 .text.SystemSYSCLKGet
                0x00000a7c       0x34 ./simplicity_sdk_2024.6.2/platform/Device/SiliconLabs/EFR32MG21/Source/system_efr32mg21.o
                0x00000a7c                SystemSYSCLKGet
 .text.SystemHCLKGet
                0x00000ab0       0x24 ./simplicity_sdk_2024.6.2/platform/Device/SiliconLabs/EFR32MG21/Source/system_efr32mg21.o
                0x00000ab0                SystemHCLKGet
 .text.SystemMaxCoreClockGet
                0x00000ad4        0x8 ./simplicity_sdk_2024.6.2/platform/Device/SiliconLabs/EFR32MG21/Source/system_efr32mg21.o
                0x00000ad4                SystemMaxCoreClockGet
 .text.SystemHFXOClockGet
                0x00000adc        0xc ./simplicity_sdk_2024.6.2/platform/Device/SiliconLabs/EFR32MG21/Source/system_efr32mg21.o
                0x00000adc                SystemHFXOClockGet
 .text.SystemHFXOClockSet
                0x00000ae8       0x20 ./simplicity_sdk_2024.6.2/platform/Device/SiliconLabs/EFR32MG21/Source/system_efr32mg21.o
                0x00000ae8                SystemHFXOClockSet
 .text.SystemFSRCOClockGet
                0x00000b08        0x8 ./simplicity_sdk_2024.6.2/platform/Device/SiliconLabs/EFR32MG21/Source/system_efr32mg21.o
                0x00000b08                SystemFSRCOClockGet
 .text.SystemHFRCOEM23ClockGet
                0x00000b10       0x88 ./simplicity_sdk_2024.6.2/platform/Device/SiliconLabs/EFR32MG21/Source/system_efr32mg21.o
                0x00000b10                SystemHFRCOEM23ClockGet
 .text.SystemLFXOClockGet
                0x00000b98        0xc ./simplicity_sdk_2024.6.2/platform/Device/SiliconLabs/EFR32MG21/Source/system_efr32mg21.o
                0x00000b98                SystemLFXOClockGet
 .text.sl_debug_swo_init
                0x00000ba4       0xcc ./simplicity_sdk_2024.6.2/platform/driver/debug/src/sl_debug_swo.o
                0x00000ba4                sl_debug_swo_init
 .text.flashWaitStateControl
                0x00000c70       0x60 ./simplicity_sdk_2024.6.2/platform/emlib/src/em_cmu.o
 .text.HFRCODPLLDevinfoGet
                0x00000cd0      0x108 ./simplicity_sdk_2024.6.2/platform/emlib/src/em_cmu.o
 .text.traceClkGet
                0x00000dd8       0x48 ./simplicity_sdk_2024.6.2/platform/emlib/src/em_cmu.o
 .text.em01GrpaClkGet
                0x00000e20       0x64 ./simplicity_sdk_2024.6.2/platform/emlib/src/em_cmu.o
 .text.iadcClkGet
                0x00000e84       0x60 ./simplicity_sdk_2024.6.2/platform/emlib/src/em_cmu.o
 .text.em23GrpaClkGet
                0x00000ee4       0x48 ./simplicity_sdk_2024.6.2/platform/emlib/src/em_cmu.o
 .text.em4GrpaClkGet
                0x00000f2c       0x48 ./simplicity_sdk_2024.6.2/platform/emlib/src/em_cmu.o
 .text.wdog0ClkGet
                0x00000f74       0x64 ./simplicity_sdk_2024.6.2/platform/emlib/src/em_cmu.o
 .text.wdog1ClkGet
                0x00000fd8       0x64 ./simplicity_sdk_2024.6.2/platform/emlib/src/em_cmu.o
 .text.rtccClkGet
                0x0000103c       0x54 ./simplicity_sdk_2024.6.2/platform/emlib/src/em_cmu.o
 .text.dpllRefClkGet
                0x00001090       0x48 ./simplicity_sdk_2024.6.2/platform/emlib/src/em_cmu.o
 .text.CMU_ClockDivGet
                0x000010d8       0x50 ./simplicity_sdk_2024.6.2/platform/emlib/src/em_cmu.o
                0x000010d8                CMU_ClockDivGet
 .text.CMU_ClockFreqGet
                0x00001128      0x104 ./simplicity_sdk_2024.6.2/platform/emlib/src/em_cmu.o
                0x00001128                CMU_ClockFreqGet
 .text.pclkDivOptimize
                0x0000122c       0x20 ./simplicity_sdk_2024.6.2/platform/emlib/src/em_cmu.o
 .text.CMU_ClockDivSet
                0x0000124c       0xac ./simplicity_sdk_2024.6.2/platform/emlib/src/em_cmu.o
                0x0000124c                CMU_ClockDivSet
 .text.CMU_ClockSelectGet
                0x000012f8       0xf8 ./simplicity_sdk_2024.6.2/platform/emlib/src/em_cmu.o
                0x000012f8                CMU_ClockSelectGet
 .text.sli_em_cmu_SYSTICEXTCLKENClear
                0x000013f0       0x10 ./simplicity_sdk_2024.6.2/platform/emlib/src/em_cmu.o
                0x000013f0                sli_em_cmu_SYSTICEXTCLKENClear
 .text.CMU_HFRCODPLLBandSet
                0x00001400       0xd0 ./simplicity_sdk_2024.6.2/platform/emlib/src/em_cmu.o
                0x00001400                CMU_HFRCODPLLBandSet
 .text.CMU_HFXOInit
                0x000014d0      0x1cc ./simplicity_sdk_2024.6.2/platform/emlib/src/em_cmu.o
                0x000014d0                CMU_HFXOInit
 .text.CMU_HFXOCTuneDeltaGet
                0x0000169c        0xc ./simplicity_sdk_2024.6.2/platform/emlib/src/em_cmu.o
                0x0000169c                CMU_HFXOCTuneDeltaGet
 .text.CMU_LFXOInit
                0x000016a8       0xb8 ./simplicity_sdk_2024.6.2/platform/emlib/src/em_cmu.o
                0x000016a8                CMU_LFXOInit
 .text.CMU_LFXOPrecisionSet
                0x00001760        0xc ./simplicity_sdk_2024.6.2/platform/emlib/src/em_cmu.o
                0x00001760                CMU_LFXOPrecisionSet
 .text.CMU_HFXOPrecisionSet
                0x0000176c        0xc ./simplicity_sdk_2024.6.2/platform/emlib/src/em_cmu.o
                0x0000176c                CMU_HFXOPrecisionSet
 .text.CMU_HFRCOEM23BandSet
                0x00001778      0x144 ./simplicity_sdk_2024.6.2/platform/emlib/src/em_cmu.o
                0x00001778                CMU_HFRCOEM23BandSet
 .text.EMU_EM4Init
                0x000018bc       0x14 ./simplicity_sdk_2024.6.2/platform/emlib/src/em_emu.o
                0x000018bc                EMU_EM4Init
 .text.GPIO_PinOutSet
                0x000018d0       0x40 ./simplicity_sdk_2024.6.2/platform/emlib/src/em_gpio.o
 .text.GPIO_PinOutClear
                0x00001910       0x40 ./simplicity_sdk_2024.6.2/platform/emlib/src/em_gpio.o
 .text.GPIO_PinModeSet
                0x00001950       0x90 ./simplicity_sdk_2024.6.2/platform/emlib/src/em_gpio.o
                0x00001950                GPIO_PinModeSet
 .text.RTCC_ChannelInit
                0x000019e0       0x48 ./simplicity_sdk_2024.6.2/platform/emlib/src/em_rtcc.o
                0x000019e0                RTCC_ChannelInit
 .text.RTCC_Enable
                0x00001a28       0x54 ./simplicity_sdk_2024.6.2/platform/emlib/src/em_rtcc.o
                0x00001a28                RTCC_Enable
 .text.RTCC_Init
                0x00001a7c       0x48 ./simplicity_sdk_2024.6.2/platform/emlib/src/em_rtcc.o
                0x00001a7c                RTCC_Init
 .text.SYSTEM_ChipRevisionGet
                0x00001ac4       0x1c ./simplicity_sdk_2024.6.2/platform/emlib/src/em_system.o
                0x00001ac4                SYSTEM_ChipRevisionGet
 .text.prsRxInput
                0x00001ae0       0x44 ./simplicity_sdk_2024.6.2/platform/emlib/src/em_usart.o
 .text.USART_BaudrateSyncSet
                0x00001b24       0x48 ./simplicity_sdk_2024.6.2/platform/emlib/src/em_usart.o
                0x00001b24                USART_BaudrateSyncSet
 .text.USART_Reset
                0x00001b6c       0x80 ./simplicity_sdk_2024.6.2/platform/emlib/src/em_usart.o
                0x00001b6c                USART_Reset
 .text.USART_InitSync
                0x00001bec       0xb0 ./simplicity_sdk_2024.6.2/platform/emlib/src/em_usart.o
                0x00001bec                USART_InitSync
 .text.sli_clock_manager_hal_init
                0x00001c9c      0x1a4 ./simplicity_sdk_2024.6.2/platform/service/clock_manager/src/sl_clock_manager_init_hal_s2.o
                0x00001c9c                sli_clock_manager_hal_init
 .text.sl_device_init_emu
                0x00001e40       0x24 ./simplicity_sdk_2024.6.2/platform/service/device_init/src/sl_device_init_emu_s2.o
                0x00001e40                sl_device_init_emu
 .text.sl_interrupt_manager_enable_irq
                0x00001e64       0x34 ./simplicity_sdk_2024.6.2/platform/service/interrupt_manager/src/sl_interrupt_manager_cortexm.o
                0x00001e64                sl_interrupt_manager_enable_irq
 .text.sl_interrupt_manager_clear_irq_pending
                0x00001e98       0x1c ./simplicity_sdk_2024.6.2/platform/service/interrupt_manager/src/sl_interrupt_manager_cortexm.o
                0x00001e98                sl_interrupt_manager_clear_irq_pending
 .text.sl_interrupt_manager_set_irq_priority
                0x00001eb4       0x50 ./simplicity_sdk_2024.6.2/platform/service/interrupt_manager/src/sl_interrupt_manager_cortexm.o
                0x00001eb4                sl_interrupt_manager_set_irq_priority
 .text._sbrk    0x00001f04       0x20 ./simplicity_sdk_2024.6.2/platform/service/memory_manager/src/sl_memory_manager_region.o
                0x00001f04                _sbrk
 .text.delta_list_insert_timer
                0x00001f24       0x40 ./simplicity_sdk_2024.6.2/platform/service/sleeptimer/src/sl_sleeptimer.o
 .text.update_delta_list
                0x00001f64       0x34 ./simplicity_sdk_2024.6.2/platform/service/sleeptimer/src/sl_sleeptimer.o
 .text.set_comparator_for_next_timer
                0x00001f98       0x5c ./simplicity_sdk_2024.6.2/platform/service/sleeptimer/src/sl_sleeptimer.o
 .text.create_timer
                0x00001ff4       0x88 ./simplicity_sdk_2024.6.2/platform/service/sleeptimer/src/sl_sleeptimer.o
 .text.delta_list_remove_timer
                0x0000207c       0x38 ./simplicity_sdk_2024.6.2/platform/service/sleeptimer/src/sl_sleeptimer.o
 .text.sl_sleeptimer_init
                0x000020b4       0x74 ./simplicity_sdk_2024.6.2/platform/service/sleeptimer/src/sl_sleeptimer.o
                0x000020b4                sl_sleeptimer_init
 .text.sl_sleeptimer_stop_timer
                0x00002128       0x60 ./simplicity_sdk_2024.6.2/platform/service/sleeptimer/src/sl_sleeptimer.o
                0x00002128                sl_sleeptimer_stop_timer
 .text.sl_sleeptimer_is_timer_running
                0x00002188       0x3c ./simplicity_sdk_2024.6.2/platform/service/sleeptimer/src/sl_sleeptimer.o
                0x00002188                sl_sleeptimer_is_timer_running
 .text.sl_sleeptimer_get_timer_frequency
                0x000021c4        0xc ./simplicity_sdk_2024.6.2/platform/service/sleeptimer/src/sl_sleeptimer.o
                0x000021c4                sl_sleeptimer_get_timer_frequency
 .text.sl_sleeptimer_ms32_to_tick
                0x000021d0       0x3c ./simplicity_sdk_2024.6.2/platform/service/sleeptimer/src/sl_sleeptimer.o
                0x000021d0                sl_sleeptimer_ms32_to_tick
 .text.sl_sleeptimer_start_periodic_timer_ms
                0x0000220c       0x78 ./simplicity_sdk_2024.6.2/platform/service/sleeptimer/src/sl_sleeptimer.o
                0x0000220c                sl_sleeptimer_start_periodic_timer_ms
 .text.process_timer_irq
                0x00002284      0x150 ./simplicity_sdk_2024.6.2/platform/service/sleeptimer/src/sl_sleeptimer.o
                0x00002284                process_timer_irq
 .text.sleeptimer_hal_init_timer
                0x000023d4       0x80 ./simplicity_sdk_2024.6.2/platform/service/sleeptimer/src/sl_sleeptimer_hal_rtcc.o
                0x000023d4                sleeptimer_hal_init_timer
 .text.sleeptimer_hal_set_compare
                0x00002454       0x64 ./simplicity_sdk_2024.6.2/platform/service/sleeptimer/src/sl_sleeptimer_hal_rtcc.o
                0x00002454                sleeptimer_hal_set_compare
 .text.sleeptimer_hal_disable_int
                0x000024b8       0x30 ./simplicity_sdk_2024.6.2/platform/service/sleeptimer/src/sl_sleeptimer_hal_rtcc.o
                0x000024b8                sleeptimer_hal_disable_int
 .text.sleeptimer_hal_set_int
                0x000024e8       0x10 ./simplicity_sdk_2024.6.2/platform/service/sleeptimer/src/sl_sleeptimer_hal_rtcc.o
                0x000024e8                sleeptimer_hal_set_int
 .text.RTCC_IRQHandler
                0x000024f8       0x34 ./simplicity_sdk_2024.6.2/platform/service/sleeptimer/src/sl_sleeptimer_hal_rtcc.o
                0x000024f8                RTCC_IRQHandler
 .text.sleeptimer_hal_get_timer_frequency
                0x0000252c       0x20 ./simplicity_sdk_2024.6.2/platform/service/sleeptimer/src/sl_sleeptimer_hal_rtcc.o
                0x0000252c                sleeptimer_hal_get_timer_frequency
 .text.sl_udelay_wait
                0x0000254c       0x58 ./simplicity_sdk_2024.6.2/platform/service/udelay/src/sl_udelay.o
                0x0000254c                sl_udelay_wait
 .text          0x000025a4       0x30 e:/thiot/setup/developer/toolchains/gnu_arm/12.2.rel1_2023.7/bin/../lib/gcc/arm-none-eabi/12.2.1/thumb/v8-m.main+fp/hard\libgcc.a(_aeabi_uldivmod.o)
                0x000025a4                __aeabi_uldivmod
 .text.__udivmoddi4
                0x000025d4      0x2ec e:/thiot/setup/developer/toolchains/gnu_arm/12.2.rel1_2023.7/bin/../lib/gcc/arm-none-eabi/12.2.1/thumb/v8-m.main+fp/hard\libgcc.a(_udivmoddi4.o)
                0x000025d4                __udivmoddi4
 .text          0x000028c0        0x4 e:/thiot/setup/developer/toolchains/gnu_arm/12.2.rel1_2023.7/bin/../lib/gcc/arm-none-eabi/12.2.1/thumb/v8-m.main+fp/hard\libgcc.a(_dvmd_tls.o)
                0x000028c0                __aeabi_idiv0
                0x000028c0                __aeabi_ldiv0
 .text.exit     0x000028c4       0x24 e:/thiot/setup/developer/toolchains/gnu_arm/12.2.rel1_2023.7/bin/../lib/gcc/arm-none-eabi/12.2.1/thumb/v8-m.main+fp/hard\libc_nano.a(libc_a-exit.o)
                0x000028c4                exit
 .text.snprintf
                0x000028e8       0x68 e:/thiot/setup/developer/toolchains/gnu_arm/12.2.rel1_2023.7/bin/../lib/gcc/arm-none-eabi/12.2.1/thumb/v8-m.main+fp/hard\libc_nano.a(libc_a-snprintf.o)
                0x000028e8                sniprintf
                0x000028e8                snprintf
 .text.__libc_init_array
                0x00002950       0x48 e:/thiot/setup/developer/toolchains/gnu_arm/12.2.rel1_2023.7/bin/../lib/gcc/arm-none-eabi/12.2.1/thumb/v8-m.main+fp/hard\libc_nano.a(libc_a-init.o)
                0x00002950                __libc_init_array
 .text._free_r  0x00002998       0x94 e:/thiot/setup/developer/toolchains/gnu_arm/12.2.rel1_2023.7/bin/../lib/gcc/arm-none-eabi/12.2.1/thumb/v8-m.main+fp/hard\libc_nano.a(libc_a-freer.o)
                0x00002998                _free_r
 .text.sbrk_aligned
                0x00002a2c       0x44 e:/thiot/setup/developer/toolchains/gnu_arm/12.2.rel1_2023.7/bin/../lib/gcc/arm-none-eabi/12.2.1/thumb/v8-m.main+fp/hard\libc_nano.a(libc_a-mallocr.o)
 .text._malloc_r
                0x00002a70       0xf0 e:/thiot/setup/developer/toolchains/gnu_arm/12.2.rel1_2023.7/bin/../lib/gcc/arm-none-eabi/12.2.1/thumb/v8-m.main+fp/hard\libc_nano.a(libc_a-mallocr.o)
                0x00002a70                _malloc_r
 .text.__malloc_lock
                0x00002b60        0xc e:/thiot/setup/developer/toolchains/gnu_arm/12.2.rel1_2023.7/bin/../lib/gcc/arm-none-eabi/12.2.1/thumb/v8-m.main+fp/hard\libc_nano.a(libc_a-mlock.o)
                0x00002b60                __malloc_lock
 .text.__malloc_unlock
                0x00002b6c        0xc e:/thiot/setup/developer/toolchains/gnu_arm/12.2.rel1_2023.7/bin/../lib/gcc/arm-none-eabi/12.2.1/thumb/v8-m.main+fp/hard\libc_nano.a(libc_a-mlock.o)
                0x00002b6c                __malloc_unlock
 .text._svfprintf_r
                0x00002b78      0x1f8 e:/thiot/setup/developer/toolchains/gnu_arm/12.2.rel1_2023.7/bin/../lib/gcc/arm-none-eabi/12.2.1/thumb/v8-m.main+fp/hard\libc_nano.a(libc_a-nano-svfprintf.o)
                0x00002b78                _svfiprintf_r
                0x00002b78                _svfprintf_r
 .text._printf_i
                0x00002d70      0x258 e:/thiot/setup/developer/toolchains/gnu_arm/12.2.rel1_2023.7/bin/../lib/gcc/arm-none-eabi/12.2.1/thumb/v8-m.main+fp/hard\libc_nano.a(libc_a-nano-vfprintf_i.o)
                0x00002d70                _printf_i
 .text._sbrk_r  0x00002fc8       0x20 e:/thiot/setup/developer/toolchains/gnu_arm/12.2.rel1_2023.7/bin/../lib/gcc/arm-none-eabi/12.2.1/thumb/v8-m.main+fp/hard\libc_nano.a(libc_a-sbrkr.o)
                0x00002fc8                _sbrk_r
 .text.app_init
                0x00002fe8        0x2 ./app.o
                0x00002fe8                app_init
 .text.app_process_action
                0x00002fea        0x2 ./app.o
                0x00002fea                app_process_action
 .text.GLIB_resetDisplayClippingArea
                0x00002fec       0x14 ./glib.o
                0x00002fec                GLIB_resetDisplayClippingArea
 .text.GLIB_clear
                0x00003000       0x36 ./glib.o
                0x00003000                GLIB_clear
 .text.GLIB_applyClippingRegion
                0x00003036       0x20 ./glib.o
                0x00003036                GLIB_applyClippingRegion
 .text.GLIB_setClippingRegion
                0x00003056       0x46 ./glib.o
                0x00003056                GLIB_setClippingRegion
 .text.GLIB_drawPixel
                0x0000309c       0x38 ./glib.o
                0x0000309c                GLIB_drawPixel
 .text.GLIB_drawPixelColor
                0x000030d4       0x36 ./glib.o
                0x000030d4                GLIB_drawPixelColor
 .text.GLIB_rectContainsPoint
                0x0000310a       0x24 ./glib_rectangle.o
                0x0000310a                GLIB_rectContainsPoint
 .text.GLIB_drawChar
                0x0000312e      0x122 ./glib_string.o
                0x0000312e                GLIB_drawChar
 .text.GLIB_drawString
                0x00003250       0x78 ./glib_string.o
                0x00003250                GLIB_drawString
 .text.GLIB_setFont
                0x000032c8       0x1a ./glib_string.o
                0x000032c8                GLIB_setFont
 .text.GLIB_drawStringOnLine
                0x000032e2       0x5e ./glib_string.o
                0x000032e2                GLIB_drawStringOnLine
 .text.sli_memlcd_spi_tx
                0x00003340       0x22 ./lcd_spi.o
                0x00003340                sli_memlcd_spi_tx
 .text.sli_memlcd_spi_wait
                0x00003362        0xa ./lcd_spi.o
                0x00003362                sli_memlcd_spi_wait
 .text.startup.main
                0x0000336c       0x1c ./main.o
                0x0000336c                main
 .text.sl_board_default_init
                0x00003388        0x4 ./autogen/sl_board_default_init.o
                0x00003388                sl_board_default_init
 .text.sl_driver_init
                0x0000338c        0xe ./autogen/sl_event_handler.o
                0x0000338c                sl_driver_init
 .text.sl_service_init
                0x0000339a        0xe ./autogen/sl_event_handler.o
                0x0000339a                sl_service_init
 .text.sl_stack_init
                0x000033a8        0x2 ./autogen/sl_event_handler.o
                0x000033a8                sl_stack_init
 .text.sl_internal_app_init
                0x000033aa        0x2 ./autogen/sl_event_handler.o
                0x000033aa                sl_internal_app_init
 .text.sl_platform_process_action
                0x000033ac        0x2 ./autogen/sl_event_handler.o
                0x000033ac                sl_platform_process_action
 .text.sl_service_process_action
                0x000033ae        0x2 ./autogen/sl_event_handler.o
                0x000033ae                sl_service_process_action
 .text.sl_stack_process_action
                0x000033b0        0x2 ./autogen/sl_event_handler.o
                0x000033b0                sl_stack_process_action
 .text.sl_internal_app_process_action
                0x000033b2        0x2 ./autogen/sl_event_handler.o
                0x000033b2                sl_internal_app_process_action
 .text.sl_board_configure_vcom
                0x000033b4        0x4 ./simplicity_sdk_2024.6.2/hardware/board/src/sl_board_control_gpio.o
                0x000033b4                sl_board_configure_vcom
 .text.sl_board_enable_vcom
                0x000033b8       0x12 ./simplicity_sdk_2024.6.2/hardware/board/src/sl_board_control_gpio.o
                0x000033b8                sl_board_enable_vcom
 .text.sl_board_disable_vcom
                0x000033ca       0x12 ./simplicity_sdk_2024.6.2/hardware/board/src/sl_board_control_gpio.o
                0x000033ca                sl_board_disable_vcom
 .text.sl_board_enable_display
                0x000033dc        0x4 ./simplicity_sdk_2024.6.2/hardware/board/src/sl_board_control_gpio.o
                0x000033dc                sl_board_enable_display
 .text.sl_cos_send_config
                0x000033e0       0x12 ./simplicity_sdk_2024.6.2/hardware/driver/configuration_over_swo/src/sl_cos.o
                0x000033e0                sl_cos_send_config
 .text.Default_Handler
                0x000033f2        0x2 ./simplicity_sdk_2024.6.2/platform/Device/SiliconLabs/EFR32MG21/Source/startup_efr32mg21.o
                0x000033f2                ULFRCO_IRQHandler
                0x000033f2                SW2_IRQHandler
                0x000033f2                TIMER2_IRQHandler
                0x000033f2                DebugMon_Handler
                0x000033f2                USART0_TX_IRQHandler
                0x000033f2                PRORTC_IRQHandler
                0x000033f2                IADC_IRQHandler
                0x000033f2                I2C0_IRQHandler
                0x000033f2                LFXO_IRQHandler
                0x000033f2                HardFault_Handler
                0x000033f2                SMU_SECURE_IRQHandler
                0x000033f2                SysTick_Handler
                0x000033f2                USART1_RX_IRQHandler
                0x000033f2                PendSV_Handler
                0x000033f2                NMI_Handler
                0x000033f2                SYNTH_IRQHandler
                0x000033f2                I2C1_IRQHandler
                0x000033f2                WDOG0_IRQHandler
                0x000033f2                TIMER3_IRQHandler
                0x000033f2                SYSCFG_IRQHandler
                0x000033f2                EMUSE_IRQHandler
                0x000033f2                EMUDG_IRQHandler
                0x000033f2                USART1_TX_IRQHandler
                0x000033f2                SMU_PRIVILEGED_IRQHandler
                0x000033f2                MSC_IRQHandler
                0x000033f2                DPLL0_IRQHandler
                0x000033f2                UsageFault_Handler
                0x000033f2                WDOG1_IRQHandler
                0x000033f2                M33CTI1_IRQHandler
                0x000033f2                GPIO_EVEN_IRQHandler
                0x000033f2                LDMA_IRQHandler
                0x000033f2                SEMBTX_IRQHandler
                0x000033f2                SW0_IRQHandler
                0x000033f2                TIMER0_IRQHandler
                0x000033f2                LETIMER0_IRQHandler
                0x000033f2                TIMER1_IRQHandler
                0x000033f2                HFRCO0_IRQHandler
                0x000033f2                SecureFault_Handler
                0x000033f2                BUFC_IRQHandler
                0x000033f2                MODEM_IRQHandler
                0x000033f2                USART2_RX_IRQHandler
                0x000033f2                Default_Handler
                0x000033f2                RAC_SEQ_IRQHandler
                0x000033f2                FRC_PRI_IRQHandler
                0x000033f2                EMU_IRQHandler
                0x000033f2                SW3_IRQHandler
                0x000033f2                KERNEL0_IRQHandler
                0x000033f2                FRC_IRQHandler
                0x000033f2                KERNEL1_IRQHandler
                0x000033f2                AGC_IRQHandler
                0x000033f2                sl_app_properties
                0x000033f2                HFRCOEM23_IRQHandler
                0x000033f2                BURTC_IRQHandler
                0x000033f2                SEMBRX_IRQHandler
                0x000033f2                LFRCO_IRQHandler
                0x000033f2                ACMP0_IRQHandler
                0x000033f2                USART0_RX_IRQHandler
                0x000033f2                MemManage_Handler
                0x000033f2                SVC_Handler
                0x000033f2                HFXO00_IRQHandler
                0x000033f2                SW1_IRQHandler
                0x000033f2                CMU_IRQHandler
                0x000033f2                RAC_RSM_IRQHandler
                0x000033f2                SETAMPERHOST_IRQHandler
                0x000033f2                GPIO_ODD_IRQHandler
                0x000033f2                AES_IRQHandler
                0x000033f2                M33CTI0_IRQHandler
                0x000033f2                ICACHE0_IRQHandler
                0x000033f2                PROTIMER_IRQHandler
                0x000033f2                ACMP1_IRQHandler
                0x000033f2                BusFault_Handler
                0x000033f2                USART2_TX_IRQHandler
 .text.CopyBlock
                0x000033f4       0x18 ./simplicity_sdk_2024.6.2/platform/Device/SiliconLabs/EFR32MG21/Source/startup_efr32mg21.o
                0x000033f4                CopyBlock
 .text.SystemCLKIN0Get
                0x0000340c        0x4 ./simplicity_sdk_2024.6.2/platform/Device/SiliconLabs/EFR32MG21/Source/system_efr32mg21.o
                0x0000340c                SystemCLKIN0Get
 .text.SystemLFRCOClockGet
                0x00003410        0x6 ./simplicity_sdk_2024.6.2/platform/Device/SiliconLabs/EFR32MG21/Source/system_efr32mg21.o
                0x00003410                SystemLFRCOClockGet
 .text.SystemULFRCOClockGet
                0x00003416        0x6 ./simplicity_sdk_2024.6.2/platform/Device/SiliconLabs/EFR32MG21/Source/system_efr32mg21.o
                0x00003416                SystemULFRCOClockGet
 .text.assertEFM
                0x0000341c        0x2 ./simplicity_sdk_2024.6.2/platform/common/src/sl_assert.o
                0x0000341c                assertEFM
 .text.CORE_EnterCritical
                0x0000341e        0x8 ./simplicity_sdk_2024.6.2/platform/common/src/sl_core_cortexm.o
                0x0000341e                CORE_EnterCritical
 .text.CORE_ExitCritical
                0x00003426        0x6 ./simplicity_sdk_2024.6.2/platform/common/src/sl_core_cortexm.o
                0x00003426                CORE_ExitCritical
 .text.CORE_EnterAtomic
                0x0000342c        0xc ./simplicity_sdk_2024.6.2/platform/common/src/sl_core_cortexm.o
                0x0000342c                CORE_EnterAtomic
 .text.CORE_ExitAtomic
                0x00003438        0x6 ./simplicity_sdk_2024.6.2/platform/common/src/sl_core_cortexm.o
                0x00003438                CORE_ExitAtomic
 .text._exit    0x0000343e        0x2 ./simplicity_sdk_2024.6.2/platform/common/src/sl_syscalls.o
                0x0000343e                _exit
 .text.sl_debug_swo_enable_itm
                0x00003440       0x16 ./simplicity_sdk_2024.6.2/platform/driver/debug/src/sl_debug_swo.o
                0x00003440                sl_debug_swo_enable_itm
 .text.sl_debug_swo_disable_itm
                0x00003456       0x18 ./simplicity_sdk_2024.6.2/platform/driver/debug/src/sl_debug_swo.o
                0x00003456                sl_debug_swo_disable_itm
 .text.waitStateMax
                0x0000346e       0x10 ./simplicity_sdk_2024.6.2/platform/emlib/src/em_cmu.o
 .text.pclkDivMax
                0x0000347e        0x8 ./simplicity_sdk_2024.6.2/platform/emlib/src/em_cmu.o
 .text.sli_em_cmu_SYSCLKInitPreClockSelect
                0x00003486        0xe ./simplicity_sdk_2024.6.2/platform/emlib/src/em_cmu.o
                0x00003486                sli_em_cmu_SYSCLKInitPreClockSelect
 .text.sli_em_cmu_SYSCLKInitPostClockSelect
                0x00003494       0x1a ./simplicity_sdk_2024.6.2/platform/emlib/src/em_cmu.o
                0x00003494                sli_em_cmu_SYSCLKInitPostClockSelect
 .text.BUS_RegMaskedWrite
                0x000034ae       0x1e ./simplicity_sdk_2024.6.2/platform/emlib/src/em_gpio.o
 .text.GPIO_DbgLocationSet
                0x000034cc        0x2 ./simplicity_sdk_2024.6.2/platform/emlib/src/em_gpio.o
                0x000034cc                GPIO_DbgLocationSet
 .text.RTCC_SyncWait
                0x000034ce       0x10 ./simplicity_sdk_2024.6.2/platform/emlib/src/em_rtcc.o
 .text.USART_Tx
                0x000034de        0xa ./simplicity_sdk_2024.6.2/platform/emlib/src/em_usart.o
                0x000034de                USART_Tx
 .text.sl_clock_manager_runtime_init
                0x000034e8        0x4 ./simplicity_sdk_2024.6.2/platform/service/clock_manager/src/sl_clock_manager.o
                0x000034e8                sl_clock_manager_runtime_init
 .text.sl_clock_manager_get_clock_branch_frequency
                0x000034ec        0xa ./simplicity_sdk_2024.6.2/platform/service/clock_manager/src/sl_clock_manager.o
                0x000034ec                sl_clock_manager_get_clock_branch_frequency
 .text.sl_clock_manager_enable_bus_clock
                0x000034f6        0x6 ./simplicity_sdk_2024.6.2/platform/service/clock_manager/src/sl_clock_manager.o
                0x000034f6                sl_clock_manager_enable_bus_clock
 .text.sli_clock_manager_hal_runtime_init
                0x000034fc        0x4 ./simplicity_sdk_2024.6.2/platform/service/clock_manager/src/sl_clock_manager_hal_s2.o
                0x000034fc                sli_clock_manager_hal_runtime_init
 .text.sli_clock_manager_hal_get_clock_branch_frequency
                0x00003500       0x82 ./simplicity_sdk_2024.6.2/platform/service/clock_manager/src/sl_clock_manager_hal_s2.o
                0x00003500                sli_clock_manager_hal_get_clock_branch_frequency
 .text.sli_clock_manager_hal_enable_bus_clock
                0x00003582        0x4 ./simplicity_sdk_2024.6.2/platform/service/clock_manager/src/sl_clock_manager_hal_s2.o
                0x00003582                sli_clock_manager_hal_enable_bus_clock
 .text.sl_clock_manager_init
                0x00003586        0x4 ./simplicity_sdk_2024.6.2/platform/service/clock_manager/src/sl_clock_manager_init.o
                0x00003586                sl_clock_manager_init
 .text.sl_interrupt_manager_init
                0x0000358a       0x16 ./simplicity_sdk_2024.6.2/platform/service/interrupt_manager/src/sl_interrupt_manager_cortexm.o
                0x0000358a                sl_interrupt_manager_init
 .text.sl_sleeptimer_restart_periodic_timer
                0x000035a0       0x38 ./simplicity_sdk_2024.6.2/platform/service/sleeptimer/src/sl_sleeptimer.o
                0x000035a0                sl_sleeptimer_restart_periodic_timer
 .text.sleeptimer_hal_presc_to_log2.constprop.0
                0x000035d8        0x4 ./simplicity_sdk_2024.6.2/platform/service/sleeptimer/src/sl_sleeptimer_hal_rtcc.o
 .text.sleeptimer_hal_get_counter
                0x000035dc        0xe ./simplicity_sdk_2024.6.2/platform/service/sleeptimer/src/sl_sleeptimer_hal_rtcc.o
                0x000035dc                sleeptimer_hal_get_counter
 .text.sleeptimer_hal_enable_int
                0x000035ea       0x18 ./simplicity_sdk_2024.6.2/platform/service/sleeptimer/src/sl_sleeptimer_hal_rtcc.o
                0x000035ea                sleeptimer_hal_enable_int
 .text.sl_system_init
                0x00003602       0x1a ./simplicity_sdk_2024.6.2/platform/service/system/src/sl_system_init.o
                0x00003602                sl_system_init
 .text.sl_system_process_action
                0x0000361c       0x16 ./simplicity_sdk_2024.6.2/platform/service/system/src/sl_system_process_action.o
                0x0000361c                sl_system_process_action
 .text.memset   0x00003632       0x10 e:/thiot/setup/developer/toolchains/gnu_arm/12.2.rel1_2023.7/bin/../lib/gcc/arm-none-eabi/12.2.1/thumb/v8-m.main+fp/hard\libc_nano.a(libc_a-memset.o)
                0x00003632                memset
 .text.__retarget_lock_acquire_recursive
                0x00003642        0x2 e:/thiot/setup/developer/toolchains/gnu_arm/12.2.rel1_2023.7/bin/../lib/gcc/arm-none-eabi/12.2.1/thumb/v8-m.main+fp/hard\libc_nano.a(libc_a-lock.o)
                0x00003642                __retarget_lock_acquire_recursive
 .text.__retarget_lock_release_recursive
                0x00003644        0x2 e:/thiot/setup/developer/toolchains/gnu_arm/12.2.rel1_2023.7/bin/../lib/gcc/arm-none-eabi/12.2.1/thumb/v8-m.main+fp/hard\libc_nano.a(libc_a-lock.o)
                0x00003644                __retarget_lock_release_recursive
 .text.memcpy   0x00003646       0x1a e:/thiot/setup/developer/toolchains/gnu_arm/12.2.rel1_2023.7/bin/../lib/gcc/arm-none-eabi/12.2.1/thumb/v8-m.main+fp/hard\libc_nano.a(libc_a-memcpy-stub.o)
                0x00003646                memcpy
 .text          0x00003660       0x10 e:/thiot/setup/developer/toolchains/gnu_arm/12.2.rel1_2023.7/bin/../lib/gcc/arm-none-eabi/12.2.1/thumb/v8-m.main+fp/hard\libc_nano.a(libc_a-strlen.o)
                0x00003660                strlen
 .text.__ssputs_r
                0x00003670       0xb6 e:/thiot/setup/developer/toolchains/gnu_arm/12.2.rel1_2023.7/bin/../lib/gcc/arm-none-eabi/12.2.1/thumb/v8-m.main+fp/hard\libc_nano.a(libc_a-nano-svfprintf.o)
                0x00003670                __ssputs_r
 .text._printf_common
                0x00003726       0xe4 e:/thiot/setup/developer/toolchains/gnu_arm/12.2.rel1_2023.7/bin/../lib/gcc/arm-none-eabi/12.2.1/thumb/v8-m.main+fp/hard\libc_nano.a(libc_a-nano-vfprintf_i.o)
                0x00003726                _printf_common
 .text.memmove  0x0000380a       0x34 e:/thiot/setup/developer/toolchains/gnu_arm/12.2.rel1_2023.7/bin/../lib/gcc/arm-none-eabi/12.2.1/thumb/v8-m.main+fp/hard\libc_nano.a(libc_a-memmove.o)
                0x0000380a                memmove
 .text.memchr   0x0000383e       0x1c e:/thiot/setup/developer/toolchains/gnu_arm/12.2.rel1_2023.7/bin/../lib/gcc/arm-none-eabi/12.2.1/thumb/v8-m.main+fp/hard\libc_nano.a(libc_a-memchr-stub.o)
                0x0000383e                memchr
 .text._realloc_r
                0x0000385a       0x5c e:/thiot/setup/developer/toolchains/gnu_arm/12.2.rel1_2023.7/bin/../lib/gcc/arm-none-eabi/12.2.1/thumb/v8-m.main+fp/hard\libc_nano.a(libc_a-reallocr.o)
                0x0000385a                _realloc_r
 .text._malloc_usable_size_r
                0x000038b6       0x10 e:/thiot/setup/developer/toolchains/gnu_arm/12.2.rel1_2023.7/bin/../lib/gcc/arm-none-eabi/12.2.1/thumb/v8-m.main+fp/hard\libc_nano.a(libc_a-msizer.o)
                0x000038b6                _malloc_usable_size_r
 *(SORT_BY_ALIGNMENT(text_*))
                0x000038e0                . = ALIGN (0x20)
 *fill*         0x000038c6       0x1a 
                0x000038e0                linker_code_end = .
 *(.init)
 .init          0x000038e0        0x4 e:/thiot/setup/developer/toolchains/gnu_arm/12.2.rel1_2023.7/bin/../lib/gcc/arm-none-eabi/12.2.1/thumb/v8-m.main+fp/hard/crti.o
                0x000038e0                _init
 .init          0x000038e4        0x8 e:/thiot/setup/developer/toolchains/gnu_arm/12.2.rel1_2023.7/bin/../lib/gcc/arm-none-eabi/12.2.1/thumb/v8-m.main+fp/hard/crtn.o
 *(.fini)
 .fini          0x000038ec        0x4 e:/thiot/setup/developer/toolchains/gnu_arm/12.2.rel1_2023.7/bin/../lib/gcc/arm-none-eabi/12.2.1/thumb/v8-m.main+fp/hard/crti.o
                0x000038ec                _fini
 .fini          0x000038f0        0x8 e:/thiot/setup/developer/toolchains/gnu_arm/12.2.rel1_2023.7/bin/../lib/gcc/arm-none-eabi/12.2.1/thumb/v8-m.main+fp/hard/crtn.o
 *crtbegin.o(.ctors)
 *crtbegin?.o(.ctors)
 *(EXCLUDE_FILE(*crtend.o *crtend?.o) .ctors)
 *(SORT_BY_NAME(.ctors.*))
 *(.ctors)
 *crtbegin.o(.dtors)
 *crtbegin?.o(.dtors)
 *(EXCLUDE_FILE(*crtend.o *crtend?.o) .dtors)
 *(SORT_BY_NAME(.dtors.*))
 *(.dtors)
 *(.rodata*)
 .rodata.memlcd_app_init.str1.1
                0x000038f8       0x17 ./app_lcd.o
 .rodata.memlcd_app_process_action.str1.1
                0x0000390f        0xf ./app_lcd.o
 *fill*         0x0000391e        0x2 
 .rodata.GLIB_FontNarrow6x8
                0x00003920       0x10 ./glib_font_narrow_6x8.o
                0x00003920                GLIB_FontNarrow6x8
 .rodata.GLIB_FontNarrow6x8PixMap
                0x00003930      0x320 ./glib_font_narrow_6x8.o
 .rodata.GLIB_FontNormal8x8
                0x00003c50       0x10 ./glib_font_normal_8x8.o
                0x00003c50                GLIB_FontNormal8x8
 .rodata.GLIB_FontNormal8x8PixMap
                0x00003c60      0x320 ./glib_font_normal_8x8.o
 .rodata        0x00003f80       0x14 ./lcd_display.o
 .rodata        0x00003f94       0x1c ./lcd_spi.o
 .rodata.HFRCODPLLDevinfoGet.str1.1
                0x00003fb0       0x55 ./simplicity_sdk_2024.6.2/platform/emlib/src/em_cmu.o
 .rodata.GPIO_PinOutSet.str1.1
                0x00004005       0x56 ./simplicity_sdk_2024.6.2/platform/emlib/src/em_gpio.o
 .rodata.GPIO_ExtIntConfig.str1.1
                0x0000405b       0x56 ./simplicity_sdk_2024.6.2/platform/emlib/src/em_gpio.o
 .rodata.CSWTCH.31
                0x000040b1        0x4 ./simplicity_sdk_2024.6.2/platform/emlib/src/em_gpio.o
 .rodata.RTCC_ChannelInit.str1.1
                0x000040b5       0x56 ./simplicity_sdk_2024.6.2/platform/emlib/src/em_rtcc.o
 .rodata.USART_BaudrateAsyncSet.str1.1
                0x0000410b       0x57 ./simplicity_sdk_2024.6.2/platform/emlib/src/em_usart.o
 *fill*         0x00004162        0x2 
 .rodata        0x00004164       0x3c ./simplicity_sdk_2024.6.2/platform/service/clock_manager/src/sl_clock_manager_init_hal_s2.o
 .rodata.sl_peripheral_val_rtcc
                0x000041a0        0xc ./simplicity_sdk_2024.6.2/platform/service/device_manager/devices/sl_device_peripheral_hal_efr32xg21.o
                0x000041a0                sl_peripheral_val_rtcc
 .rodata.SL_BUS_CLOCK_USART2_VALUE
                0x000041ac        0x4 ./simplicity_sdk_2024.6.2/platform/service/device_manager/src/sl_device_clock.o
                0x000041ac                SL_BUS_CLOCK_USART2_VALUE
 .rodata.SL_BUS_CLOCK_RTCC_VALUE
                0x000041b0        0x4 ./simplicity_sdk_2024.6.2/platform/service/device_manager/src/sl_device_clock.o
                0x000041b0                SL_BUS_CLOCK_RTCC_VALUE
 .rodata.SL_BUS_CLOCK_GPIO_VALUE
                0x000041b4        0x4 ./simplicity_sdk_2024.6.2/platform/service/device_manager/src/sl_device_clock.o
                0x000041b4                SL_BUS_CLOCK_GPIO_VALUE
 .rodata.sl_interrupt_manager_disable_irq.str1.1
                0x000041b8       0x7f ./simplicity_sdk_2024.6.2/platform/service/interrupt_manager/src/sl_interrupt_manager_cortexm.o
 .rodata.process_timer_irq.str1.1
                0x00004237       0x69 ./simplicity_sdk_2024.6.2/platform/service/sleeptimer/src/sl_sleeptimer.o
 .rodata        0x000042a0        0xb ./simplicity_sdk_2024.6.2/platform/service/sleeptimer/src/sl_sleeptimer_hal_rtcc.o
 .rodata.sl_udelay_wait.str1.1
                0x000042ab       0x61 ./simplicity_sdk_2024.6.2/platform/service/udelay/src/sl_udelay.o
 .rodata._svfprintf_r.str1.1
                0x0000430c       0x11 e:/thiot/setup/developer/toolchains/gnu_arm/12.2.rel1_2023.7/bin/../lib/gcc/arm-none-eabi/12.2.1/thumb/v8-m.main+fp/hard\libc_nano.a(libc_a-nano-svfprintf.o)
 .rodata._printf_i.str1.1
                0x0000431d       0x22 e:/thiot/setup/developer/toolchains/gnu_arm/12.2.rel1_2023.7/bin/../lib/gcc/arm-none-eabi/12.2.1/thumb/v8-m.main+fp/hard\libc_nano.a(libc_a-nano-vfprintf_i.o)
 *(.eh_frame*)
 *fill*         0x0000433f        0x1 
 .eh_frame      0x00004340        0x0 e:/thiot/setup/developer/toolchains/gnu_arm/12.2.rel1_2023.7/bin/../lib/gcc/arm-none-eabi/12.2.1/thumb/v8-m.main+fp/hard/crtbegin.o

.glue_7         0x00004340        0x0
 .glue_7        0x00004340        0x0 linker stubs

.glue_7t        0x00004340        0x0
 .glue_7t       0x00004340        0x0 linker stubs

.vfp11_veneer   0x00004340        0x0
 .vfp11_veneer  0x00004340        0x0 linker stubs

.v4_bx          0x00004340        0x0
 .v4_bx         0x00004340        0x0 linker stubs

.iplt           0x00004340        0x0
 .iplt          0x00004340        0x0 e:/thiot/setup/developer/toolchains/gnu_arm/12.2.rel1_2023.7/bin/../lib/gcc/arm-none-eabi/12.2.1/thumb/v8-m.main+fp/hard/crtbegin.o

.ARM.extab
 *(.ARM.extab* .gnu.linkonce.armextab.*)
                0x00004340                __exidx_start = .

.ARM.exidx      0x00004340        0x8
 *(.ARM.exidx* .gnu.linkonce.armexidx.*)
 .ARM.exidx     0x00004340        0x8 e:/thiot/setup/developer/toolchains/gnu_arm/12.2.rel1_2023.7/bin/../lib/gcc/arm-none-eabi/12.2.1/thumb/v8-m.main+fp/hard/crt0.o
                                 0x10 (size before relaxing)
 .ARM.exidx.text.__udivmoddi4
                0x00004348        0x0 e:/thiot/setup/developer/toolchains/gnu_arm/12.2.rel1_2023.7/bin/../lib/gcc/arm-none-eabi/12.2.1/thumb/v8-m.main+fp/hard\libgcc.a(_udivmoddi4.o)
                                  0x8 (size before relaxing)
                0x00004348                __exidx_end = .

.rel.dyn        0x00004348        0x0
 .rel.iplt      0x00004348        0x0 e:/thiot/setup/developer/toolchains/gnu_arm/12.2.rel1_2023.7/bin/../lib/gcc/arm-none-eabi/12.2.1/thumb/v8-m.main+fp/hard/crtbegin.o

.copy.table     0x00004348        0xc
                0x00004348                . = ALIGN (0x4)
                0x00004348                __copy_table_start__ = .
                0x00004348        0x4 LONG 0x4354 __etext
                0x0000434c        0x4 LONG 0x20001a2c __data_start__
                0x00004350        0x4 LONG 0x21 ((__data_end__ - __data_start__) / 0x4)
                0x00004354                __copy_table_end__ = .

.zero.table     0x00004354        0x0
                0x00004354                . = ALIGN (0x4)
                0x00004354                __zero_table_start__ = .
                0x00004354                __zero_table_end__ = .
                0x00004354                __etext = .

.data           0x20001a2c       0x84 load address 0x00004354
                0x20001a2c                . = ALIGN (0x4)
                0x20001a2c                __data_start__ = .
 *(vtable)
 *(SORT_BY_ALIGNMENT(.data*))
 .data.spi_handle
                0x20001a2c       0x10 ./lcd.o
 .data.SystemCoreClock
                0x20001a3c        0x4 ./simplicity_sdk_2024.6.2/platform/Device/SiliconLabs/EFR32MG21/Source/system_efr32mg21.o
                0x20001a3c                SystemCoreClock
 .data.SystemHFRCODPLLClock
                0x20001a40        0x4 ./simplicity_sdk_2024.6.2/platform/Device/SiliconLabs/EFR32MG21/Source/system_efr32mg21.o
 .data.SystemLFXOClock
                0x20001a44        0x4 ./simplicity_sdk_2024.6.2/platform/Device/SiliconLabs/EFR32MG21/Source/system_efr32mg21.o
 .data.SystemHFXOClock
                0x20001a48        0x4 ./simplicity_sdk_2024.6.2/platform/Device/SiliconLabs/EFR32MG21/Source/system_efr32mg21.o
 .data.heap_end.0
                0x20001a4c        0x4 ./simplicity_sdk_2024.6.2/platform/service/memory_manager/src/sl_memory_manager_region.o
 .data._impure_ptr
                0x20001a50        0x4 e:/thiot/setup/developer/toolchains/gnu_arm/12.2.rel1_2023.7/bin/../lib/gcc/arm-none-eabi/12.2.1/thumb/v8-m.main+fp/hard\libc_nano.a(libc_a-impure.o)
                0x20001a50                _impure_ptr
 .data._impure_data
                0x20001a54       0x4c e:/thiot/setup/developer/toolchains/gnu_arm/12.2.rel1_2023.7/bin/../lib/gcc/arm-none-eabi/12.2.1/thumb/v8-m.main+fp/hard\libc_nano.a(libc_a-impure.o)
                0x20001a54                _impure_data
 .data.hfxo_precision
                0x20001aa0        0x2 ./simplicity_sdk_2024.6.2/platform/emlib/src/em_cmu.o
 .data.lfxo_precision
                0x20001aa2        0x2 ./simplicity_sdk_2024.6.2/platform/emlib/src/em_cmu.o
 .data.cc_disabled
                0x20001aa4        0x1 ./simplicity_sdk_2024.6.2/platform/service/sleeptimer/src/sl_sleeptimer_hal_rtcc.o
                0x20001aa8                . = ALIGN (0x4)
 *fill*         0x20001aa5        0x3 
                0x20001aa8                . = ALIGN (0x4)
                0x20001aa8                PROVIDE (__preinit_array_start = .)
 *(.preinit_array)
                0x20001aa8                PROVIDE (__preinit_array_end = .)
                0x20001aa8                . = ALIGN (0x4)
                0x20001aa8                PROVIDE (__init_array_start = .)
 *(SORT_BY_NAME(.init_array.*))
 *(.init_array)
 .init_array    0x20001aa8        0x4 e:/thiot/setup/developer/toolchains/gnu_arm/12.2.rel1_2023.7/bin/../lib/gcc/arm-none-eabi/12.2.1/thumb/v8-m.main+fp/hard/crtbegin.o
                0x20001aac                PROVIDE (__init_array_end = .)
                0x20001aac                . = ALIGN (0x4)
                [!provide]                PROVIDE (__fini_array_start = .)
 *(SORT_BY_NAME(.fini_array.*))
 *(.fini_array)
 .fini_array    0x20001aac        0x4 e:/thiot/setup/developer/toolchains/gnu_arm/12.2.rel1_2023.7/bin/../lib/gcc/arm-none-eabi/12.2.1/thumb/v8-m.main+fp/hard/crtbegin.o
                [!provide]                PROVIDE (__fini_array_end = .)
                0x20001ab0                . = ALIGN (0x4)
                0x20001ab0                __data_end__ = .

.tm_clone_table
                0x20001ab0        0x0 load address 0x000043d8
 .tm_clone_table
                0x20001ab0        0x0 e:/thiot/setup/developer/toolchains/gnu_arm/12.2.rel1_2023.7/bin/../lib/gcc/arm-none-eabi/12.2.1/thumb/v8-m.main+fp/hard/crtbegin.o
 .tm_clone_table
                0x20001ab0        0x0 e:/thiot/setup/developer/toolchains/gnu_arm/12.2.rel1_2023.7/bin/../lib/gcc/arm-none-eabi/12.2.1/thumb/v8-m.main+fp/hard/crtend.o

.igot.plt       0x20001ab0        0x0 load address 0x000043d8
 .igot.plt      0x20001ab0        0x0 e:/thiot/setup/developer/toolchains/gnu_arm/12.2.rel1_2023.7/bin/../lib/gcc/arm-none-eabi/12.2.1/thumb/v8-m.main+fp/hard/crtbegin.o

.heap           0x20001ab0        0x0 load address 0x000043d8
                0x20001ab0                . = ALIGN (0x8)
                0x20001ab0                __HeapBase = .
                0x20001ab0                __end__ = .
                0x20001ab0                end = __end__
                0x20001ab0                _end = __end__
 *(.heap*)
                0x20018000                __HeapLimit = (ORIGIN (RAM) + LENGTH (RAM))
                0x00016550                __heap_size = (__HeapLimit - __HeapBase)
                0x20018000                __ram_end__ = 0x20018000
                0x000fe000                __main_flash_end__ = 0xfe000

.internal_storage
 *(.internal_storage*)

.nvm
 *(.simee*)
                0x20001a2c                __ramfuncs_start__ = __vma_ramfuncs_start__
                0x20001a2c                __ramfuncs_end__ = __vma_ramfuncs_end__
                0x000fe000                linker_nvm_end = __main_flash_end__
                0x000fe000                linker_nvm_begin = (linker_nvm_end - SIZEOF (.nvm))
                0x000fe000                linker_storage_end = linker_nvm_begin
                0x000fe000                __nvm3Base = linker_nvm_begin
                0x000fe000                linker_storage_begin = (linker_storage_end - SIZEOF (.internal_storage))
                0x00000001                ASSERT ((linker_storage_begin >= (__etext + SIZEOF (.data))), FLASH memory overflowed !)
OUTPUT(SPI.axf elf32-littlearm)
LOAD linker stubs

.ARM.attributes
                0x00000000       0x36
 .ARM.attributes
                0x00000000       0x26 e:/thiot/setup/developer/toolchains/gnu_arm/12.2.rel1_2023.7/bin/../lib/gcc/arm-none-eabi/12.2.1/thumb/v8-m.main+fp/hard/crti.o
 .ARM.attributes
                0x00000026       0x38 e:/thiot/setup/developer/toolchains/gnu_arm/12.2.rel1_2023.7/bin/../lib/gcc/arm-none-eabi/12.2.1/thumb/v8-m.main+fp/hard/crtbegin.o
 .ARM.attributes
                0x0000005e       0x24 e:/thiot/setup/developer/toolchains/gnu_arm/12.2.rel1_2023.7/bin/../lib/gcc/arm-none-eabi/12.2.1/thumb/v8-m.main+fp/hard/crt0.o
 .ARM.attributes
                0x00000082       0x3a ./app.o
 .ARM.attributes
                0x000000bc       0x3a ./app_lcd.o
 .ARM.attributes
                0x000000f6       0x3a ./dmd_memlcd.o
 .ARM.attributes
                0x00000130       0x3a ./glib.o
 .ARM.attributes
                0x0000016a       0x3a ./glib_font_narrow_6x8.o
 .ARM.attributes
                0x000001a4       0x3a ./glib_font_normal_8x8.o
 .ARM.attributes
                0x000001de       0x3a ./glib_rectangle.o
 .ARM.attributes
                0x00000218       0x3a ./glib_string.o
 .ARM.attributes
                0x00000252       0x3a ./lcd.o
 .ARM.attributes
                0x0000028c       0x3a ./lcd_display.o
 .ARM.attributes
                0x000002c6       0x3a ./lcd_spi.o
 .ARM.attributes
                0x00000300       0x3a ./main.o
 .ARM.attributes
                0x0000033a       0x3a ./autogen/sl_board_default_init.o
 .ARM.attributes
                0x00000374       0x3a ./autogen/sl_event_handler.o
 .ARM.attributes
                0x000003ae       0x3a ./simplicity_sdk_2024.6.2/hardware/board/src/sl_board_control_gpio.o
 .ARM.attributes
                0x000003e8       0x3a ./simplicity_sdk_2024.6.2/hardware/board/src/sl_board_init.o
 .ARM.attributes
                0x00000422       0x3a ./simplicity_sdk_2024.6.2/hardware/driver/configuration_over_swo/src/sl_cos.o
 .ARM.attributes
                0x0000045c       0x3a ./simplicity_sdk_2024.6.2/platform/Device/SiliconLabs/EFR32MG21/Source/startup_efr32mg21.o
 .ARM.attributes
                0x00000496       0x3a ./simplicity_sdk_2024.6.2/platform/Device/SiliconLabs/EFR32MG21/Source/system_efr32mg21.o
 .ARM.attributes
                0x000004d0       0x3a ./simplicity_sdk_2024.6.2/platform/common/src/sl_assert.o
 .ARM.attributes
                0x0000050a       0x3a ./simplicity_sdk_2024.6.2/platform/common/src/sl_core_cortexm.o
 .ARM.attributes
                0x00000544       0x3a ./simplicity_sdk_2024.6.2/platform/common/src/sl_syscalls.o
 .ARM.attributes
                0x0000057e       0x3a ./simplicity_sdk_2024.6.2/platform/driver/debug/src/sl_debug_swo.o
 .ARM.attributes
                0x000005b8       0x3a ./simplicity_sdk_2024.6.2/platform/emlib/src/em_cmu.o
 .ARM.attributes
                0x000005f2       0x3a ./simplicity_sdk_2024.6.2/platform/emlib/src/em_emu.o
 .ARM.attributes
                0x0000062c       0x3a ./simplicity_sdk_2024.6.2/platform/emlib/src/em_gpio.o
 .ARM.attributes
                0x00000666       0x3a ./simplicity_sdk_2024.6.2/platform/emlib/src/em_rtcc.o
 .ARM.attributes
                0x000006a0       0x3a ./simplicity_sdk_2024.6.2/platform/emlib/src/em_system.o
 .ARM.attributes
                0x000006da       0x3a ./simplicity_sdk_2024.6.2/platform/emlib/src/em_usart.o
 .ARM.attributes
                0x00000714       0x3a ./simplicity_sdk_2024.6.2/platform/service/clock_manager/src/sl_clock_manager.o
 .ARM.attributes
                0x0000074e       0x3a ./simplicity_sdk_2024.6.2/platform/service/clock_manager/src/sl_clock_manager_hal_s2.o
 .ARM.attributes
                0x00000788       0x3a ./simplicity_sdk_2024.6.2/platform/service/clock_manager/src/sl_clock_manager_init.o
 .ARM.attributes
                0x000007c2       0x3a ./simplicity_sdk_2024.6.2/platform/service/clock_manager/src/sl_clock_manager_init_hal_s2.o
 .ARM.attributes
                0x000007fc       0x3a ./simplicity_sdk_2024.6.2/platform/service/device_init/src/sl_device_init_emu_s2.o
 .ARM.attributes
                0x00000836       0x3a ./simplicity_sdk_2024.6.2/platform/service/device_manager/devices/sl_device_peripheral_hal_efr32xg21.o
 .ARM.attributes
                0x00000870       0x3a ./simplicity_sdk_2024.6.2/platform/service/device_manager/src/sl_device_clock.o
 .ARM.attributes
                0x000008aa       0x3a ./simplicity_sdk_2024.6.2/platform/service/interrupt_manager/src/sl_interrupt_manager_cortexm.o
 .ARM.attributes
                0x000008e4       0x3a ./simplicity_sdk_2024.6.2/platform/service/memory_manager/src/sl_memory_manager_region.o
 .ARM.attributes
                0x0000091e       0x3a ./simplicity_sdk_2024.6.2/platform/service/sleeptimer/src/sl_sleeptimer.o
 .ARM.attributes
                0x00000958       0x3a ./simplicity_sdk_2024.6.2/platform/service/sleeptimer/src/sl_sleeptimer_hal_rtcc.o
 .ARM.attributes
                0x00000992       0x3a ./simplicity_sdk_2024.6.2/platform/service/system/src/sl_system_init.o
 .ARM.attributes
                0x000009cc       0x3a ./simplicity_sdk_2024.6.2/platform/service/system/src/sl_system_process_action.o
 .ARM.attributes
                0x00000a06       0x3a ./simplicity_sdk_2024.6.2/platform/service/udelay/src/sl_udelay.o
 .ARM.attributes
                0x00000a40       0x26 ./simplicity_sdk_2024.6.2/platform/service/udelay/src/sl_udelay_armv6m_gcc.o
 .ARM.attributes
                0x00000a66       0x26 e:/thiot/setup/developer/toolchains/gnu_arm/12.2.rel1_2023.7/bin/../lib/gcc/arm-none-eabi/12.2.1/thumb/v8-m.main+fp/hard\libgcc.a(_aeabi_uldivmod.o)
 .ARM.attributes
                0x00000a8c       0x38 e:/thiot/setup/developer/toolchains/gnu_arm/12.2.rel1_2023.7/bin/../lib/gcc/arm-none-eabi/12.2.1/thumb/v8-m.main+fp/hard\libgcc.a(_udivmoddi4.o)
 .ARM.attributes
                0x00000ac4       0x26 e:/thiot/setup/developer/toolchains/gnu_arm/12.2.rel1_2023.7/bin/../lib/gcc/arm-none-eabi/12.2.1/thumb/v8-m.main+fp/hard\libgcc.a(_dvmd_tls.o)
 .ARM.attributes
                0x00000aea       0x38 e:/thiot/setup/developer/toolchains/gnu_arm/12.2.rel1_2023.7/bin/../lib/gcc/arm-none-eabi/12.2.1/thumb/v8-m.main+fp/hard\libc_nano.a(libc_a-exit.o)
 .ARM.attributes
                0x00000b22       0x38 e:/thiot/setup/developer/toolchains/gnu_arm/12.2.rel1_2023.7/bin/../lib/gcc/arm-none-eabi/12.2.1/thumb/v8-m.main+fp/hard\libc_nano.a(libc_a-findfp.o)
 .ARM.attributes
                0x00000b5a       0x38 e:/thiot/setup/developer/toolchains/gnu_arm/12.2.rel1_2023.7/bin/../lib/gcc/arm-none-eabi/12.2.1/thumb/v8-m.main+fp/hard\libc_nano.a(libc_a-snprintf.o)
 .ARM.attributes
                0x00000b92       0x38 e:/thiot/setup/developer/toolchains/gnu_arm/12.2.rel1_2023.7/bin/../lib/gcc/arm-none-eabi/12.2.1/thumb/v8-m.main+fp/hard\libc_nano.a(libc_a-memset.o)
 .ARM.attributes
                0x00000bca       0x38 e:/thiot/setup/developer/toolchains/gnu_arm/12.2.rel1_2023.7/bin/../lib/gcc/arm-none-eabi/12.2.1/thumb/v8-m.main+fp/hard\libc_nano.a(libc_a-reent.o)
 .ARM.attributes
                0x00000c02       0x38 e:/thiot/setup/developer/toolchains/gnu_arm/12.2.rel1_2023.7/bin/../lib/gcc/arm-none-eabi/12.2.1/thumb/v8-m.main+fp/hard\libc_nano.a(libc_a-impure.o)
 .ARM.attributes
                0x00000c3a       0x38 e:/thiot/setup/developer/toolchains/gnu_arm/12.2.rel1_2023.7/bin/../lib/gcc/arm-none-eabi/12.2.1/thumb/v8-m.main+fp/hard\libc_nano.a(libc_a-init.o)
 .ARM.attributes
                0x00000c72       0x38 e:/thiot/setup/developer/toolchains/gnu_arm/12.2.rel1_2023.7/bin/../lib/gcc/arm-none-eabi/12.2.1/thumb/v8-m.main+fp/hard\libc_nano.a(libc_a-lock.o)
 .ARM.attributes
                0x00000caa       0x38 e:/thiot/setup/developer/toolchains/gnu_arm/12.2.rel1_2023.7/bin/../lib/gcc/arm-none-eabi/12.2.1/thumb/v8-m.main+fp/hard\libc_nano.a(libc_a-memcpy-stub.o)
 .ARM.attributes
                0x00000ce2       0x17 e:/thiot/setup/developer/toolchains/gnu_arm/12.2.rel1_2023.7/bin/../lib/gcc/arm-none-eabi/12.2.1/thumb/v8-m.main+fp/hard\libc_nano.a(libc_a-strlen.o)
 .ARM.attributes
                0x00000cf9       0x38 e:/thiot/setup/developer/toolchains/gnu_arm/12.2.rel1_2023.7/bin/../lib/gcc/arm-none-eabi/12.2.1/thumb/v8-m.main+fp/hard\libc_nano.a(libc_a-freer.o)
 .ARM.attributes
                0x00000d31       0x38 e:/thiot/setup/developer/toolchains/gnu_arm/12.2.rel1_2023.7/bin/../lib/gcc/arm-none-eabi/12.2.1/thumb/v8-m.main+fp/hard\libc_nano.a(libc_a-mallocr.o)
 .ARM.attributes
                0x00000d69       0x38 e:/thiot/setup/developer/toolchains/gnu_arm/12.2.rel1_2023.7/bin/../lib/gcc/arm-none-eabi/12.2.1/thumb/v8-m.main+fp/hard\libc_nano.a(libc_a-mlock.o)
 .ARM.attributes
                0x00000da1       0x38 e:/thiot/setup/developer/toolchains/gnu_arm/12.2.rel1_2023.7/bin/../lib/gcc/arm-none-eabi/12.2.1/thumb/v8-m.main+fp/hard\libc_nano.a(libc_a-nano-svfprintf.o)
 .ARM.attributes
                0x00000dd9       0x38 e:/thiot/setup/developer/toolchains/gnu_arm/12.2.rel1_2023.7/bin/../lib/gcc/arm-none-eabi/12.2.1/thumb/v8-m.main+fp/hard\libc_nano.a(libc_a-nano-vfprintf_i.o)
 .ARM.attributes
                0x00000e11       0x38 e:/thiot/setup/developer/toolchains/gnu_arm/12.2.rel1_2023.7/bin/../lib/gcc/arm-none-eabi/12.2.1/thumb/v8-m.main+fp/hard\libc_nano.a(libc_a-memmove.o)
 .ARM.attributes
                0x00000e49       0x38 e:/thiot/setup/developer/toolchains/gnu_arm/12.2.rel1_2023.7/bin/../lib/gcc/arm-none-eabi/12.2.1/thumb/v8-m.main+fp/hard\libc_nano.a(libc_a-sbrkr.o)
 .ARM.attributes
                0x00000e81       0x38 e:/thiot/setup/developer/toolchains/gnu_arm/12.2.rel1_2023.7/bin/../lib/gcc/arm-none-eabi/12.2.1/thumb/v8-m.main+fp/hard\libc_nano.a(libc_a-memchr-stub.o)
 .ARM.attributes
                0x00000eb9       0x38 e:/thiot/setup/developer/toolchains/gnu_arm/12.2.rel1_2023.7/bin/../lib/gcc/arm-none-eabi/12.2.1/thumb/v8-m.main+fp/hard\libc_nano.a(libc_a-reallocr.o)
 .ARM.attributes
                0x00000ef1       0x38 e:/thiot/setup/developer/toolchains/gnu_arm/12.2.rel1_2023.7/bin/../lib/gcc/arm-none-eabi/12.2.1/thumb/v8-m.main+fp/hard\libc_nano.a(libc_a-msizer.o)
 .ARM.attributes
                0x00000f29       0x38 e:/thiot/setup/developer/toolchains/gnu_arm/12.2.rel1_2023.7/bin/../lib/gcc/arm-none-eabi/12.2.1/thumb/v8-m.main+fp/hard/crtend.o
 .ARM.attributes
                0x00000f61       0x26 e:/thiot/setup/developer/toolchains/gnu_arm/12.2.rel1_2023.7/bin/../lib/gcc/arm-none-eabi/12.2.1/thumb/v8-m.main+fp/hard/crtn.o

.comment        0x00000000       0x45
 .comment       0x00000000       0x45 ./app.o
                                 0x46 (size before relaxing)
 .comment       0x00000045       0x46 ./app_lcd.o
 .comment       0x00000045       0x46 ./dmd_memlcd.o
 .comment       0x00000045       0x46 ./glib.o
 .comment       0x00000045       0x46 ./glib_font_narrow_6x8.o
 .comment       0x00000045       0x46 ./glib_font_normal_8x8.o
 .comment       0x00000045       0x46 ./glib_rectangle.o
 .comment       0x00000045       0x46 ./glib_string.o
 .comment       0x00000045       0x46 ./lcd.o
 .comment       0x00000045       0x46 ./lcd_display.o
 .comment       0x00000045       0x46 ./lcd_spi.o
 .comment       0x00000045       0x46 ./main.o
 .comment       0x00000045       0x46 ./autogen/sl_board_default_init.o
 .comment       0x00000045       0x46 ./autogen/sl_event_handler.o
 .comment       0x00000045       0x46 ./simplicity_sdk_2024.6.2/hardware/board/src/sl_board_control_gpio.o
 .comment       0x00000045       0x46 ./simplicity_sdk_2024.6.2/hardware/board/src/sl_board_init.o
 .comment       0x00000045       0x46 ./simplicity_sdk_2024.6.2/hardware/driver/configuration_over_swo/src/sl_cos.o
 .comment       0x00000045       0x46 ./simplicity_sdk_2024.6.2/platform/Device/SiliconLabs/EFR32MG21/Source/startup_efr32mg21.o
 .comment       0x00000045       0x46 ./simplicity_sdk_2024.6.2/platform/Device/SiliconLabs/EFR32MG21/Source/system_efr32mg21.o
 .comment       0x00000045       0x46 ./simplicity_sdk_2024.6.2/platform/common/src/sl_assert.o
 .comment       0x00000045       0x46 ./simplicity_sdk_2024.6.2/platform/common/src/sl_core_cortexm.o
 .comment       0x00000045       0x46 ./simplicity_sdk_2024.6.2/platform/common/src/sl_syscalls.o
 .comment       0x00000045       0x46 ./simplicity_sdk_2024.6.2/platform/driver/debug/src/sl_debug_swo.o
 .comment       0x00000045       0x46 ./simplicity_sdk_2024.6.2/platform/emlib/src/em_cmu.o
 .comment       0x00000045       0x46 ./simplicity_sdk_2024.6.2/platform/emlib/src/em_emu.o
 .comment       0x00000045       0x46 ./simplicity_sdk_2024.6.2/platform/emlib/src/em_gpio.o
 .comment       0x00000045       0x46 ./simplicity_sdk_2024.6.2/platform/emlib/src/em_rtcc.o
 .comment       0x00000045       0x46 ./simplicity_sdk_2024.6.2/platform/emlib/src/em_system.o
 .comment       0x00000045       0x46 ./simplicity_sdk_2024.6.2/platform/emlib/src/em_usart.o
 .comment       0x00000045       0x46 ./simplicity_sdk_2024.6.2/platform/service/clock_manager/src/sl_clock_manager.o
 .comment       0x00000045       0x46 ./simplicity_sdk_2024.6.2/platform/service/clock_manager/src/sl_clock_manager_hal_s2.o
 .comment       0x00000045       0x46 ./simplicity_sdk_2024.6.2/platform/service/clock_manager/src/sl_clock_manager_init.o
 .comment       0x00000045       0x46 ./simplicity_sdk_2024.6.2/platform/service/clock_manager/src/sl_clock_manager_init_hal_s2.o
 .comment       0x00000045       0x46 ./simplicity_sdk_2024.6.2/platform/service/device_init/src/sl_device_init_emu_s2.o
 .comment       0x00000045       0x46 ./simplicity_sdk_2024.6.2/platform/service/device_manager/devices/sl_device_peripheral_hal_efr32xg21.o
 .comment       0x00000045       0x46 ./simplicity_sdk_2024.6.2/platform/service/device_manager/src/sl_device_clock.o
 .comment       0x00000045       0x46 ./simplicity_sdk_2024.6.2/platform/service/interrupt_manager/src/sl_interrupt_manager_cortexm.o
 .comment       0x00000045       0x46 ./simplicity_sdk_2024.6.2/platform/service/memory_manager/src/sl_memory_manager_region.o
 .comment       0x00000045       0x46 ./simplicity_sdk_2024.6.2/platform/service/sleeptimer/src/sl_sleeptimer.o
 .comment       0x00000045       0x46 ./simplicity_sdk_2024.6.2/platform/service/sleeptimer/src/sl_sleeptimer_hal_rtcc.o
 .comment       0x00000045       0x46 ./simplicity_sdk_2024.6.2/platform/service/system/src/sl_system_init.o
 .comment       0x00000045       0x46 ./simplicity_sdk_2024.6.2/platform/service/system/src/sl_system_process_action.o
 .comment       0x00000045       0x46 ./simplicity_sdk_2024.6.2/platform/service/udelay/src/sl_udelay.o

.debug_line_str
                0x00000000      0x2af
 .debug_line_str
                0x00000000       0xe7 e:/thiot/setup/developer/toolchains/gnu_arm/12.2.rel1_2023.7/bin/../lib/gcc/arm-none-eabi/12.2.1/thumb/v8-m.main+fp/hard/crt0.o
 .debug_line_str
                0x000000e7       0xcd e:/thiot/setup/developer/toolchains/gnu_arm/12.2.rel1_2023.7/bin/../lib/gcc/arm-none-eabi/12.2.1/thumb/v8-m.main+fp/hard\libgcc.a(_aeabi_uldivmod.o)
 .debug_line_str
                0x000001b4        0xc e:/thiot/setup/developer/toolchains/gnu_arm/12.2.rel1_2023.7/bin/../lib/gcc/arm-none-eabi/12.2.1/thumb/v8-m.main+fp/hard\libgcc.a(_dvmd_tls.o)
                                 0xd1 (size before relaxing)
 .debug_line_str
                0x000001c0       0xef e:/thiot/setup/developer/toolchains/gnu_arm/12.2.rel1_2023.7/bin/../lib/gcc/arm-none-eabi/12.2.1/thumb/v8-m.main+fp/hard\libc_nano.a(libc_a-strlen.o)

.debug_info     0x00000000    0x2a8dc
 .debug_info    0x00000000       0x50 ./app.o
 .debug_info    0x00000050      0x887 ./app_lcd.o
 .debug_info    0x000008d7      0xa74 ./dmd_memlcd.o
 .debug_info    0x0000134b      0xe15 ./glib.o
 .debug_info    0x00002160      0x1cc ./glib_font_narrow_6x8.o
 .debug_info    0x0000232c      0x1cc ./glib_font_normal_8x8.o
 .debug_info    0x000024f8      0x6e5 ./glib_rectangle.o
 .debug_info    0x00002bdd      0x9f0 ./glib_string.o
 .debug_info    0x000035cd     0x22cd ./lcd.o
 .debug_info    0x0000589a      0x1bf ./lcd_display.o
 .debug_info    0x00005a59     0x1e7a ./lcd_spi.o
 .debug_info    0x000078d3       0xd6 ./main.o
 .debug_info    0x000079a9       0xc5 ./autogen/sl_board_default_init.o
 .debug_info    0x00007a6e     0x12ce ./autogen/sl_event_handler.o
 .debug_info    0x00008d3c      0x50a ./simplicity_sdk_2024.6.2/hardware/board/src/sl_board_control_gpio.o
 .debug_info    0x00009246      0x13f ./simplicity_sdk_2024.6.2/hardware/board/src/sl_board_init.o
 .debug_info    0x00009385      0x4d5 ./simplicity_sdk_2024.6.2/hardware/driver/configuration_over_swo/src/sl_cos.o
 .debug_info    0x0000985a      0x435 ./simplicity_sdk_2024.6.2/platform/Device/SiliconLabs/EFR32MG21/Source/startup_efr32mg21.o
 .debug_info    0x00009c8f     0x1f2e ./simplicity_sdk_2024.6.2/platform/Device/SiliconLabs/EFR32MG21/Source/system_efr32mg21.o
 .debug_info    0x0000bbbd       0x86 ./simplicity_sdk_2024.6.2/platform/common/src/sl_assert.o
 .debug_info    0x0000bc43      0x91a ./simplicity_sdk_2024.6.2/platform/common/src/sl_core_cortexm.o
 .debug_info    0x0000c55d      0x306 ./simplicity_sdk_2024.6.2/platform/common/src/sl_syscalls.o
 .debug_info    0x0000c863     0x1f05 ./simplicity_sdk_2024.6.2/platform/driver/debug/src/sl_debug_swo.o
 .debug_info    0x0000e768     0x6a33 ./simplicity_sdk_2024.6.2/platform/emlib/src/em_cmu.o
 .debug_info    0x0001519b     0x260b ./simplicity_sdk_2024.6.2/platform/emlib/src/em_emu.o
 .debug_info    0x000177a6     0x1ea1 ./simplicity_sdk_2024.6.2/platform/emlib/src/em_gpio.o
 .debug_info    0x00019647     0x2015 ./simplicity_sdk_2024.6.2/platform/emlib/src/em_rtcc.o
 .debug_info    0x0001b65c      0xec9 ./simplicity_sdk_2024.6.2/platform/emlib/src/em_system.o
 .debug_info    0x0001c525     0x3ec6 ./simplicity_sdk_2024.6.2/platform/emlib/src/em_usart.o
 .debug_info    0x000203eb      0xb2e ./simplicity_sdk_2024.6.2/platform/service/clock_manager/src/sl_clock_manager.o
 .debug_info    0x00020f19     0x21f0 ./simplicity_sdk_2024.6.2/platform/service/clock_manager/src/sl_clock_manager_hal_s2.o
 .debug_info    0x00023109       0xc9 ./simplicity_sdk_2024.6.2/platform/service/clock_manager/src/sl_clock_manager_init.o
 .debug_info    0x000231d2     0x1876 ./simplicity_sdk_2024.6.2/platform/service/clock_manager/src/sl_clock_manager_init_hal_s2.o
 .debug_info    0x00024a48      0x89c ./simplicity_sdk_2024.6.2/platform/service/device_init/src/sl_device_init_emu_s2.o
 .debug_info    0x000252e4      0x697 ./simplicity_sdk_2024.6.2/platform/service/device_manager/devices/sl_device_peripheral_hal_efr32xg21.o
 .debug_info    0x0002597b      0xbe4 ./simplicity_sdk_2024.6.2/platform/service/device_manager/src/sl_device_clock.o
 .debug_info    0x0002655f      0xe94 ./simplicity_sdk_2024.6.2/platform/service/interrupt_manager/src/sl_interrupt_manager_cortexm.o
 .debug_info    0x000273f3      0x1e8 ./simplicity_sdk_2024.6.2/platform/service/memory_manager/src/sl_memory_manager_region.o
 .debug_info    0x000275db     0x1a6d ./simplicity_sdk_2024.6.2/platform/service/sleeptimer/src/sl_sleeptimer.o
 .debug_info    0x00029048     0x158e ./simplicity_sdk_2024.6.2/platform/service/sleeptimer/src/sl_sleeptimer_hal_rtcc.o
 .debug_info    0x0002a5d6       0xa7 ./simplicity_sdk_2024.6.2/platform/service/system/src/sl_system_init.o
 .debug_info    0x0002a67d       0x93 ./simplicity_sdk_2024.6.2/platform/service/system/src/sl_system_process_action.o
 .debug_info    0x0002a710      0x1a6 ./simplicity_sdk_2024.6.2/platform/service/udelay/src/sl_udelay.o
 .debug_info    0x0002a8b6       0x26 ./simplicity_sdk_2024.6.2/platform/service/udelay/src/sl_udelay_armv6m_gcc.o

.debug_abbrev   0x00000000     0x5a87
 .debug_abbrev  0x00000000       0x4a ./app.o
 .debug_abbrev  0x0000004a      0x23b ./app_lcd.o
 .debug_abbrev  0x00000285      0x2e2 ./dmd_memlcd.o
 .debug_abbrev  0x00000567      0x355 ./glib.o
 .debug_abbrev  0x000008bc       0xe8 ./glib_font_narrow_6x8.o
 .debug_abbrev  0x000009a4       0xe8 ./glib_font_normal_8x8.o
 .debug_abbrev  0x00000a8c      0x203 ./glib_rectangle.o
 .debug_abbrev  0x00000c8f      0x294 ./glib_string.o
 .debug_abbrev  0x00000f23      0x3ef ./lcd.o
 .debug_abbrev  0x00001312       0xef ./lcd_display.o
 .debug_abbrev  0x00001401      0x2fa ./lcd_spi.o
 .debug_abbrev  0x000016fb       0x6e ./main.o
 .debug_abbrev  0x00001769       0x87 ./autogen/sl_board_default_init.o
 .debug_abbrev  0x000017f0      0x223 ./autogen/sl_event_handler.o
 .debug_abbrev  0x00001a13      0x18a ./simplicity_sdk_2024.6.2/hardware/board/src/sl_board_control_gpio.o
 .debug_abbrev  0x00001b9d       0xed ./simplicity_sdk_2024.6.2/hardware/board/src/sl_board_init.o
 .debug_abbrev  0x00001c8a      0x20f ./simplicity_sdk_2024.6.2/hardware/driver/configuration_over_swo/src/sl_cos.o
 .debug_abbrev  0x00001e99      0x287 ./simplicity_sdk_2024.6.2/platform/Device/SiliconLabs/EFR32MG21/Source/startup_efr32mg21.o
 .debug_abbrev  0x00002120      0x30d ./simplicity_sdk_2024.6.2/platform/Device/SiliconLabs/EFR32MG21/Source/system_efr32mg21.o
 .debug_abbrev  0x0000242d       0x6c ./simplicity_sdk_2024.6.2/platform/common/src/sl_assert.o
 .debug_abbrev  0x00002499      0x253 ./simplicity_sdk_2024.6.2/platform/common/src/sl_core_cortexm.o
 .debug_abbrev  0x000026ec      0x143 ./simplicity_sdk_2024.6.2/platform/common/src/sl_syscalls.o
 .debug_abbrev  0x0000282f      0x335 ./simplicity_sdk_2024.6.2/platform/driver/debug/src/sl_debug_swo.o
 .debug_abbrev  0x00002b64      0x53f ./simplicity_sdk_2024.6.2/platform/emlib/src/em_cmu.o
 .debug_abbrev  0x000030a3      0x337 ./simplicity_sdk_2024.6.2/platform/emlib/src/em_emu.o
 .debug_abbrev  0x000033da      0x334 ./simplicity_sdk_2024.6.2/platform/emlib/src/em_gpio.o
 .debug_abbrev  0x0000370e      0x27b ./simplicity_sdk_2024.6.2/platform/emlib/src/em_rtcc.o
 .debug_abbrev  0x00003989      0x2aa ./simplicity_sdk_2024.6.2/platform/emlib/src/em_system.o
 .debug_abbrev  0x00003c33      0x33a ./simplicity_sdk_2024.6.2/platform/emlib/src/em_usart.o
 .debug_abbrev  0x00003f6d      0x1ba ./simplicity_sdk_2024.6.2/platform/service/clock_manager/src/sl_clock_manager.o
 .debug_abbrev  0x00004127      0x3ec ./simplicity_sdk_2024.6.2/platform/service/clock_manager/src/sl_clock_manager_hal_s2.o
 .debug_abbrev  0x00004513       0x89 ./simplicity_sdk_2024.6.2/platform/service/clock_manager/src/sl_clock_manager_init.o
 .debug_abbrev  0x0000459c      0x29a ./simplicity_sdk_2024.6.2/platform/service/clock_manager/src/sl_clock_manager_init_hal_s2.o
 .debug_abbrev  0x00004836      0x14b ./simplicity_sdk_2024.6.2/platform/service/device_init/src/sl_device_init_emu_s2.o
 .debug_abbrev  0x00004981       0xc5 ./simplicity_sdk_2024.6.2/platform/service/device_manager/devices/sl_device_peripheral_hal_efr32xg21.o
 .debug_abbrev  0x00004a46       0x69 ./simplicity_sdk_2024.6.2/platform/service/device_manager/src/sl_device_clock.o
 .debug_abbrev  0x00004aaf      0x355 ./simplicity_sdk_2024.6.2/platform/service/interrupt_manager/src/sl_interrupt_manager_cortexm.o
 .debug_abbrev  0x00004e04      0x11e ./simplicity_sdk_2024.6.2/platform/service/memory_manager/src/sl_memory_manager_region.o
 .debug_abbrev  0x00004f22      0x4bf ./simplicity_sdk_2024.6.2/platform/service/sleeptimer/src/sl_sleeptimer.o
 .debug_abbrev  0x000053e1      0x4bc ./simplicity_sdk_2024.6.2/platform/service/sleeptimer/src/sl_sleeptimer_hal_rtcc.o
 .debug_abbrev  0x0000589d       0x5c ./simplicity_sdk_2024.6.2/platform/service/system/src/sl_system_init.o
 .debug_abbrev  0x000058f9       0x5c ./simplicity_sdk_2024.6.2/platform/service/system/src/sl_system_process_action.o
 .debug_abbrev  0x00005955      0x11e ./simplicity_sdk_2024.6.2/platform/service/udelay/src/sl_udelay.o
 .debug_abbrev  0x00005a73       0x14 ./simplicity_sdk_2024.6.2/platform/service/udelay/src/sl_udelay_armv6m_gcc.o

.debug_aranges  0x00000000     0x1020
 .debug_aranges
                0x00000000       0x28 ./app.o
 .debug_aranges
                0x00000028       0x30 ./app_lcd.o
 .debug_aranges
                0x00000058       0x88 ./dmd_memlcd.o
 .debug_aranges
                0x000000e0       0x88 ./glib.o
 .debug_aranges
                0x00000168       0x18 ./glib_font_narrow_6x8.o
 .debug_aranges
                0x00000180       0x18 ./glib_font_normal_8x8.o
 .debug_aranges
                0x00000198       0x38 ./glib_rectangle.o
 .debug_aranges
                0x000001d0       0x38 ./glib_string.o
 .debug_aranges
                0x00000208       0x70 ./lcd.o
 .debug_aranges
                0x00000278       0x20 ./lcd_display.o
 .debug_aranges
                0x00000298       0x40 ./lcd_spi.o
 .debug_aranges
                0x000002d8       0x20 ./main.o
 .debug_aranges
                0x000002f8       0x20 ./autogen/sl_board_default_init.o
 .debug_aranges
                0x00000318       0x60 ./autogen/sl_event_handler.o
 .debug_aranges
                0x00000378       0x70 ./simplicity_sdk_2024.6.2/hardware/board/src/sl_board_control_gpio.o
 .debug_aranges
                0x000003e8       0x28 ./simplicity_sdk_2024.6.2/hardware/board/src/sl_board_init.o
 .debug_aranges
                0x00000410       0x38 ./simplicity_sdk_2024.6.2/hardware/driver/configuration_over_swo/src/sl_cos.o
 .debug_aranges
                0x00000448       0x38 ./simplicity_sdk_2024.6.2/platform/Device/SiliconLabs/EFR32MG21/Source/startup_efr32mg21.o
 .debug_aranges
                0x00000480       0x90 ./simplicity_sdk_2024.6.2/platform/Device/SiliconLabs/EFR32MG21/Source/system_efr32mg21.o
 .debug_aranges
                0x00000510       0x20 ./simplicity_sdk_2024.6.2/platform/common/src/sl_assert.o
 .debug_aranges
                0x00000530       0x98 ./simplicity_sdk_2024.6.2/platform/common/src/sl_core_cortexm.o
 .debug_aranges
                0x000005c8       0x68 ./simplicity_sdk_2024.6.2/platform/common/src/sl_syscalls.o
 .debug_aranges
                0x00000630       0x48 ./simplicity_sdk_2024.6.2/platform/driver/debug/src/sl_debug_swo.o
 .debug_aranges
                0x00000678      0x1b8 ./simplicity_sdk_2024.6.2/platform/emlib/src/em_cmu.o
 .debug_aranges
                0x00000830       0xc0 ./simplicity_sdk_2024.6.2/platform/emlib/src/em_emu.o
 .debug_aranges
                0x000008f0       0x68 ./simplicity_sdk_2024.6.2/platform/emlib/src/em_gpio.o
 .debug_aranges
                0x00000958       0x48 ./simplicity_sdk_2024.6.2/platform/emlib/src/em_rtcc.o
 .debug_aranges
                0x000009a0       0x78 ./simplicity_sdk_2024.6.2/platform/emlib/src/em_system.o
 .debug_aranges
                0x00000a18       0xc0 ./simplicity_sdk_2024.6.2/platform/emlib/src/em_usart.o
 .debug_aranges
                0x00000ad8       0xe8 ./simplicity_sdk_2024.6.2/platform/service/clock_manager/src/sl_clock_manager.o
 .debug_aranges
                0x00000bc0       0xd8 ./simplicity_sdk_2024.6.2/platform/service/clock_manager/src/sl_clock_manager_hal_s2.o
 .debug_aranges
                0x00000c98       0x20 ./simplicity_sdk_2024.6.2/platform/service/clock_manager/src/sl_clock_manager_init.o
 .debug_aranges
                0x00000cb8       0x20 ./simplicity_sdk_2024.6.2/platform/service/clock_manager/src/sl_clock_manager_init_hal_s2.o
 .debug_aranges
                0x00000cd8       0x20 ./simplicity_sdk_2024.6.2/platform/service/device_init/src/sl_device_init_emu_s2.o
 .debug_aranges
                0x00000cf8       0x18 ./simplicity_sdk_2024.6.2/platform/service/device_manager/devices/sl_device_peripheral_hal_efr32xg21.o
 .debug_aranges
                0x00000d10       0x18 ./simplicity_sdk_2024.6.2/platform/service/device_manager/src/sl_device_clock.o
 .debug_aranges
                0x00000d28       0xa0 ./simplicity_sdk_2024.6.2/platform/service/interrupt_manager/src/sl_interrupt_manager_cortexm.o
 .debug_aranges
                0x00000dc8       0x30 ./simplicity_sdk_2024.6.2/platform/service/memory_manager/src/sl_memory_manager_region.o
 .debug_aranges
                0x00000df8      0x120 ./simplicity_sdk_2024.6.2/platform/service/sleeptimer/src/sl_sleeptimer.o
 .debug_aranges
                0x00000f18       0x88 ./simplicity_sdk_2024.6.2/platform/service/sleeptimer/src/sl_sleeptimer_hal_rtcc.o
 .debug_aranges
                0x00000fa0       0x20 ./simplicity_sdk_2024.6.2/platform/service/system/src/sl_system_init.o
 .debug_aranges
                0x00000fc0       0x20 ./simplicity_sdk_2024.6.2/platform/service/system/src/sl_system_process_action.o
 .debug_aranges
                0x00000fe0       0x20 ./simplicity_sdk_2024.6.2/platform/service/udelay/src/sl_udelay.o
 .debug_aranges
                0x00001000       0x20 ./simplicity_sdk_2024.6.2/platform/service/udelay/src/sl_udelay_armv6m_gcc.o

.debug_ranges   0x00000000     0x1410
 .debug_ranges  0x00000000       0x18 ./app.o
 .debug_ranges  0x00000018       0x38 ./app_lcd.o
 .debug_ranges  0x00000050       0x90 ./dmd_memlcd.o
 .debug_ranges  0x000000e0       0x78 ./glib.o
 .debug_ranges  0x00000158       0x28 ./glib_rectangle.o
 .debug_ranges  0x00000180       0x58 ./glib_string.o
 .debug_ranges  0x000001d8       0xf0 ./lcd.o
 .debug_ranges  0x000002c8       0x10 ./lcd_display.o
 .debug_ranges  0x000002d8       0xc0 ./lcd_spi.o
 .debug_ranges  0x00000398       0x10 ./main.o
 .debug_ranges  0x000003a8       0x10 ./autogen/sl_board_default_init.o
 .debug_ranges  0x000003b8       0x50 ./autogen/sl_event_handler.o
 .debug_ranges  0x00000408       0x60 ./simplicity_sdk_2024.6.2/hardware/board/src/sl_board_control_gpio.o
 .debug_ranges  0x00000468       0x18 ./simplicity_sdk_2024.6.2/hardware/board/src/sl_board_init.o
 .debug_ranges  0x00000480       0x40 ./simplicity_sdk_2024.6.2/hardware/driver/configuration_over_swo/src/sl_cos.o