Archive member included to satisfy reference by file (symbol)

e:/thiot/setup/developer/toolchains/gnu_arm/12.2.rel1_2023.7/bin/../lib/gcc/arm-none-eabi/12.2.1/thumb/v7e-m+fp/softfp\libgcc.a(_aeabi_ldivmod.o)
                              ./gecko_sdk_4.4.5/platform/emlib/src/em_usart.o (__aeabi_ldivmod)
e:/thiot/setup/developer/toolchains/gnu_arm/12.2.rel1_2023.7/bin/../lib/gcc/arm-none-eabi/12.2.1/thumb/v7e-m+fp/softfp\libgcc.a(_aeabi_uldivmod.o)
                              ./gecko_sdk_4.4.5/platform/emlib/src/em_usart.o (__aeabi_uldivmod)
e:/thiot/setup/developer/toolchains/gnu_arm/12.2.rel1_2023.7/bin/../lib/gcc/arm-none-eabi/12.2.1/thumb/v7e-m+fp/softfp\libgcc.a(_udivmoddi4.o)
                              e:/thiot/setup/developer/toolchains/gnu_arm/12.2.rel1_2023.7/bin/../lib/gcc/arm-none-eabi/12.2.1/thumb/v7e-m+fp/softfp\libgcc.a(_aeabi_ldivmod.o) (__udivmoddi4)
e:/thiot/setup/developer/toolchains/gnu_arm/12.2.rel1_2023.7/bin/../lib/gcc/arm-none-eabi/12.2.1/thumb/v7e-m+fp/softfp\libgcc.a(_dvmd_tls.o)
                              e:/thiot/setup/developer/toolchains/gnu_arm/12.2.rel1_2023.7/bin/../lib/gcc/arm-none-eabi/12.2.1/thumb/v7e-m+fp/softfp\libgcc.a(_aeabi_ldivmod.o) (__aeabi_ldiv0)
e:/thiot/setup/developer/toolchains/gnu_arm/12.2.rel1_2023.7/bin/../lib/gcc/arm-none-eabi/12.2.1/thumb/v7e-m+fp/softfp\libc_nano.a(libc_a-exit.o)
                              e:/thiot/setup/developer/toolchains/gnu_arm/12.2.rel1_2023.7/bin/../lib/gcc/arm-none-eabi/12.2.1/thumb/v7e-m+fp/softfp/crt0.o (exit)
e:/thiot/setup/developer/toolchains/gnu_arm/12.2.rel1_2023.7/bin/../lib/gcc/arm-none-eabi/12.2.1/thumb/v7e-m+fp/softfp\libc_nano.a(libc_a-ctype_.o)
                              ./gecko_sdk_4.4.5/platform/common/src/sl_string.o (_ctype_)
e:/thiot/setup/developer/toolchains/gnu_arm/12.2.rel1_2023.7/bin/../lib/gcc/arm-none-eabi/12.2.1/thumb/v7e-m+fp/softfp\libc_nano.a(libc_a-findfp.o)
                              e:/thiot/setup/developer/toolchains/gnu_arm/12.2.rel1_2023.7/bin/../lib/gcc/arm-none-eabi/12.2.1/thumb/v7e-m+fp/softfp\libc_nano.a(libc_a-exit.o) (__stdio_exit_handler)
e:/thiot/setup/developer/toolchains/gnu_arm/12.2.rel1_2023.7/bin/../lib/gcc/arm-none-eabi/12.2.1/thumb/v7e-m+fp/softfp\libc_nano.a(libc_a-fwalk.o)
                              e:/thiot/setup/developer/toolchains/gnu_arm/12.2.rel1_2023.7/bin/../lib/gcc/arm-none-eabi/12.2.1/thumb/v7e-m+fp/softfp\libc_nano.a(libc_a-findfp.o) (_fwalk_sglue)
e:/thiot/setup/developer/toolchains/gnu_arm/12.2.rel1_2023.7/bin/../lib/gcc/arm-none-eabi/12.2.1/thumb/v7e-m+fp/softfp\libc_nano.a(libc_a-setvbuf.o)
                              ./gecko_sdk_4.4.5/platform/service/iostream/src/sl_iostream_stdlib_config.o (setvbuf)
e:/thiot/setup/developer/toolchains/gnu_arm/12.2.rel1_2023.7/bin/../lib/gcc/arm-none-eabi/12.2.1/thumb/v7e-m+fp/softfp\libc_nano.a(libc_a-stdio.o)
                              e:/thiot/setup/developer/toolchains/gnu_arm/12.2.rel1_2023.7/bin/../lib/gcc/arm-none-eabi/12.2.1/thumb/v7e-m+fp/softfp\libc_nano.a(libc_a-findfp.o) (__sread)
e:/thiot/setup/developer/toolchains/gnu_arm/12.2.rel1_2023.7/bin/../lib/gcc/arm-none-eabi/12.2.1/thumb/v7e-m+fp/softfp\libc_nano.a(libc_a-vprintf.o)
                              ./gecko_sdk_4.4.5/platform/service/iostream/src/sl_iostream.o (vprintf)
e:/thiot/setup/developer/toolchains/gnu_arm/12.2.rel1_2023.7/bin/../lib/gcc/arm-none-eabi/12.2.1/thumb/v7e-m+fp/softfp\libc_nano.a(libc_a-memset.o)
                              e:/thiot/setup/developer/toolchains/gnu_arm/12.2.rel1_2023.7/bin/../lib/gcc/arm-none-eabi/12.2.1/thumb/v7e-m+fp/softfp/crt0.o (memset)
e:/thiot/setup/developer/toolchains/gnu_arm/12.2.rel1_2023.7/bin/../lib/gcc/arm-none-eabi/12.2.1/thumb/v7e-m+fp/softfp\libc_nano.a(libc_a-closer.o)
                              e:/thiot/setup/developer/toolchains/gnu_arm/12.2.rel1_2023.7/bin/../lib/gcc/arm-none-eabi/12.2.1/thumb/v7e-m+fp/softfp\libc_nano.a(libc_a-stdio.o) (_close_r)
e:/thiot/setup/developer/toolchains/gnu_arm/12.2.rel1_2023.7/bin/../lib/gcc/arm-none-eabi/12.2.1/thumb/v7e-m+fp/softfp\libc_nano.a(libc_a-reent.o)
                              e:/thiot/setup/developer/toolchains/gnu_arm/12.2.rel1_2023.7/bin/../lib/gcc/arm-none-eabi/12.2.1/thumb/v7e-m+fp/softfp\libc_nano.a(libc_a-closer.o) (errno)
e:/thiot/setup/developer/toolchains/gnu_arm/12.2.rel1_2023.7/bin/../lib/gcc/arm-none-eabi/12.2.1/thumb/v7e-m+fp/softfp\libc_nano.a(libc_a-impure.o)
                              ./gecko_sdk_4.4.5/platform/service/iostream/src/sl_iostream_stdlib_config.o (_impure_ptr)
e:/thiot/setup/developer/toolchains/gnu_arm/12.2.rel1_2023.7/bin/../lib/gcc/arm-none-eabi/12.2.1/thumb/v7e-m+fp/softfp\libc_nano.a(libc_a-lseekr.o)
                              e:/thiot/setup/developer/toolchains/gnu_arm/12.2.rel1_2023.7/bin/../lib/gcc/arm-none-eabi/12.2.1/thumb/v7e-m+fp/softfp\libc_nano.a(libc_a-stdio.o) (_lseek_r)
[...]
Memory Configuration

Name             Origin             Length             Attributes
FLASH            0x00000000         0x00080000         xr
RAM              0x20000000         0x00010000         xrw
*default*        0x00000000         0xffffffff

Linker script and memory map

LOAD e:/thiot/setup/developer/toolchains/gnu_arm/12.2.rel1_2023.7/bin/../lib/gcc/arm-none-eabi/12.2.1/thumb/v7e-m+fp/softfp/crti.o
LOAD e:/thiot/setup/developer/toolchains/gnu_arm/12.2.rel1_2023.7/bin/../lib/gcc/arm-none-eabi/12.2.1/thumb/v7e-m+fp/softfp/crtbegin.o
LOAD e:/thiot/setup/developer/toolchains/gnu_arm/12.2.rel1_2023.7/bin/../lib/gcc/arm-none-eabi/12.2.1/thumb/v7e-m+fp/softfp/crt0.o
START GROUP
LOAD ./app.o
LOAD ./main.o
LOAD ./autogen/sl_board_default_init.o
LOAD ./autogen/sl_device_init_clocks.o
LOAD ./autogen/sl_event_handler.o
LOAD ./autogen/sl_i2cspm_init.o
LOAD ./autogen/sl_iostream_handles.o
LOAD ./autogen/sl_iostream_init_usart_instances.o
LOAD ./gecko_sdk_4.4.5/app/common/util/app_log/app_log.o
LOAD ./gecko_sdk_4.4.5/hardware/board/src/sl_board_control_gpio.o
LOAD ./gecko_sdk_4.4.5/hardware/board/src/sl_board_init.o
LOAD ./gecko_sdk_4.4.5/hardware/driver/configuration_over_swo/src/sl_cos.o
LOAD ./gecko_sdk_4.4.5/hardware/driver/mx25_flash_shutdown/src/sl_mx25_flash_shutdown_usart/sl_mx25_flash_shutdown.o
LOAD ./gecko_sdk_4.4.5/platform/Device/SiliconLabs/EFR32BG13P/Source/startup_efr32bg13p.o
LOAD ./gecko_sdk_4.4.5/platform/Device/SiliconLabs/EFR32BG13P/Source/system_efr32bg13p.o
LOAD ./gecko_sdk_4.4.5/platform/common/src/sl_assert.o
LOAD ./gecko_sdk_4.4.5/platform/common/src/sl_string.o
LOAD ./gecko_sdk_4.4.5/platform/common/src/sl_syscalls.o
LOAD ./gecko_sdk_4.4.5/platform/common/toolchain/src/sl_memory.o
LOAD ./gecko_sdk_4.4.5/platform/driver/debug/src/sl_debug_swo.o
LOAD ./gecko_sdk_4.4.5/platform/driver/i2cspm/src/sl_i2cspm.o
LOAD ./gecko_sdk_4.4.5/platform/emdrv/dmadrv/src/dmadrv.o
LOAD ./gecko_sdk_4.4.5/platform/emlib/src/em_cmu.o
LOAD ./gecko_sdk_4.4.5/platform/emlib/src/em_core.o
LOAD ./gecko_sdk_4.4.5/platform/emlib/src/em_emu.o
LOAD ./gecko_sdk_4.4.5/platform/emlib/src/em_gpio.o
LOAD ./gecko_sdk_4.4.5/platform/emlib/src/em_i2c.o
LOAD ./gecko_sdk_4.4.5/platform/emlib/src/em_ldma.o
LOAD ./gecko_sdk_4.4.5/platform/emlib/src/em_msc.o
LOAD ./gecko_sdk_4.4.5/platform/emlib/src/em_rtcc.o
LOAD ./gecko_sdk_4.4.5/platform/emlib/src/em_system.o
LOAD ./gecko_sdk_4.4.5/platform/emlib/src/em_timer.o
LOAD ./gecko_sdk_4.4.5/platform/emlib/src/em_usart.o
LOAD ./gecko_sdk_4.4.5/platform/service/device_init/src/sl_device_init_dcdc_s1.o
LOAD ./gecko_sdk_4.4.5/platform/service/device_init/src/sl_device_init_emu_s1.o
LOAD ./gecko_sdk_4.4.5/platform/service/device_init/src/sl_device_init_hfxo_s1.o
LOAD ./gecko_sdk_4.4.5/platform/service/device_init/src/sl_device_init_lfxo_s1.o
LOAD ./gecko_sdk_4.4.5/platform/service/device_init/src/sl_device_init_nvic.o
LOAD ./gecko_sdk_4.4.5/platform/service/iostream/src/sl_iostream.o
LOAD ./gecko_sdk_4.4.5/platform/service/iostream/src/sl_iostream_retarget_stdio.o
LOAD ./gecko_sdk_4.4.5/platform/service/iostream/src/sl_iostream_stdlib_config.o
LOAD ./gecko_sdk_4.4.5/platform/service/iostream/src/sl_iostream_uart.o
LOAD ./gecko_sdk_4.4.5/platform/service/iostream/src/sl_iostream_usart.o
LOAD ./gecko_sdk_4.4.5/platform/service/sleeptimer/src/sl_sleeptimer.o
LOAD ./gecko_sdk_4.4.5/platform/service/sleeptimer/src/sl_sleeptimer_hal_prortc.o
LOAD ./gecko_sdk_4.4.5/platform/service/sleeptimer/src/sl_sleeptimer_hal_rtcc.o
LOAD ./gecko_sdk_4.4.5/platform/service/sleeptimer/src/sl_sleeptimer_hal_timer.o
LOAD ./gecko_sdk_4.4.5/platform/service/system/src/sl_system_init.o
LOAD ./gecko_sdk_4.4.5/platform/service/system/src/sl_system_process_action.o
LOAD ./gecko_sdk_4.4.5/platform/service/udelay/src/sl_udelay.o
LOAD ./gecko_sdk_4.4.5/platform/service/udelay/src/sl_udelay_armv6m_gcc.o
LOAD e:/thiot/setup/developer/toolchains/gnu_arm/12.2.rel1_2023.7/bin/../lib/gcc/arm-none-eabi/12.2.1/thumb/v7e-m+fp/softfp\libgcc.a
LOAD e:/thiot/setup/developer/toolchains/gnu_arm/12.2.rel1_2023.7/bin/../lib/gcc/arm-none-eabi/12.2.1/thumb/v7e-m+fp/softfp\libc_nano.a
LOAD e:/thiot/setup/developer/toolchains/gnu_arm/12.2.rel1_2023.7/bin/../lib/gcc/arm-none-eabi/12.2.1/thumb/v7e-m+fp/softfp\libm.a
LOAD e:/thiot/setup/developer/toolchains/gnu_arm/12.2.rel1_2023.7/bin/../lib/gcc/arm-none-eabi/12.2.1/thumb/v7e-m+fp/softfp\libnosys.a
END GROUP
START GROUP
LOAD e:/thiot/setup/developer/toolchains/gnu_arm/12.2.rel1_2023.7/bin/../lib/gcc/arm-none-eabi/12.2.1/thumb/v7e-m+fp/softfp\libgcc.a
LOAD e:/thiot/setup/developer/toolchains/gnu_arm/12.2.rel1_2023.7/bin/../lib/gcc/arm-none-eabi/12.2.1/thumb/v7e-m+fp/softfp\libc_nano.a
LOAD e:/thiot/setup/developer/toolchains/gnu_arm/12.2.rel1_2023.7/bin/../lib/gcc/arm-none-eabi/12.2.1/thumb/v7e-m+fp/softfp\libnosys.a
END GROUP
START GROUP
LOAD e:/thiot/setup/developer/toolchains/gnu_arm/12.2.rel1_2023.7/bin/../lib/gcc/arm-none-eabi/12.2.1/thumb/v7e-m+fp/softfp\libgcc.a
LOAD e:/thiot/setup/developer/toolchains/gnu_arm/12.2.rel1_2023.7/bin/../lib/gcc/arm-none-eabi/12.2.1/thumb/v7e-m+fp/softfp\libg_nano.a
LOAD e:/thiot/setup/developer/toolchains/gnu_arm/12.2.rel1_2023.7/bin/../lib/gcc/arm-none-eabi/12.2.1/thumb/v7e-m+fp/softfp\libc_nano.a
END GROUP
START GROUP
LOAD e:/thiot/setup/developer/toolchains/gnu_arm/12.2.rel1_2023.7/bin/../lib/gcc/arm-none-eabi/12.2.1/thumb/v7e-m+fp/softfp\libgcc.a
LOAD e:/thiot/setup/developer/toolchains/gnu_arm/12.2.rel1_2023.7/bin/../lib/gcc/arm-none-eabi/12.2.1/thumb/v7e-m+fp/softfp\libc_nano.a
END GROUP
LOAD e:/thiot/setup/developer/toolchains/gnu_arm/12.2.rel1_2023.7/bin/../lib/gcc/arm-none-eabi/12.2.1/thumb/v7e-m+fp/softfp/crtend.o
LOAD e:/thiot/setup/developer/toolchains/gnu_arm/12.2.rel1_2023.7/bin/../lib/gcc/arm-none-eabi/12.2.1/thumb/v7e-m+fp/softfp/crtn.o

.text           0x00000000     0x594c
                0x00000000                linker_vectors_begin = .
 *(.vectors)
 .vectors       0x00000000       0xfc ./gecko_sdk_4.4.5/platform/Device/SiliconLabs/EFR32BG13P/Source/startup_efr32bg13p.o
                0x00000000                __Vectors
                0x000000fc                linker_vectors_end = .
                0x000000fc                __Vectors_End = .
                0x000000fc                __Vectors_Size = (__Vectors_End - __Vectors)
                0x000000fc                linker_code_begin = .
 *(SORT_BY_ALIGNMENT(.text*))
 *fill*         0x000000fc        0x4 
 .text          0x00000100        0x8 ./gecko_sdk_4.4.5/platform/service/udelay/src/sl_udelay_armv6m_gcc.o
                0x00000100                sli_delay_loop
 *fill*         0x00000108        0x8 
 .text          0x00000110       0xa0 e:/thiot/setup/developer/toolchains/gnu_arm/12.2.rel1_2023.7/bin/../lib/gcc/arm-none-eabi/12.2.1/thumb/v7e-m+fp/softfp\libc_nano.a(libc_a-memchr.o)
                0x00000110                memchr
 .text.deregister_tm_clones
                0x000001b0       0x1c e:/thiot/setup/developer/toolchains/gnu_arm/12.2.rel1_2023.7/bin/../lib/gcc/arm-none-eabi/12.2.1/thumb/v7e-m+fp/softfp/crtbegin.o
 .text.register_tm_clones
                0x000001cc       0x24 e:/thiot/setup/developer/toolchains/gnu_arm/12.2.rel1_2023.7/bin/../lib/gcc/arm-none-eabi/12.2.1/thumb/v7e-m+fp/softfp/crtbegin.o
 .text.__do_global_dtors_aux
                0x000001f0       0x28 e:/thiot/setup/developer/toolchains/gnu_arm/12.2.rel1_2023.7/bin/../lib/gcc/arm-none-eabi/12.2.1/thumb/v7e-m+fp/softfp/crtbegin.o
 .text.frame_dummy
                0x00000218       0x24 e:/thiot/setup/developer/toolchains/gnu_arm/12.2.rel1_2023.7/bin/../lib/gcc/arm-none-eabi/12.2.1/thumb/v7e-m+fp/softfp/crtbegin.o
 .text          0x0000023c       0x7c e:/thiot/setup/developer/toolchains/gnu_arm/12.2.rel1_2023.7/bin/../lib/gcc/arm-none-eabi/12.2.1/thumb/v7e-m+fp/softfp/crt0.o
                0x0000023c                _stack_init
                0x00000244                _start
                0x00000244                _mainCRTStartup
 .text.startup.main
                0x000002b8       0xdc ./main.o
                0x000002b8                main
 .text.sl_device_init_clocks
                0x00000394       0x48 ./autogen/sl_device_init_clocks.o
                0x00000394                sl_device_init_clocks
 .text.sl_platform_init
                0x000003dc       0x90 ./autogen/sl_event_handler.o
                0x000003dc                sl_platform_init
 .text.sl_i2cspm_init_instances
                0x0000046c       0x1c ./autogen/sl_i2cspm_init.o
                0x0000046c                sl_i2cspm_init_instances
 .text.sl_iostream_usart_init_vcom
                0x00000488       0xc0 ./autogen/sl_iostream_init_usart_instances.o
                0x00000488                sl_iostream_usart_init_vcom
 .text.sl_iostream_usart_init_instances
                0x00000548       0x1c ./autogen/sl_iostream_init_usart_instances.o
                0x00000548                sl_iostream_usart_init_instances
 .text.USART0_RX_IRQHandler
                0x00000564        0xc ./autogen/sl_iostream_init_usart_instances.o
                0x00000564                USART0_RX_IRQHandler
 .text.app_log_check_level
                0x00000570       0x40 ./gecko_sdk_4.4.5/app/common/util/app_log/app_log.o
                0x00000570                app_log_check_level
 .text.app_log_init
                0x000005b0       0x38 ./gecko_sdk_4.4.5/app/common/util/app_log/app_log.o
                0x000005b0                app_log_init
 .text.sl_board_enable_sensor
                0x000005e8       0x60 ./gecko_sdk_4.4.5/hardware/board/src/sl_board_control_gpio.o
                0x000005e8                sl_board_enable_sensor
 .text.sl_board_init
                0x00000648       0x20 ./gecko_sdk_4.4.5/hardware/board/src/sl_board_init.o
                0x00000648                sl_board_init
 .text.sl_board_preinit
                0x00000668        0xc ./gecko_sdk_4.4.5/hardware/board/src/sl_board_init.o
                0x00000668                sl_board_preinit
 .text.cs_high  0x00000674        0xc ./gecko_sdk_4.4.5/hardware/driver/mx25_flash_shutdown/src/sl_mx25_flash_shutdown_usart/sl_mx25_flash_shutdown.o
 .text.cs_low   0x00000680        0xc ./gecko_sdk_4.4.5/hardware/driver/mx25_flash_shutdown/src/sl_mx25_flash_shutdown_usart/sl_mx25_flash_shutdown.o
 .text.sl_mx25_flash_shutdown
                0x0000068c       0xfc ./gecko_sdk_4.4.5/hardware/driver/mx25_flash_shutdown/src/sl_mx25_flash_shutdown_usart/sl_mx25_flash_shutdown.o
                0x0000068c                sl_mx25_flash_shutdown
 .text.Reset_Handler
                0x00000788       0x60 ./gecko_sdk_4.4.5/platform/Device/SiliconLabs/EFR32BG13P/Source/startup_efr32bg13p.o
                0x00000788                Reset_Handler
 .text.SystemMaxCoreClockGet
                0x000007e8        0x8 ./gecko_sdk_4.4.5/platform/Device/SiliconLabs/EFR32BG13P/Source/system_efr32bg13p.o
                0x000007e8                SystemMaxCoreClockGet
 .text.SystemHFClockGet
                0x000007f0       0x54 ./gecko_sdk_4.4.5/platform/Device/SiliconLabs/EFR32BG13P/Source/system_efr32bg13p.o
                0x000007f0                SystemHFClockGet
 .text.SystemCoreClockGet
                0x00000844       0x24 ./gecko_sdk_4.4.5/platform/Device/SiliconLabs/EFR32BG13P/Source/system_efr32bg13p.o
                0x00000844                SystemCoreClockGet
 .text.SystemHFXOClockGet
                0x00000868        0xc ./gecko_sdk_4.4.5/platform/Device/SiliconLabs/EFR32BG13P/Source/system_efr32bg13p.o
                0x00000868                SystemHFXOClockGet
 .text.SystemHFXOClockSet
                0x00000874       0x20 ./gecko_sdk_4.4.5/platform/Device/SiliconLabs/EFR32BG13P/Source/system_efr32bg13p.o
                0x00000874                SystemHFXOClockSet
 .text.SystemInit
                0x00000894       0x1c ./gecko_sdk_4.4.5/platform/Device/SiliconLabs/EFR32BG13P/Source/system_efr32bg13p.o
                0x00000894                SystemInit
 .text.SystemLFXOClockGet
                0x000008b0        0xc ./gecko_sdk_4.4.5/platform/Device/SiliconLabs/EFR32BG13P/Source/system_efr32bg13p.o
                0x000008b0                SystemLFXOClockGet
 .text._sbrk    0x000008bc       0x20 ./gecko_sdk_4.4.5/platform/common/toolchain/src/sl_memory.o
                0x000008bc                _sbrk
 .text.sl_debug_swo_init
                0x000008dc       0xcc ./gecko_sdk_4.4.5/platform/driver/debug/src/sl_debug_swo.o
                0x000008dc                sl_debug_swo_init
 .text.sl_debug_swo_write_u8
                0x000009a8       0x44 ./gecko_sdk_4.4.5/platform/driver/debug/src/sl_debug_swo.o
                0x000009a8                sl_debug_swo_write_u8
 .text.I2CSPM_Init
                0x000009ec      0x13c ./gecko_sdk_4.4.5/platform/driver/i2cspm/src/sl_i2cspm.o
                0x000009ec                I2CSPM_Init
 .text.I2CSPM_Transfer
                0x00000b28       0x20 ./gecko_sdk_4.4.5/platform/driver/i2cspm/src/sl_i2cspm.o
                0x00000b28                I2CSPM_Transfer
 .text.StartTransfer
                0x00000b48      0x178 ./gecko_sdk_4.4.5/platform/emdrv/dmadrv/src/dmadrv.o
 .text.DMADRV_AllocateChannel
                0x00000cc0       0x60 ./gecko_sdk_4.4.5/platform/emdrv/dmadrv/src/dmadrv.o
                0x00000cc0                DMADRV_AllocateChannel
 .text.DMADRV_DeInit
                0x00000d20       0x44 ./gecko_sdk_4.4.5/platform/emdrv/dmadrv/src/dmadrv.o
                0x00000d20                DMADRV_DeInit
 .text.DMADRV_FreeChannel
                0x00000d64       0x4c ./gecko_sdk_4.4.5/platform/emdrv/dmadrv/src/dmadrv.o
                0x00000d64                DMADRV_FreeChannel
 .text.DMADRV_Init
                0x00000db0       0x6c ./gecko_sdk_4.4.5/platform/emdrv/dmadrv/src/dmadrv.o
                0x00000db0                DMADRV_Init
 .text.DMADRV_PauseTransfer
                0x00000e1c       0x40 ./gecko_sdk_4.4.5/platform/emdrv/dmadrv/src/dmadrv.o
                0x00000e1c                DMADRV_PauseTransfer
 .text.DMADRV_ResumeTransfer
                0x00000e5c       0x40 ./gecko_sdk_4.4.5/platform/emdrv/dmadrv/src/dmadrv.o
                0x00000e5c                DMADRV_ResumeTransfer
 .text.DMADRV_StopTransfer
                0x00000e9c       0x40 ./gecko_sdk_4.4.5/platform/emdrv/dmadrv/src/dmadrv.o
                0x00000e9c                DMADRV_StopTransfer
 .text.DMADRV_TransferCompletePending
                0x00000edc       0x50 ./gecko_sdk_4.4.5/platform/emdrv/dmadrv/src/dmadrv.o
                0x00000edc                DMADRV_TransferCompletePending
 .text.DMADRV_TransferDone
                0x00000f2c       0x44 ./gecko_sdk_4.4.5/platform/emdrv/dmadrv/src/dmadrv.o
                0x00000f2c                DMADRV_TransferDone
 .text.LDMA_IRQHandler
                0x00000f70       0x70 ./gecko_sdk_4.4.5/platform/emdrv/dmadrv/src/dmadrv.o
                0x00000f70                LDMA_IRQHandler
 .text.setHfLeConfig
                0x00000fe0       0x44 ./gecko_sdk_4.4.5/platform/emlib/src/em_cmu.o
 .text.flashWaitStateControl
                0x00001024       0x54 ./gecko_sdk_4.4.5/platform/emlib/src/em_cmu.o
 .text.flashWaitStateMax
                0x00001078       0x24 ./gecko_sdk_4.4.5/platform/emlib/src/em_cmu.o
 .text.EMU_VScaleWait
                0x0000109c       0x1c ./gecko_sdk_4.4.5/platform/emlib/src/em_cmu.o
 .text.EMU_VScaleGet
                0x000010b8       0x14 ./gecko_sdk_4.4.5/platform/emlib/src/em_cmu.o
 .text.syncReg  0x000010cc       0x18 ./gecko_sdk_4.4.5/platform/emlib/src/em_cmu.o
 .text.CMU_UpdateWaitStates
                0x000010e4       0x20 ./gecko_sdk_4.4.5/platform/emlib/src/em_cmu.o
                0x000010e4                CMU_UpdateWaitStates
 .text.CMU_ClockEnable
                0x00001104       0x9c ./gecko_sdk_4.4.5/platform/emlib/src/em_cmu.o
                0x00001104                CMU_ClockEnable
 .text.CMU_ClockPrescGet
                0x000011a0       0xec ./gecko_sdk_4.4.5/platform/emlib/src/em_cmu.o
                0x000011a0                CMU_ClockPrescGet
 .text.CMU_ClockSelectGet
                0x0000128c       0xdc ./gecko_sdk_4.4.5/platform/emlib/src/em_cmu.o
                0x0000128c                CMU_ClockSelectGet
 .text.lfClkGet
                0x00001368       0xb8 ./gecko_sdk_4.4.5/platform/emlib/src/em_cmu.o
 .text.CMU_ClockFreqGet
                0x00001420      0x1d0 ./gecko_sdk_4.4.5/platform/emlib/src/em_cmu.o
                0x00001420                CMU_ClockFreqGet
 .text.CMU_LFXOPrecisionSet
                0x000015f0        0xc ./gecko_sdk_4.4.5/platform/emlib/src/em_cmu.o
                0x000015f0                CMU_LFXOPrecisionSet
 .text.CMU_HFXOPrecisionSet
                0x000015fc        0xc ./gecko_sdk_4.4.5/platform/emlib/src/em_cmu.o
                0x000015fc                CMU_HFXOPrecisionSet
 .text.CMU_OscillatorTuningSet
                0x00001608      0x120 ./gecko_sdk_4.4.5/platform/emlib/src/em_cmu.o
                0x00001608                CMU_OscillatorTuningSet
 .text.CMU_OscillatorTuningWait
                0x00001728       0x64 ./gecko_sdk_4.4.5/platform/emlib/src/em_cmu.o
                0x00001728                CMU_OscillatorTuningWait
 .text.CMU_OscillatorTuningOptimize
                0x0000178c       0x38 ./gecko_sdk_4.4.5/platform/emlib/src/em_cmu.o
                0x0000178c                CMU_OscillatorTuningOptimize
 .text.CMU_OscillatorEnable
                0x000017c4      0x19c ./gecko_sdk_4.4.5/platform/emlib/src/em_cmu.o
                0x000017c4                CMU_OscillatorEnable
 .text.sli_em_cmu_HFClockSelectHFXO
                0x00001960       0x60 ./gecko_sdk_4.4.5/platform/emlib/src/em_cmu.o
                0x00001960                sli_em_cmu_HFClockSelectHFXO
 .text.CMU_HFXOInit
                0x000019c0       0xa0 ./gecko_sdk_4.4.5/platform/emlib/src/em_cmu.o
                0x000019c0                CMU_HFXOInit
 .text.CMU_LFXOInit
                0x00001a60       0x58 ./gecko_sdk_4.4.5/platform/emlib/src/em_cmu.o
                0x00001a60                CMU_LFXOInit
 .text.EMU_LDOStatusGet
                0x00001ab8       0x14 ./gecko_sdk_4.4.5/platform/emlib/src/em_emu.o
 .text.lpGetDevinfoVrefLowHigh
                0x00001acc       0x74 ./gecko_sdk_4.4.5/platform/emlib/src/em_emu.o
 .text.EMU_VScaleWait
                0x00001b40       0x18 ./gecko_sdk_4.4.5/platform/emlib/src/em_emu.o
 .text.EMU_EM4Init
                0x00001b58       0x40 ./gecko_sdk_4.4.5/platform/emlib/src/em_emu.o
                0x00001b58                EMU_EM4Init
 .text.EMU_VScaleEM01
                0x00001b98       0x98 ./gecko_sdk_4.4.5/platform/emlib/src/em_emu.o
                0x00001b98                EMU_VScaleEM01
 .text.EMU_VScaleEM01ByClock
                0x00001c30       0x4c ./gecko_sdk_4.4.5/platform/emlib/src/em_emu.o
                0x00001c30                EMU_VScaleEM01ByClock
 .text.EMU_DCDCModeSet
                0x00001c7c       0x68 ./gecko_sdk_4.4.5/platform/emlib/src/em_emu.o
                0x00001c7c                EMU_DCDCModeSet
 .text.EMU_DCDCOutputVoltageSet
                0x00001ce4      0x1f0 ./gecko_sdk_4.4.5/platform/emlib/src/em_emu.o
                0x00001ce4                EMU_DCDCOutputVoltageSet
 .text.EMU_DCDCOptimizeSlice
                0x00001ed4       0xdc ./gecko_sdk_4.4.5/platform/emlib/src/em_emu.o
                0x00001ed4                EMU_DCDCOptimizeSlice
 .text.EMU_DCDCLnRcoBandSet
                0x00001fb0       0x44 ./gecko_sdk_4.4.5/platform/emlib/src/em_emu.o
                0x00001fb0                EMU_DCDCLnRcoBandSet
 .text.EMU_DCDCInit
                0x00001ff4      0x170 ./gecko_sdk_4.4.5/platform/emlib/src/em_emu.o
                0x00001ff4                EMU_DCDCInit
 .text.GPIO_PinOutSet
                0x00002164       0x40 ./gecko_sdk_4.4.5/platform/emlib/src/em_gpio.o
 .text.GPIO_PinOutClear
                0x000021a4       0x40 ./gecko_sdk_4.4.5/platform/emlib/src/em_gpio.o
 .text.GPIO_DbgLocationSet
                0x000021e4       0x2c ./gecko_sdk_4.4.5/platform/emlib/src/em_gpio.o
                0x000021e4                GPIO_DbgLocationSet
 .text.GPIO_PinModeSet
                0x00002210       0x90 ./gecko_sdk_4.4.5/platform/emlib/src/em_gpio.o
                0x00002210                GPIO_PinModeSet
 .text.I2C_BusFreqSet
                0x000022a0      0x114 ./gecko_sdk_4.4.5/platform/emlib/src/em_i2c.o
                0x000022a0                I2C_BusFreqSet
 .text.I2C_Enable
                0x000023b4       0x34 ./gecko_sdk_4.4.5/platform/emlib/src/em_i2c.o
                0x000023b4                I2C_Enable
 .text.I2C_Init
                0x000023e8       0x58 ./gecko_sdk_4.4.5/platform/emlib/src/em_i2c.o
                0x000023e8                I2C_Init
 .text.I2C_Transfer
                0x00002440      0x204 ./gecko_sdk_4.4.5/platform/emlib/src/em_i2c.o
                0x00002440                I2C_Transfer
 .text.I2C_TransferInit
                0x00002644       0xb8 ./gecko_sdk_4.4.5/platform/emlib/src/em_i2c.o
                0x00002644                I2C_TransferInit
 .text.LDMA_DeInit
                0x000026fc       0x2c ./gecko_sdk_4.4.5/platform/emlib/src/em_ldma.o
                0x000026fc                LDMA_DeInit
 .text.LDMA_EnableChannelRequest
                0x00002728       0x38 ./gecko_sdk_4.4.5/platform/emlib/src/em_ldma.o
                0x00002728                LDMA_EnableChannelRequest
 .text.LDMA_Init
                0x00002760       0x84 ./gecko_sdk_4.4.5/platform/emlib/src/em_ldma.o
                0x00002760                LDMA_Init
 .text.LDMA_StartTransfer
                0x000027e4      0x104 ./gecko_sdk_4.4.5/platform/emlib/src/em_ldma.o
                0x000027e4                LDMA_StartTransfer
 .text.LDMA_StopTransfer
                0x000028e8       0x40 ./gecko_sdk_4.4.5/platform/emlib/src/em_ldma.o
                0x000028e8                LDMA_StopTransfer
 .text.LDMA_TransferDone
                0x00002928       0x44 ./gecko_sdk_4.4.5/platform/emlib/src/em_ldma.o
                0x00002928                LDMA_TransferDone
 .text.RTCC_ChannelInit
                0x0000296c       0x58 ./gecko_sdk_4.4.5/platform/emlib/src/em_rtcc.o
                0x0000296c                RTCC_ChannelInit
 .text.RTCC_Enable
                0x000029c4        0xc ./gecko_sdk_4.4.5/platform/emlib/src/em_rtcc.o
                0x000029c4                RTCC_Enable
 .text.RTCC_Init
                0x000029d0       0x3c ./gecko_sdk_4.4.5/platform/emlib/src/em_rtcc.o
                0x000029d0                RTCC_Init
 .text.SYSTEM_ChipRevisionGet
                0x00002a0c       0x50 ./gecko_sdk_4.4.5/platform/emlib/src/em_system.o
                0x00002a0c                SYSTEM_ChipRevisionGet
 .text.USART_BaudrateAsyncSet
                0x00002a5c       0xe4 ./gecko_sdk_4.4.5/platform/emlib/src/em_usart.o
                0x00002a5c                USART_BaudrateAsyncSet
 .text.USART_BaudrateSyncSet
                0x00002b40       0x4c ./gecko_sdk_4.4.5/platform/emlib/src/em_usart.o
                0x00002b40                USART_BaudrateSyncSet
 .text.USART_Enable
                0x00002b8c       0x3c ./gecko_sdk_4.4.5/platform/emlib/src/em_usart.o
                0x00002b8c                USART_Enable
 .text.USART_Reset
                0x00002bc8       0x78 ./gecko_sdk_4.4.5/platform/emlib/src/em_usart.o
                0x00002bc8                USART_Reset
 .text.USART_InitAsync
                0x00002c40       0xa8 ./gecko_sdk_4.4.5/platform/emlib/src/em_usart.o
                0x00002c40                USART_InitAsync
 .text.USART_InitSync
                0x00002ce8       0xa8 ./gecko_sdk_4.4.5/platform/emlib/src/em_usart.o
                0x00002ce8                USART_InitSync
 .text.sl_device_init_dcdc
                0x00002d90       0x2c ./gecko_sdk_4.4.5/platform/service/device_init/src/sl_device_init_dcdc_s1.o
                0x00002d90                sl_device_init_dcdc
 .text.sl_device_init_hfxo
                0x00002dbc       0x74 ./gecko_sdk_4.4.5/platform/service/device_init/src/sl_device_init_hfxo_s1.o
                0x00002dbc                sl_device_init_hfxo
 .text.sl_device_init_lfxo
                0x00002e30       0x28 ./gecko_sdk_4.4.5/platform/service/device_init/src/sl_device_init_lfxo_s1.o
                0x00002e30                sl_device_init_lfxo
 .text.sl_device_init_nvic
                0x00002e58       0x3c ./gecko_sdk_4.4.5/platform/service/device_init/src/sl_device_init_nvic.o
                0x00002e58                sl_device_init_nvic
 .text.sl_iostream_set_default
                0x00002e94       0x18 ./gecko_sdk_4.4.5/platform/service/iostream/src/sl_iostream.o
                0x00002e94                sl_iostream_set_default
 .text.sl_iostream_get_default
                0x00002eac       0x18 ./gecko_sdk_4.4.5/platform/service/iostream/src/sl_iostream.o
                0x00002eac                sl_iostream_get_default
 .text._write   0x00002ec4       0x20 ./gecko_sdk_4.4.5/platform/service/iostream/src/sl_iostream_retarget_stdio.o
                0x00002ec4                _write
 .text.sl_iostream_stdlib_disable_buffering
                0x00002ee4       0x14 ./gecko_sdk_4.4.5/platform/service/iostream/src/sl_iostream_stdlib_config.o
                0x00002ee4                sl_iostream_stdlib_disable_buffering
 .text.get_write_ptr
                0x00002ef8       0x40 ./gecko_sdk_4.4.5/platform/service/iostream/src/sl_iostream_uart.o
 .text.dma_irq_handler
                0x00002f38       0x74 ./gecko_sdk_4.4.5/platform/service/iostream/src/sl_iostream_uart.o
 .text.uart_read
                0x00002fac      0x1f4 ./gecko_sdk_4.4.5/platform/service/iostream/src/sl_iostream_uart.o
 .text.uart_deinit
                0x000031a0       0x98 ./gecko_sdk_4.4.5/platform/service/iostream/src/sl_iostream_uart.o
 .text.uart_write
                0x00003238       0xbc ./gecko_sdk_4.4.5/platform/service/iostream/src/sl_iostream_uart.o
 .text.sli_iostream_uart_context_init
                0x000032f4       0xf8 ./gecko_sdk_4.4.5/platform/service/iostream/src/sl_iostream_uart.o
                0x000032f4                sli_iostream_uart_context_init
 .text.sl_iostream_usart_init
                0x000033ec      0x168 ./gecko_sdk_4.4.5/platform/service/iostream/src/sl_iostream_usart.o
                0x000033ec                sl_iostream_usart_init
 .text.delta_list_insert_timer
                0x00003554       0x40 ./gecko_sdk_4.4.5/platform/service/sleeptimer/src/sl_sleeptimer.o
 .text.update_delta_list
                0x00003594       0x34 ./gecko_sdk_4.4.5/platform/service/sleeptimer/src/sl_sleeptimer.o
 .text.set_comparator_for_next_timer
                0x000035c8       0x5c ./gecko_sdk_4.4.5/platform/service/sleeptimer/src/sl_sleeptimer.o
 .text.create_timer
                0x00003624       0x88 ./gecko_sdk_4.4.5/platform/service/sleeptimer/src/sl_sleeptimer.o
 .text.delta_list_remove_timer
                0x000036ac       0x38 ./gecko_sdk_4.4.5/platform/service/sleeptimer/src/sl_sleeptimer.o
 .text.sl_sleeptimer_init
                0x000036e4       0x74 ./gecko_sdk_4.4.5/platform/service/sleeptimer/src/sl_sleeptimer.o
                0x000036e4                sl_sleeptimer_init
 .text.sl_sleeptimer_is_timer_running
                0x00003758       0x3c ./gecko_sdk_4.4.5/platform/service/sleeptimer/src/sl_sleeptimer.o
                0x00003758                sl_sleeptimer_is_timer_running
 .text.sl_sleeptimer_ms_to_tick
                0x00003794       0x24 ./gecko_sdk_4.4.5/platform/service/sleeptimer/src/sl_sleeptimer.o
                0x00003794                sl_sleeptimer_ms_to_tick
 .text.sl_sleeptimer_delay_millisecond
                0x000037b8       0x38 ./gecko_sdk_4.4.5/platform/service/sleeptimer/src/sl_sleeptimer.o
                0x000037b8                sl_sleeptimer_delay_millisecond
 .text.process_timer_irq
                0x000037f0      0x154 ./gecko_sdk_4.4.5/platform/service/sleeptimer/src/sl_sleeptimer.o
                0x000037f0                process_timer_irq
 .text.sleeptimer_hal_init_timer
                0x00003944       0x8c ./gecko_sdk_4.4.5/platform/service/sleeptimer/src/sl_sleeptimer_hal_rtcc.o
                0x00003944                sleeptimer_hal_init_timer
 .text.sleeptimer_hal_get_counter
                0x000039d0        0xc ./gecko_sdk_4.4.5/platform/service/sleeptimer/src/sl_sleeptimer_hal_rtcc.o
                0x000039d0                sleeptimer_hal_get_counter
 .text.sleeptimer_hal_set_compare
                0x000039dc       0x5c ./gecko_sdk_4.4.5/platform/service/sleeptimer/src/sl_sleeptimer_hal_rtcc.o
                0x000039dc                sleeptimer_hal_set_compare
 .text.sleeptimer_hal_enable_int
                0x00003a38       0x1c ./gecko_sdk_4.4.5/platform/service/sleeptimer/src/sl_sleeptimer_hal_rtcc.o
                0x00003a38                sleeptimer_hal_enable_int
 .text.sleeptimer_hal_disable_int
                0x00003a54       0x30 ./gecko_sdk_4.4.5/platform/service/sleeptimer/src/sl_sleeptimer_hal_rtcc.o
                0x00003a54                sleeptimer_hal_disable_int
 .text.sleeptimer_hal_set_int
                0x00003a84       0x10 ./gecko_sdk_4.4.5/platform/service/sleeptimer/src/sl_sleeptimer_hal_rtcc.o
                0x00003a84                sleeptimer_hal_set_int
 .text.RTCC_IRQHandler
                0x00003a94       0x30 ./gecko_sdk_4.4.5/platform/service/sleeptimer/src/sl_sleeptimer_hal_rtcc.o
                0x00003a94                RTCC_IRQHandler
 .text.sleeptimer_hal_get_timer_frequency
                0x00003ac4       0x18 ./gecko_sdk_4.4.5/platform/service/sleeptimer/src/sl_sleeptimer_hal_rtcc.o
                0x00003ac4                sleeptimer_hal_get_timer_frequency
 .text.sl_udelay_wait
                0x00003adc       0x54 ./gecko_sdk_4.4.5/platform/service/udelay/src/sl_udelay.o
                0x00003adc                sl_udelay_wait
 .text          0x00003b30       0x30 e:/thiot/setup/developer/toolchains/gnu_arm/12.2.rel1_2023.7/bin/../lib/gcc/arm-none-eabi/12.2.1/thumb/v7e-m+fp/softfp\libgcc.a(_aeabi_uldivmod.o)
                0x00003b30                __aeabi_uldivmod
 .text.__udivmoddi4
                0x00003b60      0x2bc e:/thiot/setup/developer/toolchains/gnu_arm/12.2.rel1_2023.7/bin/../lib/gcc/arm-none-eabi/12.2.1/thumb/v7e-m+fp/softfp\libgcc.a(_udivmoddi4.o)
                0x00003b60                __udivmoddi4
 .text          0x00003e1c        0x4 e:/thiot/setup/developer/toolchains/gnu_arm/12.2.rel1_2023.7/bin/../lib/gcc/arm-none-eabi/12.2.1/thumb/v7e-m+fp/softfp\libgcc.a(_dvmd_tls.o)
                0x00003e1c                __aeabi_idiv0
                0x00003e1c                __aeabi_ldiv0
 .text.exit     0x00003e20       0x24 e:/thiot/setup/developer/toolchains/gnu_arm/12.2.rel1_2023.7/bin/../lib/gcc/arm-none-eabi/12.2.1/thumb/v7e-m+fp/softfp\libc_nano.a(libc_a-exit.o)
                0x00003e20                exit
 .text.std      0x00003e44       0x6c e:/thiot/setup/developer/toolchains/gnu_arm/12.2.rel1_2023.7/bin/../lib/gcc/arm-none-eabi/12.2.1/thumb/v7e-m+fp/softfp\libc_nano.a(libc_a-findfp.o)
 .text.stdio_exit_handler
                0x00003eb0       0x18 e:/thiot/setup/developer/toolchains/gnu_arm/12.2.rel1_2023.7/bin/../lib/gcc/arm-none-eabi/12.2.1/thumb/v7e-m+fp/softfp\libc_nano.a(libc_a-findfp.o)
 .text.cleanup_stdio
                0x00003ec8       0x40 e:/thiot/setup/developer/toolchains/gnu_arm/12.2.rel1_2023.7/bin/../lib/gcc/arm-none-eabi/12.2.1/thumb/v7e-m+fp/softfp\libc_nano.a(libc_a-findfp.o)
 .text.global_stdio_init.part.0
                0x00003f08       0x3c e:/thiot/setup/developer/toolchains/gnu_arm/12.2.rel1_2023.7/bin/../lib/gcc/arm-none-eabi/12.2.1/thumb/v7e-m+fp/softfp\libc_nano.a(libc_a-findfp.o)
 .text.__sfp_lock_acquire
                0x00003f44        0xc e:/thiot/setup/developer/toolchains/gnu_arm/12.2.rel1_2023.7/bin/../lib/gcc/arm-none-eabi/12.2.1/thumb/v7e-m+fp/softfp\libc_nano.a(libc_a-findfp.o)
                0x00003f44                __sfp_lock_acquire
 .text.__sfp_lock_release
                0x00003f50        0xc e:/thiot/setup/developer/toolchains/gnu_arm/12.2.rel1_2023.7/bin/../lib/gcc/arm-none-eabi/12.2.1/thumb/v7e-m+fp/softfp\libc_nano.a(libc_a-findfp.o)
                0x00003f50                __sfp_lock_release
 .text.__sinit  0x00003f5c       0x30 e:/thiot/setup/developer/toolchains/gnu_arm/12.2.rel1_2023.7/bin/../lib/gcc/arm-none-eabi/12.2.1/thumb/v7e-m+fp/softfp\libc_nano.a(libc_a-findfp.o)
                0x00003f5c                __sinit
 .text.setvbuf  0x00003f8c      0x168 e:/thiot/setup/developer/toolchains/gnu_arm/12.2.rel1_2023.7/bin/../lib/gcc/arm-none-eabi/12.2.1/thumb/v7e-m+fp/softfp\libc_nano.a(libc_a-setvbuf.o)
                0x00003f8c                setvbuf
 .text.vprintf  0x000040f4       0x14 e:/thiot/setup/developer/toolchains/gnu_arm/12.2.rel1_2023.7/bin/../lib/gcc/arm-none-eabi/12.2.1/thumb/v7e-m+fp/softfp\libc_nano.a(libc_a-vprintf.o)
                0x000040f4                viprintf
                0x000040f4                vprintf
 .text._close_r
                0x00004108       0x20 e:/thiot/setup/developer/toolchains/gnu_arm/12.2.rel1_2023.7/bin/../lib/gcc/arm-none-eabi/12.2.1/thumb/v7e-m+fp/softfp\libc_nano.a(libc_a-closer.o)
                0x00004108                _close_r
 .text._lseek_r
                0x00004128       0x24 e:/thiot/setup/developer/toolchains/gnu_arm/12.2.rel1_2023.7/bin/../lib/gcc/arm-none-eabi/12.2.1/thumb/v7e-m+fp/softfp\libc_nano.a(libc_a-lseekr.o)
                0x00004128                _lseek_r
 .text._read_r  0x0000414c       0x24 e:/thiot/setup/developer/toolchains/gnu_arm/12.2.rel1_2023.7/bin/../lib/gcc/arm-none-eabi/12.2.1/thumb/v7e-m+fp/softfp\libc_nano.a(libc_a-readr.o)
                0x0000414c                _read_r
 .text._write_r
                0x00004170       0x24 e:/thiot/setup/developer/toolchains/gnu_arm/12.2.rel1_2023.7/bin/../lib/gcc/arm-none-eabi/12.2.1/thumb/v7e-m+fp/softfp\libc_nano.a(libc_a-writer.o)
                0x00004170                _write_r
 .text.__libc_init_array
                0x00004194       0x48 e:/thiot/setup/developer/toolchains/gnu_arm/12.2.rel1_2023.7/bin/../lib/gcc/arm-none-eabi/12.2.1/thumb/v7e-m+fp/softfp\libc_nano.a(libc_a-init.o)
                0x00004194                __libc_init_array
 .text._free_r  0x000041dc       0x94 e:/thiot/setup/developer/toolchains/gnu_arm/12.2.rel1_2023.7/bin/../lib/gcc/arm-none-eabi/12.2.1/thumb/v7e-m+fp/softfp\libc_nano.a(libc_a-freer.o)
                0x000041dc                _free_r
 .text.malloc   0x00004270       0x10 e:/thiot/setup/developer/toolchains/gnu_arm/12.2.rel1_2023.7/bin/../lib/gcc/arm-none-eabi/12.2.1/thumb/v7e-m+fp/softfp\libc_nano.a(libc_a-malloc.o)
                0x00004270                malloc
 .text.sbrk_aligned
                0x00004280       0x44 e:/thiot/setup/developer/toolchains/gnu_arm/12.2.rel1_2023.7/bin/../lib/gcc/arm-none-eabi/12.2.1/thumb/v7e-m+fp/softfp\libc_nano.a(libc_a-mallocr.o)
 .text._malloc_r
                0x000042c4       0xf0 e:/thiot/setup/developer/toolchains/gnu_arm/12.2.rel1_2023.7/bin/../lib/gcc/arm-none-eabi/12.2.1/thumb/v7e-m+fp/softfp\libc_nano.a(libc_a-mallocr.o)
                0x000042c4                _malloc_r
 .text.__malloc_lock
                0x000043b4        0xc e:/thiot/setup/developer/toolchains/gnu_arm/12.2.rel1_2023.7/bin/../lib/gcc/arm-none-eabi/12.2.1/thumb/v7e-m+fp/softfp\libc_nano.a(libc_a-mlock.o)
                0x000043b4                __malloc_lock
 .text.__malloc_unlock
                0x000043c0        0xc e:/thiot/setup/developer/toolchains/gnu_arm/12.2.rel1_2023.7/bin/../lib/gcc/arm-none-eabi/12.2.1/thumb/v7e-m+fp/softfp\libc_nano.a(libc_a-mlock.o)
                0x000043c0                __malloc_unlock
 .text._vfprintf_r
                0x000043cc      0x230 e:/thiot/setup/developer/toolchains/gnu_arm/12.2.rel1_2023.7/bin/../lib/gcc/arm-none-eabi/12.2.1/thumb/v7e-m+fp/softfp\libc_nano.a(libc_a-nano-vfprintf.o)
                0x000043cc                _vfprintf_r
                0x000043cc                _vfiprintf_r
 .text._printf_i
                0x000045fc      0x258 e:/thiot/setup/developer/toolchains/gnu_arm/12.2.rel1_2023.7/bin/../lib/gcc/arm-none-eabi/12.2.1/thumb/v7e-m+fp/softfp\libc_nano.a(libc_a-nano-vfprintf_i.o)
                0x000045fc                _printf_i
 .text.__swsetup_r
                0x00004854       0xac e:/thiot/setup/developer/toolchains/gnu_arm/12.2.rel1_2023.7/bin/../lib/gcc/arm-none-eabi/12.2.1/thumb/v7e-m+fp/softfp\libc_nano.a(libc_a-wsetup.o)
                0x00004854                __swsetup_r
 .text._fstat_r
                0x00004900       0x24 e:/thiot/setup/developer/toolchains/gnu_arm/12.2.rel1_2023.7/bin/../lib/gcc/arm-none-eabi/12.2.1/thumb/v7e-m+fp/softfp\libc_nano.a(libc_a-fstatr.o)
                0x00004900                _fstat_r
 .text._isatty_r
                0x00004924       0x20 e:/thiot/setup/developer/toolchains/gnu_arm/12.2.rel1_2023.7/bin/../lib/gcc/arm-none-eabi/12.2.1/thumb/v7e-m+fp/softfp\libc_nano.a(libc_a-isattyr.o)
                0x00004924                _isatty_r
 .text._sbrk_r  0x00004944       0x20 e:/thiot/setup/developer/toolchains/gnu_arm/12.2.rel1_2023.7/bin/../lib/gcc/arm-none-eabi/12.2.1/thumb/v7e-m+fp/softfp\libc_nano.a(libc_a-sbrkr.o)
                0x00004944                _sbrk_r
 .text.app_init
                0x00004964        0x2 ./app.o
                0x00004964                app_init
 .text.app_process_action
                0x00004966        0x2 ./app.o
                0x00004966                app_process_action
 .text.decode_rh
                0x00004968       0x16 ./main.o
                0x00004968                decode_rh
 .text.crc8     0x0000497e       0x30 ./main.o
                0x0000497e                crc8
 .text.sl_board_default_init
                0x000049ae        0x4 ./autogen/sl_board_default_init.o
                0x000049ae                sl_board_default_init
 .text.sl_driver_init
                0x000049b2       0x12 ./autogen/sl_event_handler.o
                0x000049b2                sl_driver_init
 .text.sl_service_init
                0x000049c4       0x16 ./autogen/sl_event_handler.o
                0x000049c4                sl_service_init
 .text.sl_stack_init
                0x000049da        0x2 ./autogen/sl_event_handler.o
                0x000049da                sl_stack_init
 .text.sl_internal_app_init
                0x000049dc        0x4 ./autogen/sl_event_handler.o
                0x000049dc                sl_internal_app_init
 .text.sl_platform_process_action
                0x000049e0        0x2 ./autogen/sl_event_handler.o
                0x000049e0                sl_platform_process_action
 .text.sl_service_process_action
                0x000049e2        0x2 ./autogen/sl_event_handler.o
                0x000049e2                sl_service_process_action
 .text.sl_stack_process_action
                0x000049e4        0x2 ./autogen/sl_event_handler.o
                0x000049e4                sl_stack_process_action
 .text.sl_internal_app_process_action
                0x000049e6        0x2 ./autogen/sl_event_handler.o
                0x000049e6                sl_internal_app_process_action
 .text.USART0_TX_IRQHandler
                0x000049e8        0x4 ./autogen/sl_iostream_init_usart_instances.o
                0x000049e8                USART0_TX_IRQHandler
 .text._app_log_time
                0x000049ec        0x2 ./gecko_sdk_4.4.5/app/common/util/app_log/app_log.o
                0x000049ec                _app_log_time
 .text._app_log_counter
                0x000049ee        0x2 ./gecko_sdk_4.4.5/app/common/util/app_log/app_log.o
                0x000049ee                _app_log_counter
 .text.sl_board_enable_vcom
                0x000049f0       0x12 ./gecko_sdk_4.4.5/hardware/board/src/sl_board_control_gpio.o
                0x000049f0                sl_board_enable_vcom
 .text.sl_board_configure_vcom
                0x00004a02        0x4 ./gecko_sdk_4.4.5/hardware/board/src/sl_board_control_gpio.o
                0x00004a02                sl_board_configure_vcom
 .text.sl_board_disable_vcom
                0x00004a06       0x12 ./gecko_sdk_4.4.5/hardware/board/src/sl_board_control_gpio.o
                0x00004a06                sl_board_disable_vcom
 .text.sli_cos_swo_itm_8_write.constprop.0.isra.0
                0x00004a18       0x78 ./gecko_sdk_4.4.5/hardware/driver/configuration_over_swo/src/sl_cos.o
 .text.sl_cos_send_config
                0x00004a90       0x12 ./gecko_sdk_4.4.5/hardware/driver/configuration_over_swo/src/sl_cos.o
                0x00004a90                sl_cos_send_config
 .text.sl_cos_config_vcom
                0x00004aa2       0x1e ./gecko_sdk_4.4.5/hardware/driver/configuration_over_swo/src/sl_cos.o
                0x00004aa2                sl_cos_config_vcom
 .text.Default_Handler
                0x00004ac0        0x2 ./gecko_sdk_4.4.5/platform/Device/SiliconLabs/EFR32BG13P/Source/startup_efr32bg13p.o
                0x00004ac0                DebugMon_Handler
                0x00004ac0                PRORTC_IRQHandler
                0x00004ac0                I2C0_IRQHandler
                0x00004ac0                HardFault_Handler
                0x00004ac0                SysTick_Handler
                0x00004ac0                USART1_RX_IRQHandler
                0x00004ac0                PendSV_Handler
                0x00004ac0                NMI_Handler
                0x00004ac0                SYNTH_IRQHandler
                0x00004ac0                I2C1_IRQHandler
                0x00004ac0                WTIMER0_IRQHandler
                0x00004ac0                CRYPTO0_IRQHandler
                0x00004ac0                WDOG0_IRQHandler
                0x00004ac0                USART1_TX_IRQHandler
                0x00004ac0                SMU_IRQHandler
                0x00004ac0                MSC_IRQHandler
                0x00004ac0                ADC0_IRQHandler
                0x00004ac0                UsageFault_Handler
                0x00004ac0                WDOG1_IRQHandler
                0x00004ac0                LEUART0_IRQHandler
                0x00004ac0                FPUEH_IRQHandler
                0x00004ac0                GPIO_EVEN_IRQHandler
                0x00004ac0                VDAC0_IRQHandler
                0x00004ac0                CSEN_IRQHandler
                0x00004ac0                CRYPTO1_IRQHandler
                0x00004ac0                TIMER0_IRQHandler
                0x00004ac0                LETIMER0_IRQHandler
                0x00004ac0                TIMER1_IRQHandler
                0x00004ac0                TRNG0_IRQHandler
                0x00004ac0                RFSENSE_IRQHandler
                0x00004ac0                BUFC_IRQHandler
                0x00004ac0                MODEM_IRQHandler
                0x00004ac0                USART2_RX_IRQHandler
                0x00004ac0                Default_Handler
                0x00004ac0                RAC_SEQ_IRQHandler
                0x00004ac0                FRC_PRI_IRQHandler
                0x00004ac0                EMU_IRQHandler
                0x00004ac0                FRC_IRQHandler
                0x00004ac0                CRYOTIMER_IRQHandler
                0x00004ac0                PCNT0_IRQHandler
                0x00004ac0                AGC_IRQHandler
                0x00004ac0                sl_app_properties
                0x00004ac0                ACMP0_IRQHandler
                0x00004ac0                MemManage_Handler
                0x00004ac0                SVC_Handler
                0x00004ac0                CMU_IRQHandler
                0x00004ac0                RAC_RSM_IRQHandler
                0x00004ac0                GPIO_ODD_IRQHandler
                0x00004ac0                LESENSE_IRQHandler
                0x00004ac0                PROTIMER_IRQHandler
                0x00004ac0                BusFault_Handler
                0x00004ac0                USART2_TX_IRQHandler
                0x00004ac0                IDAC0_IRQHandler
 .text.SystemLFRCOClockGet
                0x00004ac2        0x6 ./gecko_sdk_4.4.5/platform/Device/SiliconLabs/EFR32BG13P/Source/system_efr32bg13p.o
                0x00004ac2                SystemLFRCOClockGet
 .text.SystemULFRCOClockGet
                0x00004ac8        0x6 ./gecko_sdk_4.4.5/platform/Device/SiliconLabs/EFR32BG13P/Source/system_efr32bg13p.o
                0x00004ac8                SystemULFRCOClockGet
 .text.assertEFM
                0x00004ace        0x2 ./gecko_sdk_4.4.5/platform/common/src/sl_assert.o
                0x00004ace                assertEFM
 .text.sl_debug_swo_enable_itm
                0x00004ad0       0x16 ./gecko_sdk_4.4.5/platform/driver/debug/src/sl_debug_swo.o
                0x00004ad0                sl_debug_swo_enable_itm
 .text.sl_debug_swo_disable_itm
                0x00004ae6       0x18 ./gecko_sdk_4.4.5/platform/driver/debug/src/sl_debug_swo.o
                0x00004ae6                sl_debug_swo_disable_itm
 .text.DMADRV_PeripheralMemory
                0x00004afe       0x34 ./gecko_sdk_4.4.5/platform/emdrv/dmadrv/src/dmadrv.o
                0x00004afe                DMADRV_PeripheralMemory
 .text.CMU_ClockDivGet
                0x00004b32        0xa ./gecko_sdk_4.4.5/platform/emlib/src/em_cmu.o
                0x00004b32                CMU_ClockDivGet
 .text.CORE_EnterCritical
                0x00004b3c        0x8 ./gecko_sdk_4.4.5/platform/emlib/src/em_core.o
                0x00004b3c                CORE_EnterCritical
 .text.CORE_ExitCritical
                0x00004b44        0x6 ./gecko_sdk_4.4.5/platform/emlib/src/em_core.o
                0x00004b44                CORE_ExitCritical
 .text.CORE_EnterAtomic
                0x00004b4a        0xc ./gecko_sdk_4.4.5/platform/emlib/src/em_core.o
                0x00004b4a                CORE_EnterAtomic
 .text.CORE_ExitAtomic
                0x00004b56        0x6 ./gecko_sdk_4.4.5/platform/emlib/src/em_core.o
                0x00004b56                CORE_ExitAtomic
 .text.BUS_RegMaskedWrite
                0x00004b5c       0x1e ./gecko_sdk_4.4.5/platform/emlib/src/em_gpio.o
 .text.USART_SpiTransfer
                0x00004b7a       0x14 ./gecko_sdk_4.4.5/platform/emlib/src/em_usart.o
                0x00004b7a                USART_SpiTransfer
 .text.USART_Tx
                0x00004b8e        0xa ./gecko_sdk_4.4.5/platform/emlib/src/em_usart.o
                0x00004b8e                USART_Tx
 .text.sl_device_init_emu
                0x00004b98       0x1c ./gecko_sdk_4.4.5/platform/service/device_init/src/sl_device_init_emu_s1.o
                0x00004b98                sl_device_init_emu
 .text.sl_iostream_write
                0x00004bb4       0x22 ./gecko_sdk_4.4.5/platform/service/iostream/src/sl_iostream.o
                0x00004bb4                sl_iostream_write
 .text.sl_iostream_read
                0x00004bd6       0x30 ./gecko_sdk_4.4.5/platform/service/iostream/src/sl_iostream.o
                0x00004bd6                sl_iostream_read
 .text.sl_iostream_vprintf
                0x00004c06       0x44 ./gecko_sdk_4.4.5/platform/service/iostream/src/sl_iostream.o
                0x00004c06                sl_iostream_vprintf
 .text.sl_iostream_printf
                0x00004c4a       0x1a ./gecko_sdk_4.4.5/platform/service/iostream/src/sl_iostream.o
                0x00004c4a                sl_iostream_printf
 .text._close   0x00004c64        0x4 ./gecko_sdk_4.4.5/platform/service/iostream/src/sl_iostream_retarget_stdio.o
                0x00004c64                _close
 .text._exit    0x00004c68        0x2 ./gecko_sdk_4.4.5/platform/service/iostream/src/sl_iostream_retarget_stdio.o
                0x00004c68                _exit
 .text._fstat   0x00004c6a        0xa ./gecko_sdk_4.4.5/platform/service/iostream/src/sl_iostream_retarget_stdio.o
                0x00004c6a                _fstat
 .text._isatty  0x00004c74        0x4 ./gecko_sdk_4.4.5/platform/service/iostream/src/sl_iostream_retarget_stdio.o
                0x00004c74                _isatty
 .text._lseek   0x00004c78        0x4 ./gecko_sdk_4.4.5/platform/service/iostream/src/sl_iostream_retarget_stdio.o
                0x00004c78                _lseek
 .text._read    0x00004c7c       0x1c ./gecko_sdk_4.4.5/platform/service/iostream/src/sl_iostream_retarget_stdio.o
                0x00004c7c                _read
 .text.set_auto_cr_lf
                0x00004c98        0x6 ./gecko_sdk_4.4.5/platform/service/iostream/src/sl_iostream_uart.o
 .text.get_auto_cr_lf
                0x00004c9e        0x6 ./gecko_sdk_4.4.5/platform/service/iostream/src/sl_iostream_uart.o
 .text.usart_set_next_byte_detect
                0x00004ca4        0xc ./gecko_sdk_4.4.5/platform/service/iostream/src/sl_iostream_usart.o
 .text.usart_deinit
                0x00004cb0       0x78 ./gecko_sdk_4.4.5/platform/service/iostream/src/sl_iostream_usart.o
 .text.usart_tx
                0x00004d28        0xc ./gecko_sdk_4.4.5/platform/service/iostream/src/sl_iostream_usart.o
 .text.sl_iostream_usart_irq_handler
                0x00004d34       0x72 ./gecko_sdk_4.4.5/platform/service/iostream/src/sl_iostream_usart.o
                0x00004d34                sl_iostream_usart_irq_handler
 .text.delay_callback
                0x00004da6        0x6 ./gecko_sdk_4.4.5/platform/service/sleeptimer/src/sl_sleeptimer.o
 .text.sl_sleeptimer_start_timer
                0x00004dac       0x48 ./gecko_sdk_4.4.5/platform/service/sleeptimer/src/sl_sleeptimer.o
                0x00004dac                sl_sleeptimer_start_timer
 .text.CMU_PrescToLog2.constprop.0
                0x00004df4        0x4 ./gecko_sdk_4.4.5/platform/service/sleeptimer/src/sl_sleeptimer_hal_rtcc.o
 .text.sl_system_init
                0x00004df8       0x1a ./gecko_sdk_4.4.5/platform/service/system/src/sl_system_init.o
                0x00004df8                sl_system_init
 .text.sl_system_process_action
                0x00004e12       0x16 ./gecko_sdk_4.4.5/platform/service/system/src/sl_system_process_action.o
                0x00004e12                sl_system_process_action
 .text._fwalk_sglue
                0x00004e28       0x3c e:/thiot/setup/developer/toolchains/gnu_arm/12.2.rel1_2023.7/bin/../lib/gcc/arm-none-eabi/12.2.1/thumb/v7e-m+fp/softfp\libc_nano.a(libc_a-fwalk.o)
                0x00004e28                _fwalk_sglue
 .text.__sread  0x00004e64       0x22 e:/thiot/setup/developer/toolchains/gnu_arm/12.2.rel1_2023.7/bin/../lib/gcc/arm-none-eabi/12.2.1/thumb/v7e-m+fp/softfp\libc_nano.a(libc_a-stdio.o)
                0x00004e64                __sread
 .text.__swrite
                0x00004e86       0x38 e:/thiot/setup/developer/toolchains/gnu_arm/12.2.rel1_2023.7/bin/../lib/gcc/arm-none-eabi/12.2.1/thumb/v7e-m+fp/softfp\libc_nano.a(libc_a-stdio.o)
                0x00004e86                __swrite
 .text.__sseek  0x00004ebe       0x24 e:/thiot/setup/developer/toolchains/gnu_arm/12.2.rel1_2023.7/bin/../lib/gcc/arm-none-eabi/12.2.1/thumb/v7e-m+fp/softfp\libc_nano.a(libc_a-stdio.o)
                0x00004ebe                __sseek
 .text.__sclose
                0x00004ee2        0x8 e:/thiot/setup/developer/toolchains/gnu_arm/12.2.rel1_2023.7/bin/../lib/gcc/arm-none-eabi/12.2.1/thumb/v7e-m+fp/softfp\libc_nano.a(libc_a-stdio.o)
                0x00004ee2                __sclose
 .text.memset   0x00004eea       0x10 e:/thiot/setup/developer/toolchains/gnu_arm/12.2.rel1_2023.7/bin/../lib/gcc/arm-none-eabi/12.2.1/thumb/v7e-m+fp/softfp\libc_nano.a(libc_a-memset.o)
                0x00004eea                memset
 .text.__retarget_lock_init_recursive
                0x00004efa        0x2 e:/thiot/setup/developer/toolchains/gnu_arm/12.2.rel1_2023.7/bin/../lib/gcc/arm-none-eabi/12.2.1/thumb/v7e-m+fp/softfp\libc_nano.a(libc_a-lock.o)
                0x00004efa                __retarget_lock_init_recursive
 .text.__retarget_lock_acquire_recursive
                0x00004efc        0x2 e:/thiot/setup/developer/toolchains/gnu_arm/12.2.rel1_2023.7/bin/../lib/gcc/arm-none-eabi/12.2.1/thumb/v7e-m+fp/softfp\libc_nano.a(libc_a-lock.o)
                0x00004efc                __retarget_lock_acquire_recursive
 .text.__retarget_lock_release_recursive
                0x00004efe        0x2 e:/thiot/setup/developer/toolchains/gnu_arm/12.2.rel1_2023.7/bin/../lib/gcc/arm-none-eabi/12.2.1/thumb/v7e-m+fp/softfp\libc_nano.a(libc_a-lock.o)
                0x00004efe                __retarget_lock_release_recursive
 .text.memcpy   0x00004f00       0x1c e:/thiot/setup/developer/toolchains/gnu_arm/12.2.rel1_2023.7/bin/../lib/gcc/arm-none-eabi/12.2.1/thumb/v7e-m+fp/softfp\libc_nano.a(libc_a-memcpy-stub.o)
                0x00004f00                memcpy
 .text.__sfputc_r
                0x00004f1c       0x2e e:/thiot/setup/developer/toolchains/gnu_arm/12.2.rel1_2023.7/bin/../lib/gcc/arm-none-eabi/12.2.1/thumb/v7e-m+fp/softfp\libc_nano.a(libc_a-nano-vfprintf.o)
 .text.__sfputs_r
                0x00004f4a       0x24 e:/thiot/setup/developer/toolchains/gnu_arm/12.2.rel1_2023.7/bin/../lib/gcc/arm-none-eabi/12.2.1/thumb/v7e-m+fp/softfp\libc_nano.a(libc_a-nano-vfprintf.o)
                0x00004f4a                __sfputs_r
 .text._printf_common
                0x00004f6e       0xda e:/thiot/setup/developer/toolchains/gnu_arm/12.2.rel1_2023.7/bin/../lib/gcc/arm-none-eabi/12.2.1/thumb/v7e-m+fp/softfp\libc_nano.a(libc_a-nano-vfprintf_i.o)
                0x00004f6e                _printf_common
 .text.__sflush_r
                0x00005048      0x108 e:/thiot/setup/developer/toolchains/gnu_arm/12.2.rel1_2023.7/bin/../lib/gcc/arm-none-eabi/12.2.1/thumb/v7e-m+fp/softfp\libc_nano.a(libc_a-fflush.o)
                0x00005048                __sflush_r
 .text._fflush_r
                0x00005150       0x50 e:/thiot/setup/developer/toolchains/gnu_arm/12.2.rel1_2023.7/bin/../lib/gcc/arm-none-eabi/12.2.1/thumb/v7e-m+fp/softfp\libc_nano.a(libc_a-fflush.o)
                0x00005150                _fflush_r
 .text.__swhatbuf_r
                0x000051a0       0x4c e:/thiot/setup/developer/toolchains/gnu_arm/12.2.rel1_2023.7/bin/../lib/gcc/arm-none-eabi/12.2.1/thumb/v7e-m+fp/softfp\libc_nano.a(libc_a-makebuf.o)
                0x000051a0                __swhatbuf_r
 .text.__smakebuf_r
                0x000051ec       0x78 e:/thiot/setup/developer/toolchains/gnu_arm/12.2.rel1_2023.7/bin/../lib/gcc/arm-none-eabi/12.2.1/thumb/v7e-m+fp/softfp\libc_nano.a(libc_a-makebuf.o)
                0x000051ec                __smakebuf_r
 .text.__swbuf_r
                0x00005264       0x7c e:/thiot/setup/developer/toolchains/gnu_arm/12.2.rel1_2023.7/bin/../lib/gcc/arm-none-eabi/12.2.1/thumb/v7e-m+fp/softfp\libc_nano.a(libc_a-wbuf.o)
                0x00005264                __swbuf_r
                0x000052e0                . = ALIGN (0x20)
                0x000052e0                linker_code_end = .
 *(.init)
 .init          0x000052e0        0x4 e:/thiot/setup/developer/toolchains/gnu_arm/12.2.rel1_2023.7/bin/../lib/gcc/arm-none-eabi/12.2.1/thumb/v7e-m+fp/softfp/crti.o
                0x000052e0                _init
 .init          0x000052e4        0x8 e:/thiot/setup/developer/toolchains/gnu_arm/12.2.rel1_2023.7/bin/../lib/gcc/arm-none-eabi/12.2.1/thumb/v7e-m+fp/softfp/crtn.o
 *(.fini)
 .fini          0x000052ec        0x4 e:/thiot/setup/developer/toolchains/gnu_arm/12.2.rel1_2023.7/bin/../lib/gcc/arm-none-eabi/12.2.1/thumb/v7e-m+fp/softfp/crti.o
                0x000052ec                _fini
 .fini          0x000052f0        0x8 e:/thiot/setup/developer/toolchains/gnu_arm/12.2.rel1_2023.7/bin/../lib/gcc/arm-none-eabi/12.2.1/thumb/v7e-m+fp/softfp/crtn.o
 *crtbegin.o(.ctors)
 *crtbegin?.o(.ctors)
 *(EXCLUDE_FILE(*crtend.o *crtend?.o) .ctors)
 *(SORT_BY_NAME(.ctors.*))
 *(.ctors)
 *crtbegin.o(.dtors)
 *crtbegin?.o(.dtors)
 *(EXCLUDE_FILE(*crtend.o *crtend?.o) .dtors)
 *(SORT_BY_NAME(.dtors.*))
 *(.dtors)
                0x000052f8                __code_classification_validator_start__ = .
                0x00005318                . = (. + 0x20)
 *fill*         0x000052f8       0x20 
 *(code_classification_validator)
                0x00005320                . = ALIGN (0x20)
 *fill*         0x00005318        0x8 
                0x00005320                __code_classification_validator_end__ = .
 *(.rodata*)
 .rodata.main.str1.1
                0x00005320       0x47 ./main.o
 .rodata.sl_iostream_usart_init_vcom.str1.1
                0x00005367       0x2e ./autogen/sl_iostream_init_usart_instances.o
 *fill*         0x00005395        0x3 
 .rodata        0x00005398       0x1c ./autogen/sl_iostream_init_usart_instances.o
 .rodata.sl_board_enable_sensor.str1.1
                0x000053b4       0x54 ./gecko_sdk_4.4.5/hardware/board/src/sl_board_control_gpio.o
 .rodata        0x00005408       0x1c ./gecko_sdk_4.4.5/hardware/driver/mx25_flash_shutdown/src/sl_mx25_flash_shutdown_usart/sl_mx25_flash_shutdown.o
 .rodata.I2CSPM_Init.str1.1
                0x00005424       0x96 ./gecko_sdk_4.4.5/platform/driver/i2cspm/src/sl_i2cspm.o
 .rodata.CSWTCH.20
                0x000054ba        0xc ./gecko_sdk_4.4.5/platform/driver/i2cspm/src/sl_i2cspm.o
 .rodata        0x000054c6        0x4 ./gecko_sdk_4.4.5/platform/emdrv/dmadrv/src/dmadrv.o
 .rodata.flashWaitStateControl.str1.1
                0x000054ca       0x45 ./gecko_sdk_4.4.5/platform/emlib/src/em_cmu.o
 *fill*         0x0000550f        0x1 
 .rodata.flashWsTable
                0x00005510       0x28 ./gecko_sdk_4.4.5/platform/emlib/src/em_cmu.o
 .rodata.vmonCalibratedThreshold.str1.1
                0x00005538       0x45 ./gecko_sdk_4.4.5/platform/emlib/src/em_emu.o
 .rodata.GPIO_PinOutSet.str1.1
                0x0000557d       0x46 ./gecko_sdk_4.4.5/platform/emlib/src/em_gpio.o
 .rodata.GPIO_DbgLocationSet.str1.1
                0x0000557d       0x46 ./gecko_sdk_4.4.5/platform/emlib/src/em_gpio.o
 *fill*         0x000055c3        0x1 
 .rodata.CSWTCH.48
                0x000055c4        0xc ./gecko_sdk_4.4.5/platform/emlib/src/em_gpio.o
 .rodata.I2C_BusFreqGet.str1.1
                0x000055d0       0x45 ./gecko_sdk_4.4.5/platform/emlib/src/em_i2c.o
 .rodata.i2cNSum
                0x00005615        0x4 ./gecko_sdk_4.4.5/platform/emlib/src/em_i2c.o
 .rodata.LDMA_EnableChannelRequest.str1.1
                0x00005619       0x8b ./gecko_sdk_4.4.5/platform/emlib/src/em_ldma.o
 .rodata.RTCC_ChannelInit.str1.1
                0x000056a4       0x46 ./gecko_sdk_4.4.5/platform/emlib/src/em_rtcc.o
 .rodata.SYSTEM_ChipRevisionGet.str1.1
                0x000056ea       0x48 ./gecko_sdk_4.4.5/platform/emlib/src/em_system.o
 .rodata.USART_BaudrateAsyncSet.str1.1
                0x00005732       0x47 ./gecko_sdk_4.4.5/platform/emlib/src/em_usart.o
 *fill*         0x00005779        0x1 
 .rodata        0x0000577a       0x10 ./gecko_sdk_4.4.5/platform/service/device_init/src/sl_device_init_dcdc_s1.o
 .rodata        0x0000578a       0x12 ./gecko_sdk_4.4.5/platform/service/device_init/src/sl_device_init_hfxo_s1.o
 .rodata        0x0000579c        0x4 ./gecko_sdk_4.4.5/platform/service/device_init/src/sl_device_init_lfxo_s1.o
 .rodata._write.str1.1
                0x000057a0       0x64 ./gecko_sdk_4.4.5/platform/service/iostream/src/sl_iostream_retarget_stdio.o
 .rodata.get_write_ptr.str1.1
                0x00005804       0x5a ./gecko_sdk_4.4.5/platform/service/iostream/src/sl_iostream_uart.o
 .rodata.process_timer_irq.str1.1
                0x0000585e       0x59 ./gecko_sdk_4.4.5/platform/service/sleeptimer/src/sl_sleeptimer.o
 .rodata        0x000058b7       0x10 ./gecko_sdk_4.4.5/platform/service/sleeptimer/src/sl_sleeptimer_hal_rtcc.o
 .rodata.sl_udelay_wait.str1.1
                0x000058c7       0x51 ./gecko_sdk_4.4.5/platform/service/udelay/src/sl_udelay.o
 .rodata._vfprintf_r.str1.1
                0x00005918       0x11 e:/thiot/setup/developer/toolchains/gnu_arm/12.2.rel1_2023.7/bin/../lib/gcc/arm-none-eabi/12.2.1/thumb/v7e-m+fp/softfp\libc_nano.a(libc_a-nano-vfprintf.o)
 .rodata._printf_i.str1.1
                0x00005929       0x22 e:/thiot/setup/developer/toolchains/gnu_arm/12.2.rel1_2023.7/bin/../lib/gcc/arm-none-eabi/12.2.1/thumb/v7e-m+fp/softfp\libc_nano.a(libc_a-nano-vfprintf_i.o)
 *(.eh_frame*)
 *fill*         0x0000594b        0x1 
 .eh_frame      0x0000594c        0x0 e:/thiot/setup/developer/toolchains/gnu_arm/12.2.rel1_2023.7/bin/../lib/gcc/arm-none-eabi/12.2.1/thumb/v7e-m+fp/softfp/crtbegin.o

.glue_7         0x0000594c        0x0
 .glue_7        0x0000594c        0x0 linker stubs

.glue_7t        0x0000594c        0x0
 .glue_7t       0x0000594c        0x0 linker stubs

.vfp11_veneer   0x0000594c        0x0
 .vfp11_veneer  0x0000594c        0x0 linker stubs

.v4_bx          0x0000594c        0x0
 .v4_bx         0x0000594c        0x0 linker stubs

.iplt           0x0000594c        0x0
 .iplt          0x0000594c        0x0 e:/thiot/setup/developer/toolchains/gnu_arm/12.2.rel1_2023.7/bin/../lib/gcc/arm-none-eabi/12.2.1/thumb/v7e-m+fp/softfp/crtbegin.o

.ARM.extab
 *(.ARM.extab* .gnu.linkonce.armextab.*)
                0x0000594c                __exidx_start = .

.ARM.exidx      0x0000594c        0x8
 *(.ARM.exidx* .gnu.linkonce.armexidx.*)
 .ARM.exidx     0x0000594c        0x8 e:/thiot/setup/developer/toolchains/gnu_arm/12.2.rel1_2023.7/bin/../lib/gcc/arm-none-eabi/12.2.1/thumb/v7e-m+fp/softfp/crt0.o
                                 0x10 (size before relaxing)
 .ARM.exidx.text.__udivmoddi4
                0x00005954        0x0 e:/thiot/setup/developer/toolchains/gnu_arm/12.2.rel1_2023.7/bin/../lib/gcc/arm-none-eabi/12.2.1/thumb/v7e-m+fp/softfp\libgcc.a(_udivmoddi4.o)
                                  0x8 (size before relaxing)
                0x00005954                __exidx_end = .

.rel.dyn        0x00005954        0x0
 .rel.iplt      0x00005954        0x0 e:/thiot/setup/developer/toolchains/gnu_arm/12.2.rel1_2023.7/bin/../lib/gcc/arm-none-eabi/12.2.1/thumb/v7e-m+fp/softfp/crtbegin.o

.copy.table     0x00005954        0xc
                0x00005954                . = ALIGN (0x4)
                0x00005954                __copy_table_start__ = .
                0x00005954        0x4 LONG 0x5960 __etext
                0x00005958        0x4 LONG 0x20001000 __data_start__
                0x0000595c        0x4 LONG 0x28 ((__data_end__ - __data_start__) / 0x4)
                0x00005960                __copy_table_end__ = .

.zero.table     0x00005960        0x0
                0x00005960                . = ALIGN (0x4)
                0x00005960                __zero_table_start__ = .
                0x00005960                __zero_table_end__ = .
                0x00005960                __etext = .
                0x20000000                . = ORIGIN (RAM)

.stack          0x20000000     0x1000
                0x20000000                __StackLimit = .
 *(.stack*)
 .stack         0x20000000     0x1000 ./gecko_sdk_4.4.5/platform/common/toolchain/src/sl_memory.o
                0x20001000                . = ALIGN (0x4)
                0x20001000                __StackTop = .
                0x20001000                PROVIDE (__stack = __StackTop)

.noinit
 *(.noinit*)

.data           0x20001000       0xa0 load address 0x00005960
                0x20001000                . = ALIGN (0x4)
                0x20001000                __data_start__ = .
 *(vtable)
 *(SORT_BY_ALIGNMENT(.data*))
 .data.init_sensor
                0x20001000       0x18 ./autogen/sl_i2cspm_init.o
                0x20001000                init_sensor
 .data.sl_i2cspm_sensor
                0x20001018        0x4 ./autogen/sl_i2cspm_init.o
                0x20001018                sl_i2cspm_sensor
 .data.SystemHfrcoFreq
                0x2000101c        0x4 ./gecko_sdk_4.4.5/platform/Device/SiliconLabs/EFR32BG13P/Source/system_efr32bg13p.o
                0x2000101c                SystemHfrcoFreq
 .data.SystemCoreClock
                0x20001020        0x4 ./gecko_sdk_4.4.5/platform/Device/SiliconLabs/EFR32BG13P/Source/system_efr32bg13p.o
                0x20001020                SystemCoreClock
 .data.SystemLFXOClock
                0x20001024        0x4 ./gecko_sdk_4.4.5/platform/Device/SiliconLabs/EFR32BG13P/Source/system_efr32bg13p.o
 .data.SystemHFXOClock
                0x20001028        0x4 ./gecko_sdk_4.4.5/platform/Device/SiliconLabs/EFR32BG13P/Source/system_efr32bg13p.o
 .data.heap_end.0
                0x2000102c        0x4 ./gecko_sdk_4.4.5/platform/common/toolchain/src/sl_memory.o
 .data.auxHfrcoFreq
                0x20001030        0x4 ./gecko_sdk_4.4.5/platform/emlib/src/em_cmu.o
 .data.__sglue  0x20001034        0xc e:/thiot/setup/developer/toolchains/gnu_arm/12.2.rel1_2023.7/bin/../lib/gcc/arm-none-eabi/12.2.1/thumb/v7e-m+fp/softfp\libc_nano.a(libc_a-findfp.o)
                0x20001034                __sglue
 .data._impure_ptr
                0x20001040        0x4 e:/thiot/setup/developer/toolchains/gnu_arm/12.2.rel1_2023.7/bin/../lib/gcc/arm-none-eabi/12.2.1/thumb/v7e-m+fp/softfp\libc_nano.a(libc_a-impure.o)
                0x20001040                _impure_ptr
 .data._impure_data
                0x20001044       0x4c e:/thiot/setup/developer/toolchains/gnu_arm/12.2.rel1_2023.7/bin/../lib/gcc/arm-none-eabi/12.2.1/thumb/v7e-m+fp/softfp\libc_nano.a(libc_a-impure.o)
                0x20001044                _impure_data
 .data.hfxo_precision
                0x20001090        0x2 ./gecko_sdk_4.4.5/platform/emlib/src/em_cmu.o
 .data.lfxo_precision
                0x20001092        0x2 ./gecko_sdk_4.4.5/platform/emlib/src/em_cmu.o
 .data.level_mask
                0x20001094        0x1 ./gecko_sdk_4.4.5/app/common/util/app_log/app_log.o
 .data.level_filter_threshold
                0x20001095        0x1 ./gecko_sdk_4.4.5/app/common/util/app_log/app_log.o
 .data.level_filter_enabled
                0x20001096        0x1 ./gecko_sdk_4.4.5/app/common/util/app_log/app_log.o
 .data.cc_disabled
                0x20001097        0x1 ./gecko_sdk_4.4.5/platform/service/sleeptimer/src/sl_sleeptimer_hal_rtcc.o
                0x20001098                . = ALIGN (0x4)
                [!provide]                PROVIDE (__ram_func_section_start = .)
 *(.ram)
                [!provide]                PROVIDE (__ram_func_section_end = .)
                0x20001098                . = ALIGN (0x4)
                0x20001098                PROVIDE (__preinit_array_start = .)
 *(.preinit_array)
                0x20001098                PROVIDE (__preinit_array_end = .)
                0x20001098                . = ALIGN (0x4)
                0x20001098                PROVIDE (__init_array_start = .)
 *(SORT_BY_NAME(.init_array.*))
 *(.init_array)
 .init_array    0x20001098        0x4 e:/thiot/setup/developer/toolchains/gnu_arm/12.2.rel1_2023.7/bin/../lib/gcc/arm-none-eabi/12.2.1/thumb/v7e-m+fp/softfp/crtbegin.o
                0x2000109c                PROVIDE (__init_array_end = .)
                0x2000109c                . = ALIGN (0x4)
                [!provide]                PROVIDE (__fini_array_start = .)
 *(SORT_BY_NAME(.fini_array.*))
 *(.fini_array)
 .fini_array    0x2000109c        0x4 e:/thiot/setup/developer/toolchains/gnu_arm/12.2.rel1_2023.7/bin/../lib/gcc/arm-none-eabi/12.2.1/thumb/v7e-m+fp/softfp/crtbegin.o
                [!provide]                PROVIDE (__fini_array_end = .)
                0x200010a0                . = ALIGN (0x4)
                0x200010a0                __data_end__ = .

.tm_clone_table
                0x200010a0        0x0 load address 0x00005a00
 .tm_clone_table
                0x200010a0        0x0 e:/thiot/setup/developer/toolchains/gnu_arm/12.2.rel1_2023.7/bin/../lib/gcc/arm-none-eabi/12.2.1/thumb/v7e-m+fp/softfp/crtbegin.o
 .tm_clone_table
                0x200010a0        0x0 e:/thiot/setup/developer/toolchains/gnu_arm/12.2.rel1_2023.7/bin/../lib/gcc/arm-none-eabi/12.2.1/thumb/v7e-m+fp/softfp/crtend.o

.igot.plt       0x200010a0        0x0 load address 0x00005a00
 .igot.plt      0x200010a0        0x0 e:/thiot/setup/developer/toolchains/gnu_arm/12.2.rel1_2023.7/bin/../lib/gcc/arm-none-eabi/12.2.1/thumb/v7e-m+fp/softfp/crtbegin.o

.bss            0x200010a0      0x3a8 load address 0x00005a00
                0x200010a0                . = ALIGN (0x4)
                0x200010a0                __bss_start__ = .
 *(SORT_BY_ALIGNMENT(.bss*))
 .bss.object.0  0x200010a0       0x18 e:/thiot/setup/developer/toolchains/gnu_arm/12.2.rel1_2023.7/bin/../lib/gcc/arm-none-eabi/12.2.1/thumb/v7e-m+fp/softfp/crtbegin.o
 .bss.context_vcom
                0x200010b8       0x4c ./autogen/sl_iostream_init_usart_instances.o
 .bss.sl_iostream_vcom
                0x20001104       0x18 ./autogen/sl_iostream_init_usart_instances.o
 .bss.app_log_iostream
                0x2000111c        0x4 ./gecko_sdk_4.4.5/app/common/util/app_log/app_log.o
                0x2000111c                app_log_iostream
 .bss.dmaXfer   0x20001120      0x100 ./gecko_sdk_4.4.5/platform/emdrv/dmadrv/src/dmadrv.o
 .bss.chTable   0x20001220       0x80 ./gecko_sdk_4.4.5/platform/emdrv/dmadrv/src/dmadrv.o
 .bss.i2cTransfer
                0x200012a0       0x18 ./gecko_sdk_4.4.5/platform/emlib/src/em_i2c.o
 .bss.sli_iostream_default
                0x200012b8        0x4 ./gecko_sdk_4.4.5/platform/service/iostream/src/sl_iostream.o
 .bss.max_millisecond_conversion
                0x200012bc        0x4 ./gecko_sdk_4.4.5/platform/service/sleeptimer/src/sl_sleeptimer.o
 .bss.last_delta_update_count
                0x200012c0        0x4 ./gecko_sdk_4.4.5/platform/service/sleeptimer/src/sl_sleeptimer.o
 .bss.timer_head
                0x200012c4        0x4 ./gecko_sdk_4.4.5/platform/service/sleeptimer/src/sl_sleeptimer.o
 .bss.timer_frequency
                0x200012c8        0x4 ./gecko_sdk_4.4.5/platform/service/sleeptimer/src/sl_sleeptimer.o
 .bss.__sf      0x200012cc      0x138 e:/thiot/setup/developer/toolchains/gnu_arm/12.2.rel1_2023.7/bin/../lib/gcc/arm-none-eabi/12.2.1/thumb/v7e-m+fp/softfp\libc_nano.a(libc_a-findfp.o)
                0x200012cc                __sf
 .bss.__stdio_exit_handler
                0x20001404        0x4 e:/thiot/setup/developer/toolchains/gnu_arm/12.2.rel1_2023.7/bin/../lib/gcc/arm-none-eabi/12.2.1/thumb/v7e-m+fp/softfp\libc_nano.a(libc_a-findfp.o)
                0x20001404                __stdio_exit_handler
 .bss.errno     0x20001408        0x4 e:/thiot/setup/developer/toolchains/gnu_arm/12.2.rel1_2023.7/bin/../lib/gcc/arm-none-eabi/12.2.1/thumb/v7e-m+fp/softfp\libc_nano.a(libc_a-reent.o)
                0x20001408                errno
 .bss.__malloc_sbrk_start
                0x2000140c        0x4 e:/thiot/setup/developer/toolchains/gnu_arm/12.2.rel1_2023.7/bin/../lib/gcc/arm-none-eabi/12.2.1/thumb/v7e-m+fp/softfp\libc_nano.a(libc_a-mallocr.o)
                0x2000140c                __malloc_sbrk_start
 .bss.__malloc_free_list
                0x20001410        0x4 e:/thiot/setup/developer/toolchains/gnu_arm/12.2.rel1_2023.7/bin/../lib/gcc/arm-none-eabi/12.2.1/thumb/v7e-m+fp/softfp\libc_nano.a(libc_a-mallocr.o)
                0x20001410                __malloc_free_list
 .bss.dcdcReverseCurrentControl
                0x20001414        0x2 ./gecko_sdk_4.4.5/platform/emlib/src/em_emu.o
 .bss.dcdcEm01LoadCurrent_mA
                0x20001416        0x2 ./gecko_sdk_4.4.5/platform/emlib/src/em_emu.o
 .bss.dcdcMaxCurrent_mA
                0x20001418        0x2 ./gecko_sdk_4.4.5/platform/emlib/src/em_emu.o
 .bss.overflow_counter
                0x2000141a        0x2 ./gecko_sdk_4.4.5/platform/service/sleeptimer/src/sl_sleeptimer.o
 .bss.completed.1
                0x2000141c        0x1 e:/thiot/setup/developer/toolchains/gnu_arm/12.2.rel1_2023.7/bin/../lib/gcc/arm-none-eabi/12.2.1/thumb/v7e-m+fp/softfp/crtbegin.o
 .bss.rx_buffer_vcom
                0x2000141d       0x20 ./autogen/sl_iostream_init_usart_instances.o
 .bss.level_mask_enabled
                0x2000143d        0x1 ./gecko_sdk_4.4.5/app/common/util/app_log/app_log.o
 .bss.initialized
                0x2000143e        0x1 ./gecko_sdk_4.4.5/platform/emdrv/dmadrv/src/dmadrv.o
 .bss.vScaleEM01Config
                0x2000143f        0x1 ./gecko_sdk_4.4.5/platform/emlib/src/em_emu.o
 .bss.sleep_on_isr_exit
                0x20001440        0x1 ./gecko_sdk_4.4.5/platform/service/sleeptimer/src/sl_sleeptimer.o
 .bss.next_timer_to_expire_is_power_manager
                0x20001441        0x1 ./gecko_sdk_4.4.5/platform/service/sleeptimer/src/sl_sleeptimer.o
 .bss.is_sleeptimer_initialized
                0x20001442        0x1 ./gecko_sdk_4.4.5/platform/service/sleeptimer/src/sl_sleeptimer.o
 .bss.__lock___malloc_recursive_mutex
                0x20001443        0x1 e:/thiot/setup/developer/toolchains/gnu_arm/12.2.rel1_2023.7/bin/../lib/gcc/arm-none-eabi/12.2.1/thumb/v7e-m+fp/softfp\libc_nano.a(libc_a-lock.o)
                0x20001443                __lock___malloc_recursive_mutex
 .bss.__lock___sfp_recursive_mutex
                0x20001444        0x1 e:/thiot/setup/developer/toolchains/gnu_arm/12.2.rel1_2023.7/bin/../lib/gcc/arm-none-eabi/12.2.1/thumb/v7e-m+fp/softfp\libc_nano.a(libc_a-lock.o)
                0x20001444                __lock___sfp_recursive_mutex
 *(COMMON)
                0x20001448                . = ALIGN (0x4)
 *fill*         0x20001445        0x3 
                0x20001448                __bss_end__ = .
                0x20001448                __ramfuncs_start__ = .
                0x20001448                __vma_ramfuncs_start__ = .
                0x00005a00                __lma_ramfuncs_start__ = (__etext + SIZEOF (.data))
                0x00000000                __text_application_ram_offset__ = (. - __vma_ramfuncs_start__)

text_application_ram
                0x20001448        0x0 load address 0x00005a00
                0x20001448                . = ALIGN (0x4)
                0x20001448                __text_application_ram_start__ = .
 *(text_application_ram)
                0x20001448                . = ALIGN (0x4)
                0x20001448                __text_application_ram_end__ = .
                0x20001448                . = ALIGN (0x4)
                0x20001448                __vma_ramfuncs_end__ = .
                0x00005a00                __lma_ramfuncs_end__ = ((__lma_ramfuncs_start__ + __text_application_ram_offset__) + SIZEOF (text_application_ram))
                0x20001448                __ramfuncs_end__ = .

.heap           0x20001448      0x800
                0x20001448                __HeapBase = .
                0x20001448                __end__ = .
                0x20001448                end = __end__
                0x20001448                _end = __end__
 *(.heap*)
 .heap          0x20001448      0x800 ./gecko_sdk_4.4.5/platform/common/toolchain/src/sl_memory.o
                0x20010000                __HeapLimit = (ORIGIN (RAM) + LENGTH (RAM))
                0x0000ebb8                __heap_size = (__HeapLimit - __HeapBase)
                0x20010000                __ram_end__ = 0x20010000
                0x00080000                __main_flash_end__ = 0x80000

.internal_storage
 *(.internal_storage*)

.nvm
 *(.simee*)
                0x00080000                linker_nvm_end = __main_flash_end__
                0x00080000                linker_nvm_begin = (linker_nvm_end - SIZEOF (.nvm))
                0x00000000                linker_nvm_size = SIZEOF (.nvm)
                0x00080000                linker_storage_end = linker_nvm_begin
                0x00080000                __nvm3Base = linker_nvm_begin
                0x00080000                linker_storage_begin = (linker_storage_end - SIZEOF (.internal_storage))
                0x00000000                linker_storage_size = SIZEOF (.internal_storage)
                0x00000001                ASSERT ((linker_storage_begin >= (__etext + SIZEOF (.data))), FLASH memory overflowed !)
OUTPUT(I2C.axf elf32-littlearm)
LOAD linker stubs

.ARM.attributes
                0x00000000       0x2e
 .ARM.attributes
                0x00000000       0x22 e:/thiot/setup/developer/toolchains/gnu_arm/12.2.rel1_2023.7/bin/../lib/gcc/arm-none-eabi/12.2.1/thumb/v7e-m+fp/softfp/crti.o
 .ARM.attributes
                0x00000022       0x32 e:/thiot/setup/developer/toolchains/gnu_arm/12.2.rel1_2023.7/bin/../lib/gcc/arm-none-eabi/12.2.1/thumb/v7e-m+fp/softfp/crtbegin.o
 .ARM.attributes
                0x00000054       0x20 e:/thiot/setup/developer/toolchains/gnu_arm/12.2.rel1_2023.7/bin/../lib/gcc/arm-none-eabi/12.2.1/thumb/v7e-m+fp/softfp/crt0.o
 .ARM.attributes
                0x00000074       0x32 ./app.o
 .ARM.attributes
                0x000000a6       0x32 ./main.o
 .ARM.attributes
                0x000000d8       0x32 ./autogen/sl_board_default_init.o
 .ARM.attributes
                0x0000010a       0x32 ./autogen/sl_device_init_clocks.o
 .ARM.attributes
                0x0000013c       0x32 ./autogen/sl_event_handler.o
 .ARM.attributes
                0x0000016e       0x32 ./autogen/sl_i2cspm_init.o
 .ARM.attributes
                0x000001a0       0x32 ./autogen/sl_iostream_init_usart_instances.o
 .ARM.attributes
                0x000001d2       0x32 ./gecko_sdk_4.4.5/app/common/util/app_log/app_log.o
 .ARM.attributes
                0x00000204       0x32 ./gecko_sdk_4.4.5/hardware/board/src/sl_board_control_gpio.o
 .ARM.attributes
                0x00000236       0x32 ./gecko_sdk_4.4.5/hardware/board/src/sl_board_init.o
 .ARM.attributes
                0x00000268       0x32 ./gecko_sdk_4.4.5/hardware/driver/configuration_over_swo/src/sl_cos.o
 .ARM.attributes
                0x0000029a       0x32 ./gecko_sdk_4.4.5/hardware/driver/mx25_flash_shutdown/src/sl_mx25_flash_shutdown_usart/sl_mx25_flash_shutdown.o
 .ARM.attributes
                0x000002cc       0x32 ./gecko_sdk_4.4.5/platform/Device/SiliconLabs/EFR32BG13P/Source/startup_efr32bg13p.o
 .ARM.attributes
                0x000002fe       0x32 ./gecko_sdk_4.4.5/platform/Device/SiliconLabs/EFR32BG13P/Source/system_efr32bg13p.o
 .ARM.attributes
                0x00000330       0x32 ./gecko_sdk_4.4.5/platform/common/src/sl_assert.o
 .ARM.attributes
                0x00000362       0x32 ./gecko_sdk_4.4.5/platform/common/toolchain/src/sl_memory.o
 .ARM.attributes
                0x00000394       0x32 ./gecko_sdk_4.4.5/platform/driver/debug/src/sl_debug_swo.o
 .ARM.attributes
                0x000003c6       0x32 ./gecko_sdk_4.4.5/platform/driver/i2cspm/src/sl_i2cspm.o
 .ARM.attributes
                0x000003f8       0x32 ./gecko_sdk_4.4.5/platform/emdrv/dmadrv/src/dmadrv.o
 .ARM.attributes
                0x0000042a       0x32 ./gecko_sdk_4.4.5/platform/emlib/src/em_cmu.o
 .ARM.attributes
                0x0000045c       0x32 ./gecko_sdk_4.4.5/platform/emlib/src/em_core.o
 .ARM.attributes
                0x0000048e       0x32 ./gecko_sdk_4.4.5/platform/emlib/src/em_emu.o
 .ARM.attributes
                0x000004c0       0x32 ./gecko_sdk_4.4.5/platform/emlib/src/em_gpio.o
 .ARM.attributes
                0x000004f2       0x32 ./gecko_sdk_4.4.5/platform/emlib/src/em_i2c.o
 .ARM.attributes
                0x00000524       0x32 ./gecko_sdk_4.4.5/platform/emlib/src/em_ldma.o
 .ARM.attributes
                0x00000556       0x32 ./gecko_sdk_4.4.5/platform/emlib/src/em_rtcc.o
 .ARM.attributes
                0x00000588       0x32 ./gecko_sdk_4.4.5/platform/emlib/src/em_system.o
 .ARM.attributes
                0x000005ba       0x32 ./gecko_sdk_4.4.5/platform/emlib/src/em_usart.o
 .ARM.attributes
                0x000005ec       0x32 ./gecko_sdk_4.4.5/platform/service/device_init/src/sl_device_init_dcdc_s1.o
 .ARM.attributes
                0x0000061e       0x32 ./gecko_sdk_4.4.5/platform/service/device_init/src/sl_device_init_emu_s1.o
 .ARM.attributes
                0x00000650       0x32 ./gecko_sdk_4.4.5/platform/service/device_init/src/sl_device_init_hfxo_s1.o
 .ARM.attributes
                0x00000682       0x32 ./gecko_sdk_4.4.5/platform/service/device_init/src/sl_device_init_lfxo_s1.o
 .ARM.attributes
                0x000006b4       0x32 ./gecko_sdk_4.4.5/platform/service/device_init/src/sl_device_init_nvic.o
 .ARM.attributes
                0x000006e6       0x32 ./gecko_sdk_4.4.5/platform/service/iostream/src/sl_iostream.o
 .ARM.attributes
                0x00000718       0x32 ./gecko_sdk_4.4.5/platform/service/iostream/src/sl_iostream_retarget_stdio.o
 .ARM.attributes
                0x0000074a       0x32 ./gecko_sdk_4.4.5/platform/service/iostream/src/sl_iostream_stdlib_config.o
 .ARM.attributes
                0x0000077c       0x32 ./gecko_sdk_4.4.5/platform/service/iostream/src/sl_iostream_uart.o
 .ARM.attributes
                0x000007ae       0x32 ./gecko_sdk_4.4.5/platform/service/iostream/src/sl_iostream_usart.o
 .ARM.attributes
                0x000007e0       0x32 ./gecko_sdk_4.4.5/platform/service/sleeptimer/src/sl_sleeptimer.o
 .ARM.attributes
                0x00000812       0x32 ./gecko_sdk_4.4.5/platform/service/sleeptimer/src/sl_sleeptimer_hal_rtcc.o
 .ARM.attributes
                0x00000844       0x32 ./gecko_sdk_4.4.5/platform/service/system/src/sl_system_init.o
 .ARM.attributes
                0x00000876       0x32 ./gecko_sdk_4.4.5/platform/service/system/src/sl_system_process_action.o
 .ARM.attributes
                0x000008a8       0x32 ./gecko_sdk_4.4.5/platform/service/udelay/src/sl_udelay.o
 .ARM.attributes
                0x000008da       0x20 ./gecko_sdk_4.4.5/platform/service/udelay/src/sl_udelay_armv6m_gcc.o
 .ARM.attributes
                0x000008fa       0x22 e:/thiot/setup/developer/toolchains/gnu_arm/12.2.rel1_2023.7/bin/../lib/gcc/arm-none-eabi/12.2.1/thumb/v7e-m+fp/softfp\libgcc.a(_aeabi_uldivmod.o)
 .ARM.attributes
                0x0000091c       0x32 e:/thiot/setup/developer/toolchains/gnu_arm/12.2.rel1_2023.7/bin/../lib/gcc/arm-none-eabi/12.2.1/thumb/v7e-m+fp/softfp\libgcc.a(_udivmoddi4.o)
 .ARM.attributes
                0x0000094e       0x22 e:/thiot/setup/developer/toolchains/gnu_arm/12.2.rel1_2023.7/bin/../lib/gcc/arm-none-eabi/12.2.1/thumb/v7e-m+fp/softfp\libgcc.a(_dvmd_tls.o)
 .ARM.attributes
                0x00000970       0x32 e:/thiot/setup/developer/toolchains/gnu_arm/12.2.rel1_2023.7/bin/../lib/gcc/arm-none-eabi/12.2.1/thumb/v7e-m+fp/softfp\libc_nano.a(libc_a-exit.o)
 .ARM.attributes
                0x000009a2       0x32 e:/thiot/setup/developer/toolchains/gnu_arm/12.2.rel1_2023.7/bin/../lib/gcc/arm-none-eabi/12.2.1/thumb/v7e-m+fp/softfp\libc_nano.a(libc_a-findfp.o)
 .ARM.attributes
                0x000009d4       0x32 e:/thiot/setup/developer/toolchains/gnu_arm/12.2.rel1_2023.7/bin/../lib/gcc/arm-none-eabi/12.2.1/thumb/v7e-m+fp/softfp\libc_nano.a(libc_a-fwalk.o)
 .ARM.attributes
                0x00000a06       0x32 e:/thiot/setup/developer/toolchains/gnu_arm/12.2.rel1_2023.7/bin/../lib/gcc/arm-none-eabi/12.2.1/thumb/v7e-m+fp/softfp\libc_nano.a(libc_a-setvbuf.o)
 .ARM.attributes
                0x00000a38       0x32 e:/thiot/setup/developer/toolchains/gnu_arm/12.2.rel1_2023.7/bin/../lib/gcc/arm-none-eabi/12.2.1/thumb/v7e-m+fp/softfp\libc_nano.a(libc_a-stdio.o)
 .ARM.attributes
                0x00000a6a       0x32 e:/thiot/setup/developer/toolchains/gnu_arm/12.2.rel1_2023.7/bin/../lib/gcc/arm-none-eabi/12.2.1/thumb/v7e-m+fp/softfp\libc_nano.a(libc_a-vprintf.o)
 .ARM.attributes
                0x00000a9c       0x32 e:/thiot/setup/developer/toolchains/gnu_arm/12.2.rel1_2023.7/bin/../lib/gcc/arm-none-eabi/12.2.1/thumb/v7e-m+fp/softfp\libc_nano.a(libc_a-memset.o)
 .ARM.attributes
                0x00000ace       0x32 e:/thiot/setup/developer/toolchains/gnu_arm/12.2.rel1_2023.7/bin/../lib/gcc/arm-none-eabi/12.2.1/thumb/v7e-m+fp/softfp\libc_nano.a(libc_a-closer.o)
 .ARM.attributes
                0x00000b00       0x32 e:/thiot/setup/developer/toolchains/gnu_arm/12.2.rel1_2023.7/bin/../lib/gcc/arm-none-eabi/12.2.1/thumb/v7e-m+fp/softfp\libc_nano.a(libc_a-reent.o)
 .ARM.attributes
                0x00000b32       0x32 e:/thiot/setup/developer/toolchains/gnu_arm/12.2.rel1_2023.7/bin/../lib/gcc/arm-none-eabi/12.2.1/thumb/v7e-m+fp/softfp\libc_nano.a(libc_a-impure.o)
 .ARM.attributes
                0x00000b64       0x32 e:/thiot/setup/developer/toolchains/gnu_arm/12.2.rel1_2023.7/bin/../lib/gcc/arm-none-eabi/12.2.1/thumb/v7e-m+fp/softfp\libc_nano.a(libc_a-lseekr.o)
 .ARM.attributes
                0x00000b96       0x32 e:/thiot/setup/developer/toolchains/gnu_arm/12.2.rel1_2023.7/bin/../lib/gcc/arm-none-eabi/12.2.1/thumb/v7e-m+fp/softfp\libc_nano.a(libc_a-readr.o)
 .ARM.attributes
                0x00000bc8       0x32 e:/thiot/setup/developer/toolchains/gnu_arm/12.2.rel1_2023.7/bin/../lib/gcc/arm-none-eabi/12.2.1/thumb/v7e-m+fp/softfp\libc_nano.a(libc_a-writer.o)
 .ARM.attributes
                0x00000bfa       0x32 e:/thiot/setup/developer/toolchains/gnu_arm/12.2.rel1_2023.7/bin/../lib/gcc/arm-none-eabi/12.2.1/thumb/v7e-m+fp/softfp\libc_nano.a(libc_a-init.o)
 .ARM.attributes
                0x00000c2c       0x32 e:/thiot/setup/developer/toolchains/gnu_arm/12.2.rel1_2023.7/bin/../lib/gcc/arm-none-eabi/12.2.1/thumb/v7e-m+fp/softfp\libc_nano.a(libc_a-lock.o)
 .ARM.attributes
                0x00000c5e       0x32 e:/thiot/setup/developer/toolchains/gnu_arm/12.2.rel1_2023.7/bin/../lib/gcc/arm-none-eabi/12.2.1/thumb/v7e-m+fp/softfp\libc_nano.a(libc_a-memcpy-stub.o)
 .ARM.attributes
                0x00000c90       0x32 e:/thiot/setup/developer/toolchains/gnu_arm/12.2.rel1_2023.7/bin/../lib/gcc/arm-none-eabi/12.2.1/thumb/v7e-m+fp/softfp\libc_nano.a(libc_a-freer.o)
 .ARM.attributes
                0x00000cc2       0x32 e:/thiot/setup/developer/toolchains/gnu_arm/12.2.rel1_2023.7/bin/../lib/gcc/arm-none-eabi/12.2.1/thumb/v7e-m+fp/softfp\libc_nano.a(libc_a-malloc.o)
 .ARM.attributes
                0x00000cf4       0x32 e:/thiot/setup/developer/toolchains/gnu_arm/12.2.rel1_2023.7/bin/../lib/gcc/arm-none-eabi/12.2.1/thumb/v7e-m+fp/softfp\libc_nano.a(libc_a-mallocr.o)
 .ARM.attributes
                0x00000d26       0x32 e:/thiot/setup/developer/toolchains/gnu_arm/12.2.rel1_2023.7/bin/../lib/gcc/arm-none-eabi/12.2.1/thumb/v7e-m+fp/softfp\libc_nano.a(libc_a-mlock.o)
 .ARM.attributes
                0x00000d58       0x32 e:/thiot/setup/developer/toolchains/gnu_arm/12.2.rel1_2023.7/bin/../lib/gcc/arm-none-eabi/12.2.1/thumb/v7e-m+fp/softfp\libc_nano.a(libc_a-nano-vfprintf.o)
 .ARM.attributes
                0x00000d8a       0x32 e:/thiot/setup/developer/toolchains/gnu_arm/12.2.rel1_2023.7/bin/../lib/gcc/arm-none-eabi/12.2.1/thumb/v7e-m+fp/softfp\libc_nano.a(libc_a-nano-vfprintf_i.o)
 .ARM.attributes
                0x00000dbc       0x32 e:/thiot/setup/developer/toolchains/gnu_arm/12.2.rel1_2023.7/bin/../lib/gcc/arm-none-eabi/12.2.1/thumb/v7e-m+fp/softfp\libc_nano.a(libc_a-fflush.o)
 .ARM.attributes
                0x00000dee       0x32 e:/thiot/setup/developer/toolchains/gnu_arm/12.2.rel1_2023.7/bin/../lib/gcc/arm-none-eabi/12.2.1/thumb/v7e-m+fp/softfp\libc_nano.a(libc_a-makebuf.o)
 .ARM.attributes
                0x00000e20       0x32 e:/thiot/setup/developer/toolchains/gnu_arm/12.2.rel1_2023.7/bin/../lib/gcc/arm-none-eabi/12.2.1/thumb/v7e-m+fp/softfp\libc_nano.a(libc_a-wbuf.o)
 .ARM.attributes
                0x00000e52       0x32 e:/thiot/setup/developer/toolchains/gnu_arm/12.2.rel1_2023.7/bin/../lib/gcc/arm-none-eabi/12.2.1/thumb/v7e-m+fp/softfp\libc_nano.a(libc_a-wsetup.o)
 .ARM.attributes
                0x00000e84       0x32 e:/thiot/setup/developer/toolchains/gnu_arm/12.2.rel1_2023.7/bin/../lib/gcc/arm-none-eabi/12.2.1/thumb/v7e-m+fp/softfp\libc_nano.a(libc_a-fstatr.o)
 .ARM.attributes
                0x00000eb6       0x32 e:/thiot/setup/developer/toolchains/gnu_arm/12.2.rel1_2023.7/bin/../lib/gcc/arm-none-eabi/12.2.1/thumb/v7e-m+fp/softfp\libc_nano.a(libc_a-isattyr.o)
 .ARM.attributes
                0x00000ee8       0x32 e:/thiot/setup/developer/toolchains/gnu_arm/12.2.rel1_2023.7/bin/../lib/gcc/arm-none-eabi/12.2.1/thumb/v7e-m+fp/softfp\libc_nano.a(libc_a-sbrkr.o)
 .ARM.attributes
                0x00000f1a       0x1c e:/thiot/setup/developer/toolchains/gnu_arm/12.2.rel1_2023.7/bin/../lib/gcc/arm-none-eabi/12.2.1/thumb/v7e-m+fp/softfp\libc_nano.a(libc_a-memchr.o)
 .ARM.attributes
                0x00000f36       0x32 e:/thiot/setup/developer/toolchains/gnu_arm/12.2.rel1_2023.7/bin/../lib/gcc/arm-none-eabi/12.2.1/thumb/v7e-m+fp/softfp/crtend.o
 .ARM.attributes
                0x00000f68       0x22 e:/thiot/setup/developer/toolchains/gnu_arm/12.2.rel1_2023.7/bin/../lib/gcc/arm-none-eabi/12.2.1/thumb/v7e-m+fp/softfp/crtn.o

.comment        0x00000000       0x45
 .comment       0x00000000       0x45 ./app.o
                                 0x46 (size before relaxing)
 .comment       0x00000045       0x46 ./main.o
 .comment       0x00000045       0x46 ./autogen/sl_board_default_init.o
 .comment       0x00000045       0x46 ./autogen/sl_device_init_clocks.o
 .comment       0x00000045       0x46 ./autogen/sl_event_handler.o
 .comment       0x00000045       0x46 ./autogen/sl_i2cspm_init.o
 .comment       0x00000045       0x46 ./autogen/sl_iostream_init_usart_instances.o
 .comment       0x00000045       0x46 ./gecko_sdk_4.4.5/app/common/util/app_log/app_log.o
 .comment       0x00000045       0x46 ./gecko_sdk_4.4.5/hardware/board/src/sl_board_control_gpio.o
 .comment       0x00000045       0x46 ./gecko_sdk_4.4.5/hardware/board/src/sl_board_init.o
 .comment       0x00000045       0x46 ./gecko_sdk_4.4.5/hardware/driver/configuration_over_swo/src/sl_cos.o
 .comment       0x00000045       0x46 ./gecko_sdk_4.4.5/hardware/driver/mx25_flash_shutdown/src/sl_mx25_flash_shutdown_usart/sl_mx25_flash_shutdown.o
 .comment       0x00000045       0x46 ./gecko_sdk_4.4.5/platform/Device/SiliconLabs/EFR32BG13P/Source/startup_efr32bg13p.o
 .comment       0x00000045       0x46 ./gecko_sdk_4.4.5/platform/Device/SiliconLabs/EFR32BG13P/Source/system_efr32bg13p.o
 .comment       0x00000045       0x46 ./gecko_sdk_4.4.5/platform/common/src/sl_assert.o
 .comment       0x00000045       0x46 ./gecko_sdk_4.4.5/platform/common/toolchain/src/sl_memory.o
 .comment       0x00000045       0x46 ./gecko_sdk_4.4.5/platform/driver/debug/src/sl_debug_swo.o
 .comment       0x00000045       0x46 ./gecko_sdk_4.4.5/platform/driver/i2cspm/src/sl_i2cspm.o
 .comment       0x00000045       0x46 ./gecko_sdk_4.4.5/platform/emdrv/dmadrv/src/dmadrv.o
 .comment       0x00000045       0x46 ./gecko_sdk_4.4.5/platform/emlib/src/em_cmu.o
 .comment       0x00000045       0x46 ./gecko_sdk_4.4.5/platform/emlib/src/em_core.o
 .comment       0x00000045       0x46 ./gecko_sdk_4.4.5/platform/emlib/src/em_emu.o
 .comment       0x00000045       0x46 ./gecko_sdk_4.4.5/platform/emlib/src/em_gpio.o
 .comment       0x00000045       0x46 ./gecko_sdk_4.4.5/platform/emlib/src/em_i2c.o
 .comment       0x00000045       0x46 ./gecko_sdk_4.4.5/platform/emlib/src/em_ldma.o
 .comment       0x00000045       0x46 ./gecko_sdk_4.4.5/platform/emlib/src/em_rtcc.o
 .comment       0x00000045       0x46 ./gecko_sdk_4.4.5/platform/emlib/src/em_system.o
 .comment       0x00000045       0x46 ./gecko_sdk_4.4.5/platform/emlib/src/em_usart.o
 .comment       0x00000045       0x46 ./gecko_sdk_4.4.5/platform/service/device_init/src/sl_device_init_dcdc_s1.o
 .comment       0x00000045       0x46 ./gecko_sdk_4.4.5/platform/service/device_init/src/sl_device_init_emu_s1.o
 .comment       0x00000045       0x46 ./gecko_sdk_4.4.5/platform/service/device_init/src/sl_device_init_hfxo_s1.o
 .comment       0x00000045       0x46 ./gecko_sdk_4.4.5/platform/service/device_init/src/sl_device_init_lfxo_s1.o
 .comment       0x00000045       0x46 ./gecko_sdk_4.4.5/platform/service/device_init/src/sl_device_init_nvic.o
 .comment       0x00000045       0x46 ./gecko_sdk_4.4.5/platform/service/iostream/src/sl_iostream.o
 .comment       0x00000045       0x46 ./gecko_sdk_4.4.5/platform/service/iostream/src/sl_iostream_retarget_stdio.o
 .comment       0x00000045       0x46 ./gecko_sdk_4.4.5/platform/service/iostream/src/sl_iostream_stdlib_config.o
 .comment       0x00000045       0x46 ./gecko_sdk_4.4.5/platform/service/iostream/src/sl_iostream_uart.o
 .comment       0x00000045       0x46 ./gecko_sdk_4.4.5/platform/service/iostream/src/sl_iostream_usart.o
 .comment       0x00000045       0x46 ./gecko_sdk_4.4.5/platform/service/sleeptimer/src/sl_sleeptimer.o
 .comment       0x00000045       0x46 ./gecko_sdk_4.4.5/platform/service/sleeptimer/src/sl_sleeptimer_hal_rtcc.o
 .comment       0x00000045       0x46 ./gecko_sdk_4.4.5/platform/service/system/src/sl_system_init.o
 .comment       0x00000045       0x46 ./gecko_sdk_4.4.5/platform/service/system/src/sl_system_process_action.o
 .comment       0x00000045       0x46 ./gecko_sdk_4.4.5/platform/service/udelay/src/sl_udelay.o

.debug_line_str
                0x00000000      0x29f
 .debug_line_str
                0x00000000       0xe5 e:/thiot/setup/developer/toolchains/gnu_arm/12.2.rel1_2023.7/bin/../lib/gcc/arm-none-eabi/12.2.1/thumb/v7e-m+fp/softfp/crt0.o
 .debug_line_str
                0x000000e5       0xcb e:/thiot/setup/developer/toolchains/gnu_arm/12.2.rel1_2023.7/bin/../lib/gcc/arm-none-eabi/12.2.1/thumb/v7e-m+fp/softfp\libgcc.a(_aeabi_uldivmod.o)
 .debug_line_str
                0x000001b0        0xc e:/thiot/setup/developer/toolchains/gnu_arm/12.2.rel1_2023.7/bin/../lib/gcc/arm-none-eabi/12.2.1/thumb/v7e-m+fp/softfp\libgcc.a(_dvmd_tls.o)
                                 0xcf (size before relaxing)
 .debug_line_str
                0x000001bc       0xe3 e:/thiot/setup/developer/toolchains/gnu_arm/12.2.rel1_2023.7/bin/../lib/gcc/arm-none-eabi/12.2.1/thumb/v7e-m+fp/softfp\libc_nano.a(libc_a-memchr.o)

.debug_info     0x00000000    0x222f9
 .debug_info    0x00000000       0x50 ./app.o
 .debug_info    0x00000050      0x8a1 ./main.o
 .debug_info    0x000008f1       0xc5 ./autogen/sl_board_default_init.o
 .debug_info    0x000009b6      0x92c ./autogen/sl_device_init_clocks.o
 .debug_info    0x000012e2      0x5c1 ./autogen/sl_event_handler.o
 .debug_info    0x000018a3      0x54b ./autogen/sl_i2cspm_init.o
 .debug_info    0x00001dee     0x1343 ./autogen/sl_iostream_init_usart_instances.o
 .debug_info    0x00003131      0x5fc ./gecko_sdk_4.4.5/app/common/util/app_log/app_log.o
 .debug_info    0x0000372d      0x5ca ./gecko_sdk_4.4.5/hardware/board/src/sl_board_control_gpio.o
 .debug_info    0x00003cf7      0x351 ./gecko_sdk_4.4.5/hardware/board/src/sl_board_init.o
 .debug_info    0x00004048      0x4d4 ./gecko_sdk_4.4.5/hardware/driver/configuration_over_swo/src/sl_cos.o