Archive member included to satisfy reference by file (symbol)

e:/thiot/setup/developer/toolchains/gnu_arm/12.2.rel1_2023.7/bin/../lib/gcc/arm-none-eabi/12.2.1/thumb/v7e-m+fp/softfp\libgcc.a(_arm_muldf3.o)
                              ./main.o (__aeabi_dmul)
e:/thiot/setup/developer/toolchains/gnu_arm/12.2.rel1_2023.7/bin/../lib/gcc/arm-none-eabi/12.2.1/thumb/v7e-m+fp/softfp\libgcc.a(_arm_addsubdf3.o)
                              ./main.o (__aeabi_dsub)
e:/thiot/setup/developer/toolchains/gnu_arm/12.2.rel1_2023.7/bin/../lib/gcc/arm-none-eabi/12.2.1/thumb/v7e-m+fp/softfp\libgcc.a(_arm_fixunsdfsi.o)
                              ./main.o (__aeabi_d2uiz)
e:/thiot/setup/developer/toolchains/gnu_arm/12.2.rel1_2023.7/bin/../lib/gcc/arm-none-eabi/12.2.1/thumb/v7e-m+fp/softfp\libgcc.a(_aeabi_ldivmod.o)
                              ./gecko_sdk_4.4.5/platform/emlib/src/em_usart.o (__aeabi_ldivmod)
e:/thiot/setup/developer/toolchains/gnu_arm/12.2.rel1_2023.7/bin/../lib/gcc/arm-none-eabi/12.2.1/thumb/v7e-m+fp/softfp\libgcc.a(_aeabi_uldivmod.o)
                              ./gecko_sdk_4.4.5/platform/emlib/src/em_usart.o (__aeabi_uldivmod)
e:/thiot/setup/developer/toolchains/gnu_arm/12.2.rel1_2023.7/bin/../lib/gcc/arm-none-eabi/12.2.1/thumb/v7e-m+fp/softfp\libgcc.a(_udivmoddi4.o)
                              e:/thiot/setup/developer/toolchains/gnu_arm/12.2.rel1_2023.7/bin/../lib/gcc/arm-none-eabi/12.2.1/thumb/v7e-m+fp/softfp\libgcc.a(_aeabi_ldivmod.o) (__udivmoddi4)
e:/thiot/setup/developer/toolchains/gnu_arm/12.2.rel1_2023.7/bin/../lib/gcc/arm-none-eabi/12.2.1/thumb/v7e-m+fp/softfp\libgcc.a(_dvmd_tls.o)
                              e:/thiot/setup/developer/toolchains/gnu_arm/12.2.rel1_2023.7/bin/../lib/gcc/arm-none-eabi/12.2.1/thumb/v7e-m+fp/softfp\libgcc.a(_aeabi_ldivmod.o) (__aeabi_ldiv0)
e:/thiot/setup/developer/toolchains/gnu_arm/12.2.rel1_2023.7/bin/../lib/gcc/arm-none-eabi/12.2.1/thumb/v7e-m+fp/softfp\libc_nano.a(libc_a-exit.o)
                              e:/thiot/setup/developer/toolchains/gnu_arm/12.2.rel1_2023.7/bin/../lib/gcc/arm-none-eabi/12.2.1/thumb/v7e-m+fp/softfp/crt0.o (exit)
e:/thiot/setup/developer/toolchains/gnu_arm/12.2.rel1_2023.7/bin/../lib/gcc/arm-none-eabi/12.2.1/thumb/v7e-m+fp/softfp\libc_nano.a(libc_a-ctype_.o)
                              ./gecko_sdk_4.4.5/platform/common/src/sl_string.o (_ctype_)
e:/thiot/setup/developer/toolchains/gnu_arm/12.2.rel1_2023.7/bin/../lib/gcc/arm-none-eabi/12.2.1/thumb/v7e-m+fp/softfp\libc_nano.a(libc_a-findfp.o)
                              e:/thiot/setup/developer/toolchains/gnu_arm/12.2.rel1_2023.7/bin/../lib/gcc/arm-none-eabi/12.2.1/thumb/v7e-m+fp/softfp\libc_nano.a(libc_a-exit.o) (__stdio_exit_handler)
e:/thiot/setup/developer/toolchains/gnu_arm/12.2.rel1_2023.7/bin/../lib/gcc/arm-none-eabi/12.2.1/thumb/v7e-m+fp/softfp\libc_nano.a(libc_a-fwalk.o)
                              e:/thiot/setup/developer/toolchains/gnu_arm/12.2.rel1_2023.7/bin/../lib/gcc/arm-none-eabi/12.2.1/thumb/v7e-m+fp/softfp\libc_nano.a(libc_a-findfp.o) (_fwalk_sglue)
e:/thiot/setup/developer/toolchains/gnu_arm/12.2.rel1_2023.7/bin/../lib/gcc/arm-none-eabi/12.2.1/thumb/v7e-m+fp/softfp\libc_nano.a(libc_a-setvbuf.o)
                              ./gecko_sdk_4.4.5/platform/service/iostream/src/sl_iostream_stdlib_config.o (setvbuf)
e:/thiot/setup/developer/toolchains/gnu_arm/12.2.rel1_2023.7/bin/../lib/gcc/arm-none-eabi/12.2.1/thumb/v7e-m+fp/softfp\libc_nano.a(libc_a-stdio.o)
                              e:/thiot/setup/developer/toolchains/gnu_arm/12.2.rel1_2023.7/bin/../lib/gcc/arm-none-eabi/12.2.1/thumb/v7e-m+fp/softfp\libc_nano.a(libc_a-findfp.o) (__sread)
e:/thiot/setup/developer/toolchains/gnu_arm/12.2.rel1_2023.7/bin/../lib/gcc/arm-none-eabi/12.2.1/thumb/v7e-m+fp/softfp\libc_nano.a(libc_a-vprintf.o)
                              ./gecko_sdk_4.4.5/platform/service/iostream/src/sl_iostream.o (vprintf)
e:/thiot/setup/developer/toolchains/gnu_arm/12.2.rel1_2023.7/bin/../lib/gcc/arm-none-eabi/12.2.1/thumb/v7e-m+fp/softfp\libc_nano.a(libc_a-memset.o)
                              e:/thiot/setup/developer/toolchains/gnu_arm/12.2.rel1_2023.7/bin/../lib/gcc/arm-none-eabi/12.2.1/thumb/v7e-m+fp/softfp/crt0.o (memset)
e:/thiot/setup/developer/toolchains/gnu_arm/12.2.rel1_2023.7/bin/../lib/gcc/arm-none-eabi/12.2.1/thumb/v7e-m+fp/softfp\libc_nano.a(libc_a-closer.o)
                              e:/thiot/setup/developer/toolchains/gnu_arm/12.2.rel1_2023.7/bin/../lib/gcc/arm-none-eabi/12.2.1/thumb/v7e-m+fp/softfp\libc_nano.a(libc_a-stdio.o) (_close_r)
e:/thiot/setup/developer/toolchains/gnu_arm/12.2.rel1_2023.7/bin/../lib/gcc/arm-none-eabi/12.2.1/thumb/v7e-m+fp/softfp\libc_nano.a(libc_a-reent.o)
                              e:/thiot/setup/developer/toolchains/gnu_arm/12.2.rel1_2023.7/bin/../lib/gcc/arm-none-eabi/12.2.1/thumb/v7e-m+fp/softfp\libc_nano.a(libc_a-closer.o) (errno)
[...]
Memory Configuration

Name             Origin             Length             Attributes
FLASH            0x00000000         0x00080000         xr
RAM              0x20000000         0x00010000         xrw
*default*        0x00000000         0xffffffff

Linker script and memory map

LOAD e:/thiot/setup/developer/toolchains/gnu_arm/12.2.rel1_2023.7/bin/../lib/gcc/arm-none-eabi/12.2.1/thumb/v7e-m+fp/softfp/crti.o
LOAD e:/thiot/setup/developer/toolchains/gnu_arm/12.2.rel1_2023.7/bin/../lib/gcc/arm-none-eabi/12.2.1/thumb/v7e-m+fp/softfp/crtbegin.o
LOAD e:/thiot/setup/developer/toolchains/gnu_arm/12.2.rel1_2023.7/bin/../lib/gcc/arm-none-eabi/12.2.1/thumb/v7e-m+fp/softfp/crt0.o
START GROUP
LOAD ./app.o
LOAD ./main.o
LOAD ./autogen/sl_board_default_init.o
LOAD ./autogen/sl_device_init_clocks.o
LOAD ./autogen/sl_event_handler.o
LOAD ./autogen/sl_i2cspm_init.o
LOAD ./autogen/sl_iostream_handles.o
LOAD ./autogen/sl_iostream_init_usart_instances.o
LOAD ./gecko_sdk_4.4.5/app/common/util/app_log/app_log.o
LOAD ./gecko_sdk_4.4.5/hardware/board/src/sl_board_control_gpio.o
LOAD ./gecko_sdk_4.4.5/hardware/board/src/sl_board_init.o
LOAD ./gecko_sdk_4.4.5/hardware/driver/configuration_over_swo/src/sl_cos.o
LOAD ./gecko_sdk_4.4.5/hardware/driver/mx25_flash_shutdown/src/sl_mx25_flash_shutdown_usart/sl_mx25_flash_shutdown.o
LOAD ./gecko_sdk_4.4.5/platform/Device/SiliconLabs/EFR32BG13P/Source/startup_efr32bg13p.o
LOAD ./gecko_sdk_4.4.5/platform/Device/SiliconLabs/EFR32BG13P/Source/system_efr32bg13p.o
LOAD ./gecko_sdk_4.4.5/platform/common/src/sl_assert.o
LOAD ./gecko_sdk_4.4.5/platform/common/src/sl_string.o
LOAD ./gecko_sdk_4.4.5/platform/common/src/sl_syscalls.o
LOAD ./gecko_sdk_4.4.5/platform/common/toolchain/src/sl_memory.o
LOAD ./gecko_sdk_4.4.5/platform/driver/debug/src/sl_debug_swo.o
LOAD ./gecko_sdk_4.4.5/platform/driver/i2cspm/src/sl_i2cspm.o
LOAD ./gecko_sdk_4.4.5/platform/emdrv/dmadrv/src/dmadrv.o
LOAD ./gecko_sdk_4.4.5/platform/emlib/src/em_cmu.o
LOAD ./gecko_sdk_4.4.5/platform/emlib/src/em_core.o
LOAD ./gecko_sdk_4.4.5/platform/emlib/src/em_emu.o
LOAD ./gecko_sdk_4.4.5/platform/emlib/src/em_gpio.o
LOAD ./gecko_sdk_4.4.5/platform/emlib/src/em_i2c.o
LOAD ./gecko_sdk_4.4.5/platform/emlib/src/em_ldma.o
LOAD ./gecko_sdk_4.4.5/platform/emlib/src/em_msc.o
LOAD ./gecko_sdk_4.4.5/platform/emlib/src/em_rtcc.o
LOAD ./gecko_sdk_4.4.5/platform/emlib/src/em_system.o
LOAD ./gecko_sdk_4.4.5/platform/emlib/src/em_timer.o
LOAD ./gecko_sdk_4.4.5/platform/emlib/src/em_usart.o
LOAD ./gecko_sdk_4.4.5/platform/service/device_init/src/sl_device_init_dcdc_s1.o
LOAD ./gecko_sdk_4.4.5/platform/service/device_init/src/sl_device_init_emu_s1.o
LOAD ./gecko_sdk_4.4.5/platform/service/device_init/src/sl_device_init_hfxo_s1.o
LOAD ./gecko_sdk_4.4.5/platform/service/device_init/src/sl_device_init_lfxo_s1.o
LOAD ./gecko_sdk_4.4.5/platform/service/device_init/src/sl_device_init_nvic.o
LOAD ./gecko_sdk_4.4.5/platform/service/iostream/src/sl_iostream.o
LOAD ./gecko_sdk_4.4.5/platform/service/iostream/src/sl_iostream_retarget_stdio.o
LOAD ./gecko_sdk_4.4.5/platform/service/iostream/src/sl_iostream_stdlib_config.o
LOAD ./gecko_sdk_4.4.5/platform/service/iostream/src/sl_iostream_uart.o
LOAD ./gecko_sdk_4.4.5/platform/service/iostream/src/sl_iostream_usart.o
LOAD ./gecko_sdk_4.4.5/platform/service/sleeptimer/src/sl_sleeptimer.o
LOAD ./gecko_sdk_4.4.5/platform/service/sleeptimer/src/sl_sleeptimer_hal_prortc.o
LOAD ./gecko_sdk_4.4.5/platform/service/sleeptimer/src/sl_sleeptimer_hal_rtcc.o
LOAD ./gecko_sdk_4.4.5/platform/service/sleeptimer/src/sl_sleeptimer_hal_timer.o
LOAD ./gecko_sdk_4.4.5/platform/service/system/src/sl_system_init.o
LOAD ./gecko_sdk_4.4.5/platform/service/system/src/sl_system_process_action.o
LOAD ./gecko_sdk_4.4.5/platform/service/udelay/src/sl_udelay.o
LOAD ./gecko_sdk_4.4.5/platform/service/udelay/src/sl_udelay_armv6m_gcc.o
LOAD e:/thiot/setup/developer/toolchains/gnu_arm/12.2.rel1_2023.7/bin/../lib/gcc/arm-none-eabi/12.2.1/thumb/v7e-m+fp/softfp\libgcc.a
LOAD e:/thiot/setup/developer/toolchains/gnu_arm/12.2.rel1_2023.7/bin/../lib/gcc/arm-none-eabi/12.2.1/thumb/v7e-m+fp/softfp\libc_nano.a
LOAD e:/thiot/setup/developer/toolchains/gnu_arm/12.2.rel1_2023.7/bin/../lib/gcc/arm-none-eabi/12.2.1/thumb/v7e-m+fp/softfp\libm.a
LOAD e:/thiot/setup/developer/toolchains/gnu_arm/12.2.rel1_2023.7/bin/../lib/gcc/arm-none-eabi/12.2.1/thumb/v7e-m+fp/softfp\libnosys.a
END GROUP
START GROUP
LOAD e:/thiot/setup/developer/toolchains/gnu_arm/12.2.rel1_2023.7/bin/../lib/gcc/arm-none-eabi/12.2.1/thumb/v7e-m+fp/softfp\libgcc.a
LOAD e:/thiot/setup/developer/toolchains/gnu_arm/12.2.rel1_2023.7/bin/../lib/gcc/arm-none-eabi/12.2.1/thumb/v7e-m+fp/softfp\libc_nano.a
LOAD e:/thiot/setup/developer/toolchains/gnu_arm/12.2.rel1_2023.7/bin/../lib/gcc/arm-none-eabi/12.2.1/thumb/v7e-m+fp/softfp\libnosys.a
END GROUP
START GROUP
LOAD e:/thiot/setup/developer/toolchains/gnu_arm/12.2.rel1_2023.7/bin/../lib/gcc/arm-none-eabi/12.2.1/thumb/v7e-m+fp/softfp\libgcc.a
LOAD e:/thiot/setup/developer/toolchains/gnu_arm/12.2.rel1_2023.7/bin/../lib/gcc/arm-none-eabi/12.2.1/thumb/v7e-m+fp/softfp\libg_nano.a
LOAD e:/thiot/setup/developer/toolchains/gnu_arm/12.2.rel1_2023.7/bin/../lib/gcc/arm-none-eabi/12.2.1/thumb/v7e-m+fp/softfp\libc_nano.a
END GROUP
START GROUP
LOAD e:/thiot/setup/developer/toolchains/gnu_arm/12.2.rel1_2023.7/bin/../lib/gcc/arm-none-eabi/12.2.1/thumb/v7e-m+fp/softfp\libgcc.a
LOAD e:/thiot/setup/developer/toolchains/gnu_arm/12.2.rel1_2023.7/bin/../lib/gcc/arm-none-eabi/12.2.1/thumb/v7e-m+fp/softfp\libc_nano.a
END GROUP
LOAD e:/thiot/setup/developer/toolchains/gnu_arm/12.2.rel1_2023.7/bin/../lib/gcc/arm-none-eabi/12.2.1/thumb/v7e-m+fp/softfp/crtend.o
LOAD e:/thiot/setup/developer/toolchains/gnu_arm/12.2.rel1_2023.7/bin/../lib/gcc/arm-none-eabi/12.2.1/thumb/v7e-m+fp/softfp/crtn.o

.text           0x00000000     0x669c
                0x00000000                linker_vectors_begin = .
 *(.vectors)
 .vectors       0x00000000       0xfc ./gecko_sdk_4.4.5/platform/Device/SiliconLabs/EFR32BG13P/Source/startup_efr32bg13p.o
                0x00000000                __Vectors
                0x000000fc                linker_vectors_end = .
                0x000000fc                __Vectors_End = .
                0x000000fc                __Vectors_Size = (__Vectors_End - __Vectors)
                0x000000fc                linker_code_begin = .
 *(SORT_BY_ALIGNMENT(.text*))
 *fill*         0x000000fc        0x4 
 .text          0x00000100        0x8 ./gecko_sdk_4.4.5/platform/service/udelay/src/sl_udelay_armv6m_gcc.o
                0x00000100                sli_delay_loop
 *fill*         0x00000108        0x8 
 .text          0x00000110       0xa0 e:/thiot/setup/developer/toolchains/gnu_arm/12.2.rel1_2023.7/bin/../lib/gcc/arm-none-eabi/12.2.1/thumb/v7e-m+fp/softfp\libc_nano.a(libc_a-memchr.o)
                0x00000110                memchr
 .text.decode_temp
                0x000001b0       0x54 ./main.o
                0x000001b0                decode_temp
 .text.deregister_tm_clones
                0x00000204       0x1c e:/thiot/setup/developer/toolchains/gnu_arm/12.2.rel1_2023.7/bin/../lib/gcc/arm-none-eabi/12.2.1/thumb/v7e-m+fp/softfp/crtbegin.o
 .text.register_tm_clones
                0x00000220       0x24 e:/thiot/setup/developer/toolchains/gnu_arm/12.2.rel1_2023.7/bin/../lib/gcc/arm-none-eabi/12.2.1/thumb/v7e-m+fp/softfp/crtbegin.o
 .text.__do_global_dtors_aux
                0x00000244       0x28 e:/thiot/setup/developer/toolchains/gnu_arm/12.2.rel1_2023.7/bin/../lib/gcc/arm-none-eabi/12.2.1/thumb/v7e-m+fp/softfp/crtbegin.o
 .text.frame_dummy
                0x0000026c       0x24 e:/thiot/setup/developer/toolchains/gnu_arm/12.2.rel1_2023.7/bin/../lib/gcc/arm-none-eabi/12.2.1/thumb/v7e-m+fp/softfp/crtbegin.o
 .text          0x00000290       0x7c e:/thiot/setup/developer/toolchains/gnu_arm/12.2.rel1_2023.7/bin/../lib/gcc/arm-none-eabi/12.2.1/thumb/v7e-m+fp/softfp/crt0.o
                0x00000290                _stack_init
                0x00000298                _start
                0x00000298                _mainCRTStartup
 .text.startup.main
                0x0000030c      0x51c ./main.o
                0x0000030c                main
 .text.sl_device_init_clocks
                0x00000828       0x48 ./autogen/sl_device_init_clocks.o
                0x00000828                sl_device_init_clocks
 .text.sl_platform_init
                0x00000870       0x90 ./autogen/sl_event_handler.o
                0x00000870                sl_platform_init
 .text.sl_i2cspm_init_instances
                0x00000900       0x1c ./autogen/sl_i2cspm_init.o
                0x00000900                sl_i2cspm_init_instances
 .text.sl_iostream_usart_init_vcom
                0x0000091c       0xc0 ./autogen/sl_iostream_init_usart_instances.o
                0x0000091c                sl_iostream_usart_init_vcom
 .text.sl_iostream_usart_init_instances
                0x000009dc       0x1c ./autogen/sl_iostream_init_usart_instances.o
                0x000009dc                sl_iostream_usart_init_instances
 .text.USART0_RX_IRQHandler
                0x000009f8        0xc ./autogen/sl_iostream_init_usart_instances.o
                0x000009f8                USART0_RX_IRQHandler
 .text.app_log_check_level
                0x00000a04       0x40 ./gecko_sdk_4.4.5/app/common/util/app_log/app_log.o
                0x00000a04                app_log_check_level
 .text.app_log_init
                0x00000a44       0x38 ./gecko_sdk_4.4.5/app/common/util/app_log/app_log.o
                0x00000a44                app_log_init
 .text.sl_board_enable_sensor
                0x00000a7c       0x60 ./gecko_sdk_4.4.5/hardware/board/src/sl_board_control_gpio.o
                0x00000a7c                sl_board_enable_sensor
 .text.sl_board_init
                0x00000adc       0x20 ./gecko_sdk_4.4.5/hardware/board/src/sl_board_init.o
                0x00000adc                sl_board_init
 .text.sl_board_preinit
                0x00000afc        0xc ./gecko_sdk_4.4.5/hardware/board/src/sl_board_init.o
                0x00000afc                sl_board_preinit
 .text.cs_high  0x00000b08        0xc ./gecko_sdk_4.4.5/hardware/driver/mx25_flash_shutdown/src/sl_mx25_flash_shutdown_usart/sl_mx25_flash_shutdown.o
 .text.cs_low   0x00000b14        0xc ./gecko_sdk_4.4.5/hardware/driver/mx25_flash_shutdown/src/sl_mx25_flash_shutdown_usart/sl_mx25_flash_shutdown.o
 .text.sl_mx25_flash_shutdown
                0x00000b20       0xfc ./gecko_sdk_4.4.5/hardware/driver/mx25_flash_shutdown/src/sl_mx25_flash_shutdown_usart/sl_mx25_flash_shutdown.o
                0x00000b20                sl_mx25_flash_shutdown
 .text.Reset_Handler
                0x00000c1c       0x60 ./gecko_sdk_4.4.5/platform/Device/SiliconLabs/EFR32BG13P/Source/startup_efr32bg13p.o
                0x00000c1c                Reset_Handler
 .text.SystemMaxCoreClockGet
                0x00000c7c        0x8 ./gecko_sdk_4.4.5/platform/Device/SiliconLabs/EFR32BG13P/Source/system_efr32bg13p.o
                0x00000c7c                SystemMaxCoreClockGet
 .text.SystemHFClockGet
                0x00000c84       0x54 ./gecko_sdk_4.4.5/platform/Device/SiliconLabs/EFR32BG13P/Source/system_efr32bg13p.o
                0x00000c84                SystemHFClockGet
 .text.SystemCoreClockGet
                0x00000cd8       0x24 ./gecko_sdk_4.4.5/platform/Device/SiliconLabs/EFR32BG13P/Source/system_efr32bg13p.o
                0x00000cd8                SystemCoreClockGet
 .text.SystemHFXOClockGet
                0x00000cfc        0xc ./gecko_sdk_4.4.5/platform/Device/SiliconLabs/EFR32BG13P/Source/system_efr32bg13p.o
                0x00000cfc                SystemHFXOClockGet
 .text.SystemHFXOClockSet
                0x00000d08       0x20 ./gecko_sdk_4.4.5/platform/Device/SiliconLabs/EFR32BG13P/Source/system_efr32bg13p.o
                0x00000d08                SystemHFXOClockSet
 .text.SystemInit
                0x00000d28       0x1c ./gecko_sdk_4.4.5/platform/Device/SiliconLabs/EFR32BG13P/Source/system_efr32bg13p.o
                0x00000d28                SystemInit
 .text.SystemLFXOClockGet
                0x00000d44        0xc ./gecko_sdk_4.4.5/platform/Device/SiliconLabs/EFR32BG13P/Source/system_efr32bg13p.o
                0x00000d44                SystemLFXOClockGet
 .text._sbrk    0x00000d50       0x20 ./gecko_sdk_4.4.5/platform/common/toolchain/src/sl_memory.o
                0x00000d50                _sbrk
 .text.sl_debug_swo_init
                0x00000d70       0xcc ./gecko_sdk_4.4.5/platform/driver/debug/src/sl_debug_swo.o
                0x00000d70                sl_debug_swo_init
 .text.sl_debug_swo_write_u8
                0x00000e3c       0x44 ./gecko_sdk_4.4.5/platform/driver/debug/src/sl_debug_swo.o
                0x00000e3c                sl_debug_swo_write_u8
 .text.I2CSPM_Init
                0x00000e80      0x13c ./gecko_sdk_4.4.5/platform/driver/i2cspm/src/sl_i2cspm.o
                0x00000e80                I2CSPM_Init
 .text.I2CSPM_Transfer
                0x00000fbc       0x20 ./gecko_sdk_4.4.5/platform/driver/i2cspm/src/sl_i2cspm.o
                0x00000fbc                I2CSPM_Transfer
 .text.StartTransfer
                0x00000fdc      0x178 ./gecko_sdk_4.4.5/platform/emdrv/dmadrv/src/dmadrv.o
 .text.DMADRV_AllocateChannel
                0x00001154       0x60 ./gecko_sdk_4.4.5/platform/emdrv/dmadrv/src/dmadrv.o
                0x00001154                DMADRV_AllocateChannel
 .text.DMADRV_DeInit
                0x000011b4       0x44 ./gecko_sdk_4.4.5/platform/emdrv/dmadrv/src/dmadrv.o
                0x000011b4                DMADRV_DeInit
 .text.DMADRV_FreeChannel
                0x000011f8       0x4c ./gecko_sdk_4.4.5/platform/emdrv/dmadrv/src/dmadrv.o
                0x000011f8                DMADRV_FreeChannel
 .text.DMADRV_Init
                0x00001244       0x6c ./gecko_sdk_4.4.5/platform/emdrv/dmadrv/src/dmadrv.o
                0x00001244                DMADRV_Init
 .text.DMADRV_PauseTransfer
                0x000012b0       0x40 ./gecko_sdk_4.4.5/platform/emdrv/dmadrv/src/dmadrv.o
                0x000012b0                DMADRV_PauseTransfer
 .text.DMADRV_ResumeTransfer
                0x000012f0       0x40 ./gecko_sdk_4.4.5/platform/emdrv/dmadrv/src/dmadrv.o
                0x000012f0                DMADRV_ResumeTransfer
 .text.DMADRV_StopTransfer
                0x00001330       0x40 ./gecko_sdk_4.4.5/platform/emdrv/dmadrv/src/dmadrv.o
                0x00001330                DMADRV_StopTransfer
 .text.DMADRV_TransferCompletePending
                0x00001370       0x50 ./gecko_sdk_4.4.5/platform/emdrv/dmadrv/src/dmadrv.o
                0x00001370                DMADRV_TransferCompletePending
 .text.DMADRV_TransferDone
                0x000013c0       0x44 ./gecko_sdk_4.4.5/platform/emdrv/dmadrv/src/dmadrv.o
                0x000013c0                DMADRV_TransferDone
 .text.LDMA_IRQHandler
                0x00001404       0x70 ./gecko_sdk_4.4.5/platform/emdrv/dmadrv/src/dmadrv.o
                0x00001404                LDMA_IRQHandler
 .text.setHfLeConfig
                0x00001474       0x44 ./gecko_sdk_4.4.5/platform/emlib/src/em_cmu.o
 .text.flashWaitStateControl
                0x000014b8       0x54 ./gecko_sdk_4.4.5/platform/emlib/src/em_cmu.o
 .text.flashWaitStateMax
                0x0000150c       0x24 ./gecko_sdk_4.4.5/platform/emlib/src/em_cmu.o
 .text.EMU_VScaleWait
                0x00001530       0x1c ./gecko_sdk_4.4.5/platform/emlib/src/em_cmu.o
 .text.EMU_VScaleGet
                0x0000154c       0x14 ./gecko_sdk_4.4.5/platform/emlib/src/em_cmu.o
 .text.syncReg  0x00001560       0x18 ./gecko_sdk_4.4.5/platform/emlib/src/em_cmu.o
 .text.CMU_UpdateWaitStates
                0x00001578       0x20 ./gecko_sdk_4.4.5/platform/emlib/src/em_cmu.o
                0x00001578                CMU_UpdateWaitStates
 .text.CMU_ClockEnable
                0x00001598       0x9c ./gecko_sdk_4.4.5/platform/emlib/src/em_cmu.o
                0x00001598                CMU_ClockEnable
 .text.CMU_ClockPrescGet
                0x00001634       0xec ./gecko_sdk_4.4.5/platform/emlib/src/em_cmu.o
                0x00001634                CMU_ClockPrescGet
 .text.CMU_ClockSelectGet
                0x00001720       0xdc ./gecko_sdk_4.4.5/platform/emlib/src/em_cmu.o
                0x00001720                CMU_ClockSelectGet
 .text.lfClkGet
                0x000017fc       0xb8 ./gecko_sdk_4.4.5/platform/emlib/src/em_cmu.o
 .text.CMU_ClockFreqGet
                0x000018b4      0x1d0 ./gecko_sdk_4.4.5/platform/emlib/src/em_cmu.o
                0x000018b4                CMU_ClockFreqGet
 .text.CMU_LFXOPrecisionSet
                0x00001a84        0xc ./gecko_sdk_4.4.5/platform/emlib/src/em_cmu.o
                0x00001a84                CMU_LFXOPrecisionSet
 .text.CMU_HFXOPrecisionSet
                0x00001a90        0xc ./gecko_sdk_4.4.5/platform/emlib/src/em_cmu.o
                0x00001a90                CMU_HFXOPrecisionSet
 .text.CMU_OscillatorTuningSet
                0x00001a9c      0x120 ./gecko_sdk_4.4.5/platform/emlib/src/em_cmu.o
                0x00001a9c                CMU_OscillatorTuningSet
 .text.CMU_OscillatorTuningWait
                0x00001bbc       0x64 ./gecko_sdk_4.4.5/platform/emlib/src/em_cmu.o
                0x00001bbc                CMU_OscillatorTuningWait
 .text.CMU_OscillatorTuningOptimize
                0x00001c20       0x38 ./gecko_sdk_4.4.5/platform/emlib/src/em_cmu.o
                0x00001c20                CMU_OscillatorTuningOptimize
 .text.CMU_OscillatorEnable
                0x00001c58      0x19c ./gecko_sdk_4.4.5/platform/emlib/src/em_cmu.o
                0x00001c58                CMU_OscillatorEnable
 .text.sli_em_cmu_HFClockSelectHFXO
                0x00001df4       0x60 ./gecko_sdk_4.4.5/platform/emlib/src/em_cmu.o
                0x00001df4                sli_em_cmu_HFClockSelectHFXO
 .text.CMU_HFXOInit
                0x00001e54       0xa0 ./gecko_sdk_4.4.5/platform/emlib/src/em_cmu.o
                0x00001e54                CMU_HFXOInit
 .text.CMU_LFXOInit
                0x00001ef4       0x58 ./gecko_sdk_4.4.5/platform/emlib/src/em_cmu.o
                0x00001ef4                CMU_LFXOInit
 .text.EMU_LDOStatusGet
                0x00001f4c       0x14 ./gecko_sdk_4.4.5/platform/emlib/src/em_emu.o
 .text.lpGetDevinfoVrefLowHigh
                0x00001f60       0x74 ./gecko_sdk_4.4.5/platform/emlib/src/em_emu.o
 .text.EMU_VScaleWait
                0x00001fd4       0x18 ./gecko_sdk_4.4.5/platform/emlib/src/em_emu.o
 .text.EMU_EM4Init
                0x00001fec       0x40 ./gecko_sdk_4.4.5/platform/emlib/src/em_emu.o
                0x00001fec                EMU_EM4Init
 .text.EMU_VScaleEM01
                0x0000202c       0x98 ./gecko_sdk_4.4.5/platform/emlib/src/em_emu.o
                0x0000202c                EMU_VScaleEM01
 .text.EMU_VScaleEM01ByClock
                0x000020c4       0x4c ./gecko_sdk_4.4.5/platform/emlib/src/em_emu.o
                0x000020c4                EMU_VScaleEM01ByClock
 .text.EMU_DCDCModeSet
                0x00002110       0x68 ./gecko_sdk_4.4.5/platform/emlib/src/em_emu.o
                0x00002110                EMU_DCDCModeSet
 .text.EMU_DCDCOutputVoltageSet
                0x00002178      0x1f0 ./gecko_sdk_4.4.5/platform/emlib/src/em_emu.o
                0x00002178                EMU_DCDCOutputVoltageSet
 .text.EMU_DCDCOptimizeSlice
                0x00002368       0xdc ./gecko_sdk_4.4.5/platform/emlib/src/em_emu.o
                0x00002368                EMU_DCDCOptimizeSlice
 .text.EMU_DCDCLnRcoBandSet
                0x00002444       0x44 ./gecko_sdk_4.4.5/platform/emlib/src/em_emu.o
                0x00002444                EMU_DCDCLnRcoBandSet
 .text.EMU_DCDCInit
                0x00002488      0x170 ./gecko_sdk_4.4.5/platform/emlib/src/em_emu.o
                0x00002488                EMU_DCDCInit
 .text.GPIO_PinOutSet
                0x000025f8       0x40 ./gecko_sdk_4.4.5/platform/emlib/src/em_gpio.o
 .text.GPIO_PinOutClear
                0x00002638       0x40 ./gecko_sdk_4.4.5/platform/emlib/src/em_gpio.o
 .text.GPIO_DbgLocationSet
                0x00002678       0x2c ./gecko_sdk_4.4.5/platform/emlib/src/em_gpio.o
                0x00002678                GPIO_DbgLocationSet
 .text.GPIO_PinModeSet
                0x000026a4       0x90 ./gecko_sdk_4.4.5/platform/emlib/src/em_gpio.o
                0x000026a4                GPIO_PinModeSet
 .text.I2C_BusFreqSet
                0x00002734      0x114 ./gecko_sdk_4.4.5/platform/emlib/src/em_i2c.o
                0x00002734                I2C_BusFreqSet
 .text.I2C_Enable
                0x00002848       0x34 ./gecko_sdk_4.4.5/platform/emlib/src/em_i2c.o
                0x00002848                I2C_Enable
 .text.I2C_Init
                0x0000287c       0x58 ./gecko_sdk_4.4.5/platform/emlib/src/em_i2c.o
                0x0000287c                I2C_Init
 .text.I2C_Transfer
                0x000028d4      0x204 ./gecko_sdk_4.4.5/platform/emlib/src/em_i2c.o
                0x000028d4                I2C_Transfer
 .text.I2C_TransferInit
                0x00002ad8       0xb8 ./gecko_sdk_4.4.5/platform/emlib/src/em_i2c.o
                0x00002ad8                I2C_TransferInit
 .text.LDMA_DeInit
                0x00002b90       0x2c ./gecko_sdk_4.4.5/platform/emlib/src/em_ldma.o
                0x00002b90                LDMA_DeInit
 .text.LDMA_EnableChannelRequest
                0x00002bbc       0x38 ./gecko_sdk_4.4.5/platform/emlib/src/em_ldma.o
                0x00002bbc                LDMA_EnableChannelRequest
 .text.LDMA_Init
                0x00002bf4       0x84 ./gecko_sdk_4.4.5/platform/emlib/src/em_ldma.o
                0x00002bf4                LDMA_Init
 .text.LDMA_StartTransfer
                0x00002c78      0x104 ./gecko_sdk_4.4.5/platform/emlib/src/em_ldma.o
                0x00002c78                LDMA_StartTransfer
 .text.LDMA_StopTransfer
                0x00002d7c       0x40 ./gecko_sdk_4.4.5/platform/emlib/src/em_ldma.o
                0x00002d7c                LDMA_StopTransfer
 .text.LDMA_TransferDone
                0x00002dbc       0x44 ./gecko_sdk_4.4.5/platform/emlib/src/em_ldma.o
                0x00002dbc                LDMA_TransferDone
 .text.RTCC_ChannelInit
                0x00002e00       0x58 ./gecko_sdk_4.4.5/platform/emlib/src/em_rtcc.o
                0x00002e00                RTCC_ChannelInit
 .text.RTCC_Enable
                0x00002e58        0xc ./gecko_sdk_4.4.5/platform/emlib/src/em_rtcc.o
                0x00002e58                RTCC_Enable
 .text.RTCC_Init
                0x00002e64       0x3c ./gecko_sdk_4.4.5/platform/emlib/src/em_rtcc.o
                0x00002e64                RTCC_Init
 .text.SYSTEM_ChipRevisionGet
                0x00002ea0       0x50 ./gecko_sdk_4.4.5/platform/emlib/src/em_system.o
                0x00002ea0                SYSTEM_ChipRevisionGet
 .text.USART_BaudrateAsyncSet
                0x00002ef0       0xe4 ./gecko_sdk_4.4.5/platform/emlib/src/em_usart.o
                0x00002ef0                USART_BaudrateAsyncSet
 .text.USART_BaudrateSyncSet
                0x00002fd4       0x4c ./gecko_sdk_4.4.5/platform/emlib/src/em_usart.o
                0x00002fd4                USART_BaudrateSyncSet
 .text.USART_Enable
                0x00003020       0x3c ./gecko_sdk_4.4.5/platform/emlib/src/em_usart.o
                0x00003020                USART_Enable
 .text.USART_Reset
                0x0000305c       0x78 ./gecko_sdk_4.4.5/platform/emlib/src/em_usart.o
                0x0000305c                USART_Reset
 .text.USART_InitAsync
                0x000030d4       0xa8 ./gecko_sdk_4.4.5/platform/emlib/src/em_usart.o
                0x000030d4                USART_InitAsync
 .text.USART_InitSync
                0x0000317c       0xa8 ./gecko_sdk_4.4.5/platform/emlib/src/em_usart.o
                0x0000317c                USART_InitSync
 .text.sl_device_init_dcdc
                0x00003224       0x2c ./gecko_sdk_4.4.5/platform/service/device_init/src/sl_device_init_dcdc_s1.o
                0x00003224                sl_device_init_dcdc
 .text.sl_device_init_hfxo
                0x00003250       0x74 ./gecko_sdk_4.4.5/platform/service/device_init/src/sl_device_init_hfxo_s1.o
                0x00003250                sl_device_init_hfxo
 .text.sl_device_init_lfxo
                0x000032c4       0x28 ./gecko_sdk_4.4.5/platform/service/device_init/src/sl_device_init_lfxo_s1.o
                0x000032c4                sl_device_init_lfxo
 .text.sl_device_init_nvic
                0x000032ec       0x3c ./gecko_sdk_4.4.5/platform/service/device_init/src/sl_device_init_nvic.o
                0x000032ec                sl_device_init_nvic
 .text.sl_iostream_set_default
                0x00003328       0x18 ./gecko_sdk_4.4.5/platform/service/iostream/src/sl_iostream.o
                0x00003328                sl_iostream_set_default
 .text.sl_iostream_get_default
                0x00003340       0x18 ./gecko_sdk_4.4.5/platform/service/iostream/src/sl_iostream.o
                0x00003340                sl_iostream_get_default
 .text._write   0x00003358       0x20 ./gecko_sdk_4.4.5/platform/service/iostream/src/sl_iostream_retarget_stdio.o
                0x00003358                _write
 .text.sl_iostream_stdlib_disable_buffering
                0x00003378       0x14 ./gecko_sdk_4.4.5/platform/service/iostream/src/sl_iostream_stdlib_config.o
                0x00003378                sl_iostream_stdlib_disable_buffering
 .text.get_write_ptr
                0x0000338c       0x40 ./gecko_sdk_4.4.5/platform/service/iostream/src/sl_iostream_uart.o
 .text.dma_irq_handler
                0x000033cc       0x74 ./gecko_sdk_4.4.5/platform/service/iostream/src/sl_iostream_uart.o
 .text.uart_read
                0x00003440      0x1f4 ./gecko_sdk_4.4.5/platform/service/iostream/src/sl_iostream_uart.o
 .text.uart_deinit
                0x00003634       0x98 ./gecko_sdk_4.4.5/platform/service/iostream/src/sl_iostream_uart.o
 .text.uart_write
                0x000036cc       0xbc ./gecko_sdk_4.4.5/platform/service/iostream/src/sl_iostream_uart.o
 .text.sli_iostream_uart_context_init
                0x00003788       0xf8 ./gecko_sdk_4.4.5/platform/service/iostream/src/sl_iostream_uart.o
                0x00003788                sli_iostream_uart_context_init
 .text.sl_iostream_usart_init
                0x00003880      0x168 ./gecko_sdk_4.4.5/platform/service/iostream/src/sl_iostream_usart.o
                0x00003880                sl_iostream_usart_init
 .text.delta_list_insert_timer
                0x000039e8       0x40 ./gecko_sdk_4.4.5/platform/service/sleeptimer/src/sl_sleeptimer.o
 .text.update_delta_list
                0x00003a28       0x34 ./gecko_sdk_4.4.5/platform/service/sleeptimer/src/sl_sleeptimer.o
 .text.set_comparator_for_next_timer
                0x00003a5c       0x5c ./gecko_sdk_4.4.5/platform/service/sleeptimer/src/sl_sleeptimer.o
 .text.create_timer
                0x00003ab8       0x88 ./gecko_sdk_4.4.5/platform/service/sleeptimer/src/sl_sleeptimer.o
 .text.delta_list_remove_timer
                0x00003b40       0x38 ./gecko_sdk_4.4.5/platform/service/sleeptimer/src/sl_sleeptimer.o
 .text.sl_sleeptimer_init
                0x00003b78       0x74 ./gecko_sdk_4.4.5/platform/service/sleeptimer/src/sl_sleeptimer.o
                0x00003b78                sl_sleeptimer_init
 .text.sl_sleeptimer_is_timer_running
                0x00003bec       0x3c ./gecko_sdk_4.4.5/platform/service/sleeptimer/src/sl_sleeptimer.o
                0x00003bec                sl_sleeptimer_is_timer_running
 .text.sl_sleeptimer_ms_to_tick
                0x00003c28       0x24 ./gecko_sdk_4.4.5/platform/service/sleeptimer/src/sl_sleeptimer.o
                0x00003c28                sl_sleeptimer_ms_to_tick
 .text.sl_sleeptimer_delay_millisecond
                0x00003c4c       0x38 ./gecko_sdk_4.4.5/platform/service/sleeptimer/src/sl_sleeptimer.o
                0x00003c4c                sl_sleeptimer_delay_millisecond
 .text.process_timer_irq
                0x00003c84      0x154 ./gecko_sdk_4.4.5/platform/service/sleeptimer/src/sl_sleeptimer.o
                0x00003c84                process_timer_irq
 .text.sleeptimer_hal_init_timer
                0x00003dd8       0x8c ./gecko_sdk_4.4.5/platform/service/sleeptimer/src/sl_sleeptimer_hal_rtcc.o
                0x00003dd8                sleeptimer_hal_init_timer
 .text.sleeptimer_hal_get_counter
                0x00003e64        0xc ./gecko_sdk_4.4.5/platform/service/sleeptimer/src/sl_sleeptimer_hal_rtcc.o
                0x00003e64                sleeptimer_hal_get_counter
 .text.sleeptimer_hal_set_compare
                0x00003e70       0x5c ./gecko_sdk_4.4.5/platform/service/sleeptimer/src/sl_sleeptimer_hal_rtcc.o
                0x00003e70                sleeptimer_hal_set_compare
 .text.sleeptimer_hal_enable_int
                0x00003ecc       0x1c ./gecko_sdk_4.4.5/platform/service/sleeptimer/src/sl_sleeptimer_hal_rtcc.o
                0x00003ecc                sleeptimer_hal_enable_int
 .text.sleeptimer_hal_disable_int
                0x00003ee8       0x30 ./gecko_sdk_4.4.5/platform/service/sleeptimer/src/sl_sleeptimer_hal_rtcc.o
                0x00003ee8                sleeptimer_hal_disable_int
 .text.sleeptimer_hal_set_int
                0x00003f18       0x10 ./gecko_sdk_4.4.5/platform/service/sleeptimer/src/sl_sleeptimer_hal_rtcc.o
                0x00003f18                sleeptimer_hal_set_int
 .text.RTCC_IRQHandler
                0x00003f28       0x30 ./gecko_sdk_4.4.5/platform/service/sleeptimer/src/sl_sleeptimer_hal_rtcc.o
                0x00003f28                RTCC_IRQHandler
 .text.sleeptimer_hal_get_timer_frequency
                0x00003f58       0x18 ./gecko_sdk_4.4.5/platform/service/sleeptimer/src/sl_sleeptimer_hal_rtcc.o
                0x00003f58                sleeptimer_hal_get_timer_frequency
 .text.sl_udelay_wait
                0x00003f70       0x54 ./gecko_sdk_4.4.5/platform/service/udelay/src/sl_udelay.o
                0x00003f70                sl_udelay_wait
 .text          0x00003fc4      0x254 e:/thiot/setup/developer/toolchains/gnu_arm/12.2.rel1_2023.7/bin/../lib/gcc/arm-none-eabi/12.2.1/thumb/v7e-m+fp/softfp\libgcc.a(_arm_muldf3.o)
                0x00003fc4                __muldf3
                0x00003fc4                __aeabi_dmul
 .text          0x00004218      0x378 e:/thiot/setup/developer/toolchains/gnu_arm/12.2.rel1_2023.7/bin/../lib/gcc/arm-none-eabi/12.2.1/thumb/v7e-m+fp/softfp\libgcc.a(_arm_addsubdf3.o)
                0x00004218                __aeabi_drsub
                0x00004220                __aeabi_dsub
                0x00004220                __subdf3
                0x00004224                __aeabi_dadd
                0x00004224                __adddf3
                0x0000449c                __floatunsidf
                0x0000449c                __aeabi_ui2d
                0x000044bc                __floatsidf
                0x000044bc                __aeabi_i2d
                0x000044e0                __aeabi_f2d
                0x000044e0                __extendsfdf2
                0x00004524                __floatundidf
                0x00004524                __aeabi_ul2d
                0x00004534                __floatdidf
                0x00004534                __aeabi_l2d
 .text          0x00004590       0x40 e:/thiot/setup/developer/toolchains/gnu_arm/12.2.rel1_2023.7/bin/../lib/gcc/arm-none-eabi/12.2.1/thumb/v7e-m+fp/softfp\libgcc.a(_arm_fixunsdfsi.o)
                0x00004590                __aeabi_d2uiz
                0x00004590                __fixunsdfsi
 .text          0x000045d0       0x30 e:/thiot/setup/developer/toolchains/gnu_arm/12.2.rel1_2023.7/bin/../lib/gcc/arm-none-eabi/12.2.1/thumb/v7e-m+fp/softfp\libgcc.a(_aeabi_uldivmod.o)
                0x000045d0                __aeabi_uldivmod
 .text.__udivmoddi4
                0x00004600      0x2bc e:/thiot/setup/developer/toolchains/gnu_arm/12.2.rel1_2023.7/bin/../lib/gcc/arm-none-eabi/12.2.1/thumb/v7e-m+fp/softfp\libgcc.a(_udivmoddi4.o)
                0x00004600                __udivmoddi4
 .text          0x000048bc        0x4 e:/thiot/setup/developer/toolchains/gnu_arm/12.2.rel1_2023.7/bin/../lib/gcc/arm-none-eabi/12.2.1/thumb/v7e-m+fp/softfp\libgcc.a(_dvmd_tls.o)
                0x000048bc                __aeabi_idiv0
                0x000048bc                __aeabi_ldiv0
 .text.exit     0x000048c0       0x24 e:/thiot/setup/developer/toolchains/gnu_arm/12.2.rel1_2023.7/bin/../lib/gcc/arm-none-eabi/12.2.1/thumb/v7e-m+fp/softfp\libc_nano.a(libc_a-exit.o)
                0x000048c0                exit
 .text.std      0x000048e4       0x6c e:/thiot/setup/developer/toolchains/gnu_arm/12.2.rel1_2023.7/bin/../lib/gcc/arm-none-eabi/12.2.1/thumb/v7e-m+fp/softfp\libc_nano.a(libc_a-findfp.o)
 .text.stdio_exit_handler
                0x00004950       0x18 e:/thiot/setup/developer/toolchains/gnu_arm/12.2.rel1_2023.7/bin/../lib/gcc/arm-none-eabi/12.2.1/thumb/v7e-m+fp/softfp\libc_nano.a(libc_a-findfp.o)
 .text.cleanup_stdio
                0x00004968       0x40 e:/thiot/setup/developer/toolchains/gnu_arm/12.2.rel1_2023.7/bin/../lib/gcc/arm-none-eabi/12.2.1/thumb/v7e-m+fp/softfp\libc_nano.a(libc_a-findfp.o)
 .text.global_stdio_init.part.0
                0x000049a8       0x3c e:/thiot/setup/developer/toolchains/gnu_arm/12.2.rel1_2023.7/bin/../lib/gcc/arm-none-eabi/12.2.1/thumb/v7e-m+fp/softfp\libc_nano.a(libc_a-findfp.o)
 .text.__sfp_lock_acquire
                0x000049e4        0xc e:/thiot/setup/developer/toolchains/gnu_arm/12.2.rel1_2023.7/bin/../lib/gcc/arm-none-eabi/12.2.1/thumb/v7e-m+fp/softfp\libc_nano.a(libc_a-findfp.o)
                0x000049e4                __sfp_lock_acquire
 .text.__sfp_lock_release
                0x000049f0        0xc e:/thiot/setup/developer/toolchains/gnu_arm/12.2.rel1_2023.7/bin/../lib/gcc/arm-none-eabi/12.2.1/thumb/v7e-m+fp/softfp\libc_nano.a(libc_a-findfp.o)
                0x000049f0                __sfp_lock_release
 .text.__sinit  0x000049fc       0x30 e:/thiot/setup/developer/toolchains/gnu_arm/12.2.rel1_2023.7/bin/../lib/gcc/arm-none-eabi/12.2.1/thumb/v7e-m+fp/softfp\libc_nano.a(libc_a-findfp.o)
                0x000049fc                __sinit
 .text.setvbuf  0x00004a2c      0x168 e:/thiot/setup/developer/toolchains/gnu_arm/12.2.rel1_2023.7/bin/../lib/gcc/arm-none-eabi/12.2.1/thumb/v7e-m+fp/softfp\libc_nano.a(libc_a-setvbuf.o)
                0x00004a2c                setvbuf
 .text.vprintf  0x00004b94       0x14 e:/thiot/setup/developer/toolchains/gnu_arm/12.2.rel1_2023.7/bin/../lib/gcc/arm-none-eabi/12.2.1/thumb/v7e-m+fp/softfp\libc_nano.a(libc_a-vprintf.o)
                0x00004b94                viprintf
                0x00004b94                vprintf
 .text._close_r
                0x00004ba8       0x20 e:/thiot/setup/developer/toolchains/gnu_arm/12.2.rel1_2023.7/bin/../lib/gcc/arm-none-eabi/12.2.1/thumb/v7e-m+fp/softfp\libc_nano.a(libc_a-closer.o)
                0x00004ba8                _close_r
 .text._lseek_r
                0x00004bc8       0x24 e:/thiot/setup/developer/toolchains/gnu_arm/12.2.rel1_2023.7/bin/../lib/gcc/arm-none-eabi/12.2.1/thumb/v7e-m+fp/softfp\libc_nano.a(libc_a-lseekr.o)
                0x00004bc8                _lseek_r
 .text._read_r  0x00004bec       0x24 e:/thiot/setup/developer/toolchains/gnu_arm/12.2.rel1_2023.7/bin/../lib/gcc/arm-none-eabi/12.2.1/thumb/v7e-m+fp/softfp\libc_nano.a(libc_a-readr.o)
                0x00004bec                _read_r
 .text._write_r
                0x00004c10       0x24 e:/thiot/setup/developer/toolchains/gnu_arm/12.2.rel1_2023.7/bin/../lib/gcc/arm-none-eabi/12.2.1/thumb/v7e-m+fp/softfp\libc_nano.a(libc_a-writer.o)
                0x00004c10                _write_r
 .text.__libc_init_array
                0x00004c34       0x48 e:/thiot/setup/developer/toolchains/gnu_arm/12.2.rel1_2023.7/bin/../lib/gcc/arm-none-eabi/12.2.1/thumb/v7e-m+fp/softfp\libc_nano.a(libc_a-init.o)
                0x00004c34                __libc_init_array
 .text._free_r  0x00004c7c       0x94 e:/thiot/setup/developer/toolchains/gnu_arm/12.2.rel1_2023.7/bin/../lib/gcc/arm-none-eabi/12.2.1/thumb/v7e-m+fp/softfp\libc_nano.a(libc_a-freer.o)
                0x00004c7c                _free_r
 .text.malloc   0x00004d10       0x10 e:/thiot/setup/developer/toolchains/gnu_arm/12.2.rel1_2023.7/bin/../lib/gcc/arm-none-eabi/12.2.1/thumb/v7e-m+fp/softfp\libc_nano.a(libc_a-malloc.o)
                0x00004d10                malloc
 .text.sbrk_aligned
                0x00004d20       0x44 e:/thiot/setup/developer/toolchains/gnu_arm/12.2.rel1_2023.7/bin/../lib/gcc/arm-none-eabi/12.2.1/thumb/v7e-m+fp/softfp\libc_nano.a(libc_a-mallocr.o)
 .text._malloc_r
                0x00004d64       0xf0 e:/thiot/setup/developer/toolchains/gnu_arm/12.2.rel1_2023.7/bin/../lib/gcc/arm-none-eabi/12.2.1/thumb/v7e-m+fp/softfp\libc_nano.a(libc_a-mallocr.o)
                0x00004d64                _malloc_r
 .text.__malloc_lock
                0x00004e54        0xc e:/thiot/setup/developer/toolchains/gnu_arm/12.2.rel1_2023.7/bin/../lib/gcc/arm-none-eabi/12.2.1/thumb/v7e-m+fp/softfp\libc_nano.a(libc_a-mlock.o)
                0x00004e54                __malloc_lock
 .text.__malloc_unlock
                0x00004e60        0xc e:/thiot/setup/developer/toolchains/gnu_arm/12.2.rel1_2023.7/bin/../lib/gcc/arm-none-eabi/12.2.1/thumb/v7e-m+fp/softfp\libc_nano.a(libc_a-mlock.o)
                0x00004e60                __malloc_unlock
 .text._vfprintf_r
                0x00004e6c      0x230 e:/thiot/setup/developer/toolchains/gnu_arm/12.2.rel1_2023.7/bin/../lib/gcc/arm-none-eabi/12.2.1/thumb/v7e-m+fp/softfp\libc_nano.a(libc_a-nano-vfprintf.o)
                0x00004e6c                _vfprintf_r
                0x00004e6c                _vfiprintf_r
 .text._printf_i
                0x0000509c      0x258 e:/thiot/setup/developer/toolchains/gnu_arm/12.2.rel1_2023.7/bin/../lib/gcc/arm-none-eabi/12.2.1/thumb/v7e-m+fp/softfp\libc_nano.a(libc_a-nano-vfprintf_i.o)
                0x0000509c                _printf_i
 .text.__swsetup_r
                0x000052f4       0xac e:/thiot/setup/developer/toolchains/gnu_arm/12.2.rel1_2023.7/bin/../lib/gcc/arm-none-eabi/12.2.1/thumb/v7e-m+fp/softfp\libc_nano.a(libc_a-wsetup.o)
                0x000052f4                __swsetup_r
 .text._fstat_r
                0x000053a0       0x24 e:/thiot/setup/developer/toolchains/gnu_arm/12.2.rel1_2023.7/bin/../lib/gcc/arm-none-eabi/12.2.1/thumb/v7e-m+fp/softfp\libc_nano.a(libc_a-fstatr.o)
                0x000053a0                _fstat_r
 .text._isatty_r
                0x000053c4       0x20 e:/thiot/setup/developer/toolchains/gnu_arm/12.2.rel1_2023.7/bin/../lib/gcc/arm-none-eabi/12.2.1/thumb/v7e-m+fp/softfp\libc_nano.a(libc_a-isattyr.o)
                0x000053c4                _isatty_r
 .text._sbrk_r  0x000053e4       0x20 e:/thiot/setup/developer/toolchains/gnu_arm/12.2.rel1_2023.7/bin/../lib/gcc/arm-none-eabi/12.2.1/thumb/v7e-m+fp/softfp\libc_nano.a(libc_a-sbrkr.o)
                0x000053e4                _sbrk_r
 .text.app_init
                0x00005404        0x2 ./app.o
                0x00005404                app_init
 .text.app_process_action
                0x00005406        0x2 ./app.o
                0x00005406                app_process_action
 .text.crc8     0x00005408       0x30 ./main.o
                0x00005408                crc8
 .text.crc16    0x00005438       0x34 ./main.o
                0x00005438                crc16
 .text.sl_board_default_init
                0x0000546c        0x4 ./autogen/sl_board_default_init.o
                0x0000546c                sl_board_default_init
 .text.sl_driver_init
                0x00005470       0x12 ./autogen/sl_event_handler.o
                0x00005470                sl_driver_init
 .text.sl_service_init
                0x00005482       0x16 ./autogen/sl_event_handler.o
                0x00005482                sl_service_init
 .text.sl_stack_init
                0x00005498        0x2 ./autogen/sl_event_handler.o
                0x00005498                sl_stack_init
 .text.sl_internal_app_init
                0x0000549a        0x4 ./autogen/sl_event_handler.o
                0x0000549a                sl_internal_app_init
 .text.sl_platform_process_action
                0x0000549e        0x2 ./autogen/sl_event_handler.o
                0x0000549e                sl_platform_process_action
 .text.sl_service_process_action
                0x000054a0        0x2 ./autogen/sl_event_handler.o
                0x000054a0                sl_service_process_action
 .text.sl_stack_process_action
                0x000054a2        0x2 ./autogen/sl_event_handler.o
                0x000054a2                sl_stack_process_action
 .text.sl_internal_app_process_action
                0x000054a4        0x2 ./autogen/sl_event_handler.o
                0x000054a4                sl_internal_app_process_action
 .text.USART0_TX_IRQHandler
                0x000054a6        0x4 ./autogen/sl_iostream_init_usart_instances.o
                0x000054a6                USART0_TX_IRQHandler
 .text._app_log_time
                0x000054aa        0x2 ./gecko_sdk_4.4.5/app/common/util/app_log/app_log.o
                0x000054aa                _app_log_time
 .text._app_log_counter
                0x000054ac        0x2 ./gecko_sdk_4.4.5/app/common/util/app_log/app_log.o
                0x000054ac                _app_log_counter
 .text.sl_board_enable_vcom
                0x000054ae       0x12 ./gecko_sdk_4.4.5/hardware/board/src/sl_board_control_gpio.o
                0x000054ae                sl_board_enable_vcom
 .text.sl_board_configure_vcom
                0x000054c0        0x4 ./gecko_sdk_4.4.5/hardware/board/src/sl_board_control_gpio.o
                0x000054c0                sl_board_configure_vcom
 .text.sl_board_disable_vcom
                0x000054c4       0x12 ./gecko_sdk_4.4.5/hardware/board/src/sl_board_control_gpio.o
                0x000054c4                sl_board_disable_vcom
 .text.sli_cos_swo_itm_8_write.constprop.0.isra.0
                0x000054d6       0x78 ./gecko_sdk_4.4.5/hardware/driver/configuration_over_swo/src/sl_cos.o
 .text.sl_cos_send_config
                0x0000554e       0x12 ./gecko_sdk_4.4.5/hardware/driver/configuration_over_swo/src/sl_cos.o
                0x0000554e                sl_cos_send_config
 .text.sl_cos_config_vcom
                0x00005560       0x1e ./gecko_sdk_4.4.5/hardware/driver/configuration_over_swo/src/sl_cos.o
                0x00005560                sl_cos_config_vcom
 .text.Default_Handler
                0x0000557e        0x2 ./gecko_sdk_4.4.5/platform/Device/SiliconLabs/EFR32BG13P/Source/startup_efr32bg13p.o
                0x0000557e                DebugMon_Handler
                0x0000557e                PRORTC_IRQHandler
                0x0000557e                I2C0_IRQHandler
                0x0000557e                HardFault_Handler
                0x0000557e                SysTick_Handler
                0x0000557e                USART1_RX_IRQHandler
                0x0000557e                PendSV_Handler
                0x0000557e                NMI_Handler
                0x0000557e                SYNTH_IRQHandler
                0x0000557e                I2C1_IRQHandler
                0x0000557e                WTIMER0_IRQHandler
                0x0000557e                CRYPTO0_IRQHandler
                0x0000557e                WDOG0_IRQHandler
                0x0000557e                USART1_TX_IRQHandler
                0x0000557e                SMU_IRQHandler
                0x0000557e                MSC_IRQHandler
                0x0000557e                ADC0_IRQHandler
                0x0000557e                UsageFault_Handler
                0x0000557e                WDOG1_IRQHandler
                0x0000557e                LEUART0_IRQHandler
                0x0000557e                FPUEH_IRQHandler
                0x0000557e                GPIO_EVEN_IRQHandler
                0x0000557e                VDAC0_IRQHandler
                0x0000557e                CSEN_IRQHandler
                0x0000557e                CRYPTO1_IRQHandler
                0x0000557e                TIMER0_IRQHandler
                0x0000557e                LETIMER0_IRQHandler
                0x0000557e                TIMER1_IRQHandler
                0x0000557e                TRNG0_IRQHandler
                0x0000557e                RFSENSE_IRQHandler
                0x0000557e                BUFC_IRQHandler
                0x0000557e                MODEM_IRQHandler
                0x0000557e                USART2_RX_IRQHandler
                0x0000557e                Default_Handler
                0x0000557e                RAC_SEQ_IRQHandler
                0x0000557e                FRC_PRI_IRQHandler
                0x0000557e                EMU_IRQHandler
                0x0000557e                FRC_IRQHandler
                0x0000557e                CRYOTIMER_IRQHandler
                0x0000557e                PCNT0_IRQHandler
                0x0000557e                AGC_IRQHandler
                0x0000557e                sl_app_properties
                0x0000557e                ACMP0_IRQHandler
                0x0000557e                MemManage_Handler
                0x0000557e                SVC_Handler
                0x0000557e                CMU_IRQHandler
                0x0000557e                RAC_RSM_IRQHandler
                0x0000557e                GPIO_ODD_IRQHandler
                0x0000557e                LESENSE_IRQHandler
                0x0000557e                PROTIMER_IRQHandler
                0x0000557e                BusFault_Handler
                0x0000557e                USART2_TX_IRQHandler
                0x0000557e                IDAC0_IRQHandler
 .text.SystemLFRCOClockGet
                0x00005580        0x6 ./gecko_sdk_4.4.5/platform/Device/SiliconLabs/EFR32BG13P/Source/system_efr32bg13p.o
                0x00005580                SystemLFRCOClockGet
 .text.SystemULFRCOClockGet
                0x00005586        0x6 ./gecko_sdk_4.4.5/platform/Device/SiliconLabs/EFR32BG13P/Source/system_efr32bg13p.o
                0x00005586                SystemULFRCOClockGet
 .text.assertEFM
                0x0000558c        0x2 ./gecko_sdk_4.4.5/platform/common/src/sl_assert.o
                0x0000558c                assertEFM
 .text.sl_debug_swo_enable_itm
                0x0000558e       0x16 ./gecko_sdk_4.4.5/platform/driver/debug/src/sl_debug_swo.o
                0x0000558e                sl_debug_swo_enable_itm
 .text.sl_debug_swo_disable_itm
                0x000055a4       0x18 ./gecko_sdk_4.4.5/platform/driver/debug/src/sl_debug_swo.o
                0x000055a4                sl_debug_swo_disable_itm
 .text.DMADRV_PeripheralMemory
                0x000055bc       0x34 ./gecko_sdk_4.4.5/platform/emdrv/dmadrv/src/dmadrv.o
                0x000055bc                DMADRV_PeripheralMemory
 .text.CMU_ClockDivGet
                0x000055f0        0xa ./gecko_sdk_4.4.5/platform/emlib/src/em_cmu.o
                0x000055f0                CMU_ClockDivGet
 .text.CORE_EnterCritical
                0x000055fa        0x8 ./gecko_sdk_4.4.5/platform/emlib/src/em_core.o
                0x000055fa                CORE_EnterCritical
 .text.CORE_ExitCritical
                0x00005602        0x6 ./gecko_sdk_4.4.5/platform/emlib/src/em_core.o
                0x00005602                CORE_ExitCritical
 .text.CORE_EnterAtomic
                0x00005608        0xc ./gecko_sdk_4.4.5/platform/emlib/src/em_core.o
                0x00005608                CORE_EnterAtomic
 .text.CORE_ExitAtomic
                0x00005614        0x6 ./gecko_sdk_4.4.5/platform/emlib/src/em_core.o
                0x00005614                CORE_ExitAtomic
 .text.BUS_RegMaskedWrite
                0x0000561a       0x1e ./gecko_sdk_4.4.5/platform/emlib/src/em_gpio.o
 .text.USART_SpiTransfer
                0x00005638       0x14 ./gecko_sdk_4.4.5/platform/emlib/src/em_usart.o
                0x00005638                USART_SpiTransfer
 .text.USART_Tx
                0x0000564c        0xa ./gecko_sdk_4.4.5/platform/emlib/src/em_usart.o
                0x0000564c                USART_Tx
 .text.sl_device_init_emu
                0x00005656       0x1c ./gecko_sdk_4.4.5/platform/service/device_init/src/sl_device_init_emu_s1.o
                0x00005656                sl_device_init_emu
 .text.sl_iostream_write
                0x00005672       0x22 ./gecko_sdk_4.4.5/platform/service/iostream/src/sl_iostream.o
                0x00005672                sl_iostream_write
 .text.sl_iostream_read
                0x00005694       0x30 ./gecko_sdk_4.4.5/platform/service/iostream/src/sl_iostream.o
                0x00005694                sl_iostream_read
 .text.sl_iostream_vprintf
                0x000056c4       0x44 ./gecko_sdk_4.4.5/platform/service/iostream/src/sl_iostream.o
                0x000056c4                sl_iostream_vprintf
 .text.sl_iostream_printf
                0x00005708       0x1a ./gecko_sdk_4.4.5/platform/service/iostream/src/sl_iostream.o
                0x00005708                sl_iostream_printf
 .text._close   0x00005722        0x4 ./gecko_sdk_4.4.5/platform/service/iostream/src/sl_iostream_retarget_stdio.o
                0x00005722                _close
 .text._exit    0x00005726        0x2 ./gecko_sdk_4.4.5/platform/service/iostream/src/sl_iostream_retarget_stdio.o
                0x00005726                _exit
 .text._fstat   0x00005728        0xa ./gecko_sdk_4.4.5/platform/service/iostream/src/sl_iostream_retarget_stdio.o
                0x00005728                _fstat
 .text._isatty  0x00005732        0x4 ./gecko_sdk_4.4.5/platform/service/iostream/src/sl_iostream_retarget_stdio.o
                0x00005732                _isatty
 .text._lseek   0x00005736        0x4 ./gecko_sdk_4.4.5/platform/service/iostream/src/sl_iostream_retarget_stdio.o
                0x00005736                _lseek
 .text._read    0x0000573a       0x1c ./gecko_sdk_4.4.5/platform/service/iostream/src/sl_iostream_retarget_stdio.o
                0x0000573a                _read
 .text.set_auto_cr_lf
                0x00005756        0x6 ./gecko_sdk_4.4.5/platform/service/iostream/src/sl_iostream_uart.o
 .text.get_auto_cr_lf
                0x0000575c        0x6 ./gecko_sdk_4.4.5/platform/service/iostream/src/sl_iostream_uart.o
 .text.usart_set_next_byte_detect
                0x00005762        0xc ./gecko_sdk_4.4.5/platform/service/iostream/src/sl_iostream_usart.o
 .text.usart_deinit
                0x0000576e       0x78 ./gecko_sdk_4.4.5/platform/service/iostream/src/sl_iostream_usart.o
 .text.usart_tx
                0x000057e6        0xc ./gecko_sdk_4.4.5/platform/service/iostream/src/sl_iostream_usart.o
 .text.sl_iostream_usart_irq_handler
                0x000057f2       0x72 ./gecko_sdk_4.4.5/platform/service/iostream/src/sl_iostream_usart.o
                0x000057f2                sl_iostream_usart_irq_handler
 .text.delay_callback
                0x00005864        0x6 ./gecko_sdk_4.4.5/platform/service/sleeptimer/src/sl_sleeptimer.o
 .text.sl_sleeptimer_start_timer
                0x0000586a       0x48 ./gecko_sdk_4.4.5/platform/service/sleeptimer/src/sl_sleeptimer.o
                0x0000586a                sl_sleeptimer_start_timer
 .text.CMU_PrescToLog2.constprop.0
                0x000058b2        0x4 ./gecko_sdk_4.4.5/platform/service/sleeptimer/src/sl_sleeptimer_hal_rtcc.o
 .text.sl_system_init
                0x000058b6       0x1a ./gecko_sdk_4.4.5/platform/service/system/src/sl_system_init.o
                0x000058b6                sl_system_init
 .text.sl_system_process_action
                0x000058d0       0x16 ./gecko_sdk_4.4.5/platform/service/system/src/sl_system_process_action.o
                0x000058d0                sl_system_process_action
 .text._fwalk_sglue
                0x000058e6       0x3c e:/thiot/setup/developer/toolchains/gnu_arm/12.2.rel1_2023.7/bin/../lib/gcc/arm-none-eabi/12.2.1/thumb/v7e-m+fp/softfp\libc_nano.a(libc_a-fwalk.o)
                0x000058e6                _fwalk_sglue
 .text.__sread  0x00005922       0x22 e:/thiot/setup/developer/toolchains/gnu_arm/12.2.rel1_2023.7/bin/../lib/gcc/arm-none-eabi/12.2.1/thumb/v7e-m+fp/softfp\libc_nano.a(libc_a-stdio.o)
                0x00005922                __sread
 .text.__swrite
                0x00005944       0x38 e:/thiot/setup/developer/toolchains/gnu_arm/12.2.rel1_2023.7/bin/../lib/gcc/arm-none-eabi/12.2.1/thumb/v7e-m+fp/softfp\libc_nano.a(libc_a-stdio.o)
                0x00005944                __swrite
 .text.__sseek  0x0000597c       0x24 e:/thiot/setup/developer/toolchains/gnu_arm/12.2.rel1_2023.7/bin/../lib/gcc/arm-none-eabi/12.2.1/thumb/v7e-m+fp/softfp\libc_nano.a(libc_a-stdio.o)
                0x0000597c                __sseek
 .text.__sclose
                0x000059a0        0x8 e:/thiot/setup/developer/toolchains/gnu_arm/12.2.rel1_2023.7/bin/../lib/gcc/arm-none-eabi/12.2.1/thumb/v7e-m+fp/softfp\libc_nano.a(libc_a-stdio.o)
                0x000059a0                __sclose
 .text.memset   0x000059a8       0x10 e:/thiot/setup/developer/toolchains/gnu_arm/12.2.rel1_2023.7/bin/../lib/gcc/arm-none-eabi/12.2.1/thumb/v7e-m+fp/softfp\libc_nano.a(libc_a-memset.o)
                0x000059a8                memset
 .text.__retarget_lock_init_recursive
                0x000059b8        0x2 e:/thiot/setup/developer/toolchains/gnu_arm/12.2.rel1_2023.7/bin/../lib/gcc/arm-none-eabi/12.2.1/thumb/v7e-m+fp/softfp\libc_nano.a(libc_a-lock.o)
                0x000059b8                __retarget_lock_init_recursive
 .text.__retarget_lock_acquire_recursive
                0x000059ba        0x2 e:/thiot/setup/developer/toolchains/gnu_arm/12.2.rel1_2023.7/bin/../lib/gcc/arm-none-eabi/12.2.1/thumb/v7e-m+fp/softfp\libc_nano.a(libc_a-lock.o)
                0x000059ba                __retarget_lock_acquire_recursive
 .text.__retarget_lock_release_recursive
                0x000059bc        0x2 e:/thiot/setup/developer/toolchains/gnu_arm/12.2.rel1_2023.7/bin/../lib/gcc/arm-none-eabi/12.2.1/thumb/v7e-m+fp/softfp\libc_nano.a(libc_a-lock.o)
                0x000059bc                __retarget_lock_release_recursive
 .text.memcpy   0x000059be       0x1c e:/thiot/setup/developer/toolchains/gnu_arm/12.2.rel1_2023.7/bin/../lib/gcc/arm-none-eabi/12.2.1/thumb/v7e-m+fp/softfp\libc_nano.a(libc_a-memcpy-stub.o)
                0x000059be                memcpy
 .text.__sfputc_r
                0x000059da       0x2e e:/thiot/setup/developer/toolchains/gnu_arm/12.2.rel1_2023.7/bin/../lib/gcc/arm-none-eabi/12.2.1/thumb/v7e-m+fp/softfp\libc_nano.a(libc_a-nano-vfprintf.o)
 .text.__sfputs_r
                0x00005a08       0x24 e:/thiot/setup/developer/toolchains/gnu_arm/12.2.rel1_2023.7/bin/../lib/gcc/arm-none-eabi/12.2.1/thumb/v7e-m+fp/softfp\libc_nano.a(libc_a-nano-vfprintf.o)
                0x00005a08                __sfputs_r
 .text._printf_common
                0x00005a2c       0xda e:/thiot/setup/developer/toolchains/gnu_arm/12.2.rel1_2023.7/bin/../lib/gcc/arm-none-eabi/12.2.1/thumb/v7e-m+fp/softfp\libc_nano.a(libc_a-nano-vfprintf_i.o)
                0x00005a2c                _printf_common
 .text.__sflush_r
                0x00005b06      0x108 e:/thiot/setup/developer/toolchains/gnu_arm/12.2.rel1_2023.7/bin/../lib/gcc/arm-none-eabi/12.2.1/thumb/v7e-m+fp/softfp\libc_nano.a(libc_a-fflush.o)
                0x00005b06                __sflush_r
 .text._fflush_r
                0x00005c0e       0x50 e:/thiot/setup/developer/toolchains/gnu_arm/12.2.rel1_2023.7/bin/../lib/gcc/arm-none-eabi/12.2.1/thumb/v7e-m+fp/softfp\libc_nano.a(libc_a-fflush.o)
                0x00005c0e                _fflush_r
 .text.__swhatbuf_r
                0x00005c5e       0x4c e:/thiot/setup/developer/toolchains/gnu_arm/12.2.rel1_2023.7/bin/../lib/gcc/arm-none-eabi/12.2.1/thumb/v7e-m+fp/softfp\libc_nano.a(libc_a-makebuf.o)
                0x00005c5e                __swhatbuf_r
 .text.__smakebuf_r
                0x00005caa       0x78 e:/thiot/setup/developer/toolchains/gnu_arm/12.2.rel1_2023.7/bin/../lib/gcc/arm-none-eabi/12.2.1/thumb/v7e-m+fp/softfp\libc_nano.a(libc_a-makebuf.o)
                0x00005caa                __smakebuf_r
 .text.__swbuf_r
                0x00005d22       0x7c e:/thiot/setup/developer/toolchains/gnu_arm/12.2.rel1_2023.7/bin/../lib/gcc/arm-none-eabi/12.2.1/thumb/v7e-m+fp/softfp\libc_nano.a(libc_a-wbuf.o)
                0x00005d22                __swbuf_r
                0x00005da0                . = ALIGN (0x20)
 *fill*         0x00005d9e        0x2 
                0x00005da0                linker_code_end = .
 *(.init)
 .init          0x00005da0        0x4 e:/thiot/setup/developer/toolchains/gnu_arm/12.2.rel1_2023.7/bin/../lib/gcc/arm-none-eabi/12.2.1/thumb/v7e-m+fp/softfp/crti.o
                0x00005da0                _init
 .init          0x00005da4        0x8 e:/thiot/setup/developer/toolchains/gnu_arm/12.2.rel1_2023.7/bin/../lib/gcc/arm-none-eabi/12.2.1/thumb/v7e-m+fp/softfp/crtn.o
 *(.fini)
 .fini          0x00005dac        0x4 e:/thiot/setup/developer/toolchains/gnu_arm/12.2.rel1_2023.7/bin/../lib/gcc/arm-none-eabi/12.2.1/thumb/v7e-m+fp/softfp/crti.o
                0x00005dac                _fini
 .fini          0x00005db0        0x8 e:/thiot/setup/developer/toolchains/gnu_arm/12.2.rel1_2023.7/bin/../lib/gcc/arm-none-eabi/12.2.1/thumb/v7e-m+fp/softfp/crtn.o
 *crtbegin.o(.ctors)
 *crtbegin?.o(.ctors)
 *(EXCLUDE_FILE(*crtend.o *crtend?.o) .ctors)
 *(SORT_BY_NAME(.ctors.*))
 *(.ctors)
 *crtbegin.o(.dtors)
 *crtbegin?.o(.dtors)
 *(EXCLUDE_FILE(*crtend.o *crtend?.o) .dtors)
 *(SORT_BY_NAME(.dtors.*))
 *(.dtors)
                0x00005db8                __code_classification_validator_start__ = .
                0x00005dd8                . = (. + 0x20)
 *fill*         0x00005db8       0x20 
 *(code_classification_validator)
                0x00005de0                . = ALIGN (0x20)
 *fill*         0x00005dd8        0x8 
                0x00005de0                __code_classification_validator_end__ = .
 *(.rodata*)
 .rodata.main.str1.1
                0x00005de0      0x2da ./main.o
 .rodata.sl_iostream_usart_init_vcom.str1.1
                0x000060ba       0x2e ./autogen/sl_iostream_init_usart_instances.o
 .rodata        0x000060e8       0x1c ./autogen/sl_iostream_init_usart_instances.o
 .rodata.sl_board_enable_sensor.str1.1
                0x00006104       0x54 ./gecko_sdk_4.4.5/hardware/board/src/sl_board_control_gpio.o
 .rodata        0x00006158       0x1c ./gecko_sdk_4.4.5/hardware/driver/mx25_flash_shutdown/src/sl_mx25_flash_shutdown_usart/sl_mx25_flash_shutdown.o
 .rodata.I2CSPM_Init.str1.1
                0x00006174       0x96 ./gecko_sdk_4.4.5/platform/driver/i2cspm/src/sl_i2cspm.o
 .rodata.CSWTCH.20
                0x0000620a        0xc ./gecko_sdk_4.4.5/platform/driver/i2cspm/src/sl_i2cspm.o
 .rodata        0x00006216        0x4 ./gecko_sdk_4.4.5/platform/emdrv/dmadrv/src/dmadrv.o
 .rodata.flashWaitStateControl.str1.1
                0x0000621a       0x45 ./gecko_sdk_4.4.5/platform/emlib/src/em_cmu.o
 *fill*         0x0000625f        0x1 
 .rodata.flashWsTable
                0x00006260       0x28 ./gecko_sdk_4.4.5/platform/emlib/src/em_cmu.o
 .rodata.vmonCalibratedThreshold.str1.1
                0x00006288       0x45 ./gecko_sdk_4.4.5/platform/emlib/src/em_emu.o
 .rodata.GPIO_PinOutSet.str1.1
                0x000062cd       0x46 ./gecko_sdk_4.4.5/platform/emlib/src/em_gpio.o
 .rodata.GPIO_DbgLocationSet.str1.1
                0x000062cd       0x46 ./gecko_sdk_4.4.5/platform/emlib/src/em_gpio.o
 *fill*         0x00006313        0x1 
 .rodata.CSWTCH.48
                0x00006314        0xc ./gecko_sdk_4.4.5/platform/emlib/src/em_gpio.o
 .rodata.I2C_BusFreqGet.str1.1
                0x00006320       0x45 ./gecko_sdk_4.4.5/platform/emlib/src/em_i2c.o
 .rodata.i2cNSum
                0x00006365        0x4 ./gecko_sdk_4.4.5/platform/emlib/src/em_i2c.o
 .rodata.LDMA_EnableChannelRequest.str1.1
                0x00006369       0x8b ./gecko_sdk_4.4.5/platform/emlib/src/em_ldma.o
 .rodata.RTCC_ChannelInit.str1.1
                0x000063f4       0x46 ./gecko_sdk_4.4.5/platform/emlib/src/em_rtcc.o
 .rodata.SYSTEM_ChipRevisionGet.str1.1
                0x0000643a       0x48 ./gecko_sdk_4.4.5/platform/emlib/src/em_system.o
 .rodata.USART_BaudrateAsyncSet.str1.1
                0x00006482       0x47 ./gecko_sdk_4.4.5/platform/emlib/src/em_usart.o
 *fill*         0x000064c9        0x1 
 .rodata        0x000064ca       0x10 ./gecko_sdk_4.4.5/platform/service/device_init/src/sl_device_init_dcdc_s1.o
 .rodata        0x000064da       0x12 ./gecko_sdk_4.4.5/platform/service/device_init/src/sl_device_init_hfxo_s1.o
 .rodata        0x000064ec        0x4 ./gecko_sdk_4.4.5/platform/service/device_init/src/sl_device_init_lfxo_s1.o
 .rodata._write.str1.1
                0x000064f0       0x64 ./gecko_sdk_4.4.5/platform/service/iostream/src/sl_iostream_retarget_stdio.o
 .rodata.get_write_ptr.str1.1
                0x00006554       0x5a ./gecko_sdk_4.4.5/platform/service/iostream/src/sl_iostream_uart.o
 .rodata.process_timer_irq.str1.1
                0x000065ae       0x59 ./gecko_sdk_4.4.5/platform/service/sleeptimer/src/sl_sleeptimer.o
 .rodata        0x00006607       0x10 ./gecko_sdk_4.4.5/platform/service/sleeptimer/src/sl_sleeptimer_hal_rtcc.o
 .rodata.sl_udelay_wait.str1.1
                0x00006617       0x51 ./gecko_sdk_4.4.5/platform/service/udelay/src/sl_udelay.o
 .rodata._vfprintf_r.str1.1
                0x00006668       0x11 e:/thiot/setup/developer/toolchains/gnu_arm/12.2.rel1_2023.7/bin/../lib/gcc/arm-none-eabi/12.2.1/thumb/v7e-m+fp/softfp\libc_nano.a(libc_a-nano-vfprintf.o)
 .rodata._printf_i.str1.1
                0x00006679       0x22 e:/thiot/setup/developer/toolchains/gnu_arm/12.2.rel1_2023.7/bin/../lib/gcc/arm-none-eabi/12.2.1/thumb/v7e-m+fp/softfp\libc_nano.a(libc_a-nano-vfprintf_i.o)
 *(.eh_frame*)
 *fill*         0x0000669b        0x1 
 .eh_frame      0x0000669c        0x0 e:/thiot/setup/developer/toolchains/gnu_arm/12.2.rel1_2023.7/bin/../lib/gcc/arm-none-eabi/12.2.1/thumb/v7e-m+fp/softfp/crtbegin.o

.glue_7         0x0000669c        0x0
 .glue_7        0x0000669c        0x0 linker stubs

.glue_7t        0x0000669c        0x0
 .glue_7t       0x0000669c        0x0 linker stubs

.vfp11_veneer   0x0000669c        0x0
 .vfp11_veneer  0x0000669c        0x0 linker stubs

.v4_bx          0x0000669c        0x0
 .v4_bx         0x0000669c        0x0 linker stubs

.iplt           0x0000669c        0x0
 .iplt          0x0000669c        0x0 e:/thiot/setup/developer/toolchains/gnu_arm/12.2.rel1_2023.7/bin/../lib/gcc/arm-none-eabi/12.2.1/thumb/v7e-m+fp/softfp/crtbegin.o

.ARM.extab
 *(.ARM.extab* .gnu.linkonce.armextab.*)
                0x0000669c                __exidx_start = .

.ARM.exidx      0x0000669c        0x8
 *(.ARM.exidx* .gnu.linkonce.armexidx.*)
 .ARM.exidx     0x0000669c        0x8 e:/thiot/setup/developer/toolchains/gnu_arm/12.2.rel1_2023.7/bin/../lib/gcc/arm-none-eabi/12.2.1/thumb/v7e-m+fp/softfp/crt0.o
                                 0x10 (size before relaxing)
 .ARM.exidx.text.__udivmoddi4
                0x000066a4        0x0 e:/thiot/setup/developer/toolchains/gnu_arm/12.2.rel1_2023.7/bin/../lib/gcc/arm-none-eabi/12.2.1/thumb/v7e-m+fp/softfp\libgcc.a(_udivmoddi4.o)
                                  0x8 (size before relaxing)
                0x000066a4                __exidx_end = .

.rel.dyn        0x000066a4        0x0
 .rel.iplt      0x000066a4        0x0 e:/thiot/setup/developer/toolchains/gnu_arm/12.2.rel1_2023.7/bin/../lib/gcc/arm-none-eabi/12.2.1/thumb/v7e-m+fp/softfp/crtbegin.o

.copy.table     0x000066a4        0xc
                0x000066a4                . = ALIGN (0x4)
                0x000066a4                __copy_table_start__ = .
                0x000066a4        0x4 LONG 0x66b0 __etext
                0x000066a8        0x4 LONG 0x20001000 __data_start__
                0x000066ac        0x4 LONG 0x28 ((__data_end__ - __data_start__) / 0x4)
                0x000066b0                __copy_table_end__ = .

.zero.table     0x000066b0        0x0
                0x000066b0                . = ALIGN (0x4)
                0x000066b0                __zero_table_start__ = .
                0x000066b0                __zero_table_end__ = .
                0x000066b0                __etext = .
                0x20000000                . = ORIGIN (RAM)

.stack          0x20000000     0x1000
                0x20000000                __StackLimit = .
 *(.stack*)
 .stack         0x20000000     0x1000 ./gecko_sdk_4.4.5/platform/common/toolchain/src/sl_memory.o
                0x20001000                . = ALIGN (0x4)
                0x20001000                __StackTop = .
                0x20001000                PROVIDE (__stack = __StackTop)

.noinit
 *(.noinit*)

.data           0x20001000       0xa0 load address 0x000066b0
                0x20001000                . = ALIGN (0x4)
                0x20001000                __data_start__ = .
 *(vtable)
 *(SORT_BY_ALIGNMENT(.data*))
 .data.init_sensor
                0x20001000       0x18 ./autogen/sl_i2cspm_init.o
                0x20001000                init_sensor
 .data.sl_i2cspm_sensor
                0x20001018        0x4 ./autogen/sl_i2cspm_init.o
                0x20001018                sl_i2cspm_sensor
 .data.SystemHfrcoFreq
                0x2000101c        0x4 ./gecko_sdk_4.4.5/platform/Device/SiliconLabs/EFR32BG13P/Source/system_efr32bg13p.o
                0x2000101c                SystemHfrcoFreq
 .data.SystemCoreClock
                0x20001020        0x4 ./gecko_sdk_4.4.5/platform/Device/SiliconLabs/EFR32BG13P/Source/system_efr32bg13p.o
                0x20001020                SystemCoreClock
 .data.SystemLFXOClock
                0x20001024        0x4 ./gecko_sdk_4.4.5/platform/Device/SiliconLabs/EFR32BG13P/Source/system_efr32bg13p.o
 .data.SystemHFXOClock
                0x20001028        0x4 ./gecko_sdk_4.4.5/platform/Device/SiliconLabs/EFR32BG13P/Source/system_efr32bg13p.o
 .data.heap_end.0
                0x2000102c        0x4 ./gecko_sdk_4.4.5/platform/common/toolchain/src/sl_memory.o
 .data.auxHfrcoFreq
                0x20001030        0x4 ./gecko_sdk_4.4.5/platform/emlib/src/em_cmu.o
 .data.__sglue  0x20001034        0xc e:/thiot/setup/developer/toolchains/gnu_arm/12.2.rel1_2023.7/bin/../lib/gcc/arm-none-eabi/12.2.1/thumb/v7e-m+fp/softfp\libc_nano.a(libc_a-findfp.o)
                0x20001034                __sglue
 .data._impure_ptr
                0x20001040        0x4 e:/thiot/setup/developer/toolchains/gnu_arm/12.2.rel1_2023.7/bin/../lib/gcc/arm-none-eabi/12.2.1/thumb/v7e-m+fp/softfp\libc_nano.a(libc_a-impure.o)
                0x20001040                _impure_ptr
 .data._impure_data
                0x20001044       0x4c e:/thiot/setup/developer/toolchains/gnu_arm/12.2.rel1_2023.7/bin/../lib/gcc/arm-none-eabi/12.2.1/thumb/v7e-m+fp/softfp\libc_nano.a(libc_a-impure.o)
                0x20001044                _impure_data
 .data.hfxo_precision
                0x20001090        0x2 ./gecko_sdk_4.4.5/platform/emlib/src/em_cmu.o
 .data.lfxo_precision
                0x20001092        0x2 ./gecko_sdk_4.4.5/platform/emlib/src/em_cmu.o
 .data.level_mask
                0x20001094        0x1 ./gecko_sdk_4.4.5/app/common/util/app_log/app_log.o
 .data.level_filter_threshold
                0x20001095        0x1 ./gecko_sdk_4.4.5/app/common/util/app_log/app_log.o
 .data.level_filter_enabled
                0x20001096        0x1 ./gecko_sdk_4.4.5/app/common/util/app_log/app_log.o
 .data.cc_disabled
                0x20001097        0x1 ./gecko_sdk_4.4.5/platform/service/sleeptimer/src/sl_sleeptimer_hal_rtcc.o
                0x20001098                . = ALIGN (0x4)
                [!provide]                PROVIDE (__ram_func_section_start = .)
 *(.ram)
                [!provide]                PROVIDE (__ram_func_section_end = .)
                0x20001098                . = ALIGN (0x4)
                0x20001098                PROVIDE (__preinit_array_start = .)
 *(.preinit_array)
                0x20001098                PROVIDE (__preinit_array_end = .)
                0x20001098                . = ALIGN (0x4)
                0x20001098                PROVIDE (__init_array_start = .)
 *(SORT_BY_NAME(.init_array.*))
 *(.init_array)
 .init_array    0x20001098        0x4 e:/thiot/setup/developer/toolchains/gnu_arm/12.2.rel1_2023.7/bin/../lib/gcc/arm-none-eabi/12.2.1/thumb/v7e-m+fp/softfp/crtbegin.o
                0x2000109c                PROVIDE (__init_array_end = .)
                0x2000109c                . = ALIGN (0x4)
                [!provide]                PROVIDE (__fini_array_start = .)
 *(SORT_BY_NAME(.fini_array.*))
 *(.fini_array)
 .fini_array    0x2000109c        0x4 e:/thiot/setup/developer/toolchains/gnu_arm/12.2.rel1_2023.7/bin/../lib/gcc/arm-none-eabi/12.2.1/thumb/v7e-m+fp/softfp/crtbegin.o
                [!provide]                PROVIDE (__fini_array_end = .)
                0x200010a0                . = ALIGN (0x4)
                0x200010a0                __data_end__ = .

.tm_clone_table
                0x200010a0        0x0 load address 0x00006750
 .tm_clone_table
                0x200010a0        0x0 e:/thiot/setup/developer/toolchains/gnu_arm/12.2.rel1_2023.7/bin/../lib/gcc/arm-none-eabi/12.2.1/thumb/v7e-m+fp/softfp/crtbegin.o
 .tm_clone_table
                0x200010a0        0x0 e:/thiot/setup/developer/toolchains/gnu_arm/12.2.rel1_2023.7/bin/../lib/gcc/arm-none-eabi/12.2.1/thumb/v7e-m+fp/softfp/crtend.o

.igot.plt       0x200010a0        0x0 load address 0x00006750
 .igot.plt      0x200010a0        0x0 e:/thiot/setup/developer/toolchains/gnu_arm/12.2.rel1_2023.7/bin/../lib/gcc/arm-none-eabi/12.2.1/thumb/v7e-m+fp/softfp/crtbegin.o

.bss            0x200010a0      0x3a8 load address 0x00006750
                0x200010a0                . = ALIGN (0x4)
                0x200010a0                __bss_start__ = .
 *(SORT_BY_ALIGNMENT(.bss*))
 .bss.object.0  0x200010a0       0x18 e:/thiot/setup/developer/toolchains/gnu_arm/12.2.rel1_2023.7/bin/../lib/gcc/arm-none-eabi/12.2.1/thumb/v7e-m+fp/softfp/crtbegin.o
 .bss.context_vcom
                0x200010b8       0x4c ./autogen/sl_iostream_init_usart_instances.o
 .bss.sl_iostream_vcom
                0x20001104       0x18 ./autogen/sl_iostream_init_usart_instances.o
 .bss.app_log_iostream
                0x2000111c        0x4 ./gecko_sdk_4.4.5/app/common/util/app_log/app_log.o
                0x2000111c                app_log_iostream
 .bss.dmaXfer   0x20001120      0x100 ./gecko_sdk_4.4.5/platform/emdrv/dmadrv/src/dmadrv.o
 .bss.chTable   0x20001220       0x80 ./gecko_sdk_4.4.5/platform/emdrv/dmadrv/src/dmadrv.o
 .bss.i2cTransfer
                0x200012a0       0x18 ./gecko_sdk_4.4.5/platform/emlib/src/em_i2c.o
 .bss.sli_iostream_default
                0x200012b8        0x4 ./gecko_sdk_4.4.5/platform/service/iostream/src/sl_iostream.o
 .bss.max_millisecond_conversion
                0x200012bc        0x4 ./gecko_sdk_4.4.5/platform/service/sleeptimer/src/sl_sleeptimer.o
 .bss.last_delta_update_count
                0x200012c0        0x4 ./gecko_sdk_4.4.5/platform/service/sleeptimer/src/sl_sleeptimer.o
 .bss.timer_head
                0x200012c4        0x4 ./gecko_sdk_4.4.5/platform/service/sleeptimer/src/sl_sleeptimer.o
 .bss.timer_frequency
                0x200012c8        0x4 ./gecko_sdk_4.4.5/platform/service/sleeptimer/src/sl_sleeptimer.o
 .bss.__sf      0x200012cc      0x138 e:/thiot/setup/developer/toolchains/gnu_arm/12.2.rel1_2023.7/bin/../lib/gcc/arm-none-eabi/12.2.1/thumb/v7e-m+fp/softfp\libc_nano.a(libc_a-findfp.o)
                0x200012cc                __sf
 .bss.__stdio_exit_handler
                0x20001404        0x4 e:/thiot/setup/developer/toolchains/gnu_arm/12.2.rel1_2023.7/bin/../lib/gcc/arm-none-eabi/12.2.1/thumb/v7e-m+fp/softfp\libc_nano.a(libc_a-findfp.o)
                0x20001404                __stdio_exit_handler
 .bss.errno     0x20001408        0x4 e:/thiot/setup/developer/toolchains/gnu_arm/12.2.rel1_2023.7/bin/../lib/gcc/arm-none-eabi/12.2.1/thumb/v7e-m+fp/softfp\libc_nano.a(libc_a-reent.o)
                0x20001408                errno
 .bss.__malloc_sbrk_start
                0x2000140c        0x4 e:/thiot/setup/developer/toolchains/gnu_arm/12.2.rel1_2023.7/bin/../lib/gcc/arm-none-eabi/12.2.1/thumb/v7e-m+fp/softfp\libc_nano.a(libc_a-mallocr.o)
                0x2000140c                __malloc_sbrk_start
 .bss.__malloc_free_list
                0x20001410        0x4 e:/thiot/setup/developer/toolchains/gnu_arm/12.2.rel1_2023.7/bin/../lib/gcc/arm-none-eabi/12.2.1/thumb/v7e-m+fp/softfp\libc_nano.a(libc_a-mallocr.o)
                0x20001410                __malloc_free_list
 .bss.dcdcReverseCurrentControl
                0x20001414        0x2 ./gecko_sdk_4.4.5/platform/emlib/src/em_emu.o
 .bss.dcdcEm01LoadCurrent_mA
                0x20001416        0x2 ./gecko_sdk_4.4.5/platform/emlib/src/em_emu.o
 .bss.dcdcMaxCurrent_mA
                0x20001418        0x2 ./gecko_sdk_4.4.5/platform/emlib/src/em_emu.o
 .bss.overflow_counter
                0x2000141a        0x2 ./gecko_sdk_4.4.5/platform/service/sleeptimer/src/sl_sleeptimer.o
 .bss.completed.1
                0x2000141c        0x1 e:/thiot/setup/developer/toolchains/gnu_arm/12.2.rel1_2023.7/bin/../lib/gcc/arm-none-eabi/12.2.1/thumb/v7e-m+fp/softfp/crtbegin.o
 .bss.rx_buffer_vcom
                0x2000141d       0x20 ./autogen/sl_iostream_init_usart_instances.o
 .bss.level_mask_enabled
                0x2000143d        0x1 ./gecko_sdk_4.4.5/app/common/util/app_log/app_log.o
 .bss.initialized
                0x2000143e        0x1 ./gecko_sdk_4.4.5/platform/emdrv/dmadrv/src/dmadrv.o
 .bss.vScaleEM01Config
                0x2000143f        0x1 ./gecko_sdk_4.4.5/platform/emlib/src/em_emu.o
 .bss.sleep_on_isr_exit
                0x20001440        0x1 ./gecko_sdk_4.4.5/platform/service/sleeptimer/src/sl_sleeptimer.o
 .bss.next_timer_to_expire_is_power_manager
                0x20001441        0x1 ./gecko_sdk_4.4.5/platform/service/sleeptimer/src/sl_sleeptimer.o
 .bss.is_sleeptimer_initialized
                0x20001442        0x1 ./gecko_sdk_4.4.5/platform/service/sleeptimer/src/sl_sleeptimer.o
 .bss.__lock___malloc_recursive_mutex
                0x20001443        0x1 e:/thiot/setup/developer/toolchains/gnu_arm/12.2.rel1_2023.7/bin/../lib/gcc/arm-none-eabi/12.2.1/thumb/v7e-m+fp/softfp\libc_nano.a(libc_a-lock.o)
                0x20001443                __lock___malloc_recursive_mutex
 .bss.__lock___sfp_recursive_mutex
                0x20001444        0x1 e:/thiot/setup/developer/toolchains/gnu_arm/12.2.rel1_2023.7/bin/../lib/gcc/arm-none-eabi/12.2.1/thumb/v7e-m+fp/softfp\libc_nano.a(libc_a-lock.o)
                0x20001444                __lock___sfp_recursive_mutex
 *(COMMON)
                0x20001448                . = ALIGN (0x4)
 *fill*         0x20001445        0x3 
                0x20001448                __bss_end__ = .
                0x20001448                __ramfuncs_start__ = .
                0x20001448                __vma_ramfuncs_start__ = .
                0x00006750                __lma_ramfuncs_start__ = (__etext + SIZEOF (.data))
                0x00000000                __text_application_ram_offset__ = (. - __vma_ramfuncs_start__)

text_application_ram
                0x20001448        0x0 load address 0x00006750
                0x20001448                . = ALIGN (0x4)
                0x20001448                __text_application_ram_start__ = .
 *(text_application_ram)
                0x20001448                . = ALIGN (0x4)
                0x20001448                __text_application_ram_end__ = .
                0x20001448                . = ALIGN (0x4)
                0x20001448                __vma_ramfuncs_end__ = .
                0x00006750                __lma_ramfuncs_end__ = ((__lma_ramfuncs_start__ + __text_application_ram_offset__) + SIZEOF (text_application_ram))
                0x20001448                __ramfuncs_end__ = .

.heap           0x20001448      0x800
                0x20001448                __HeapBase = .
                0x20001448                __end__ = .
                0x20001448                end = __end__
                0x20001448                _end = __end__
 *(.heap*)
 .heap          0x20001448      0x800 ./gecko_sdk_4.4.5/platform/common/toolchain/src/sl_memory.o
                0x20010000                __HeapLimit = (ORIGIN (RAM) + LENGTH (RAM))
                0x0000ebb8                __heap_size = (__HeapLimit - __HeapBase)
                0x20010000                __ram_end__ = 0x20010000
                0x00080000                __main_flash_end__ = 0x80000

.internal_storage
 *(.internal_storage*)

.nvm
 *(.simee*)
                0x00080000                linker_nvm_end = __main_flash_end__
                0x00080000                linker_nvm_begin = (linker_nvm_end - SIZEOF (.nvm))
                0x00000000                linker_nvm_size = SIZEOF (.nvm)
                0x00080000                linker_storage_end = linker_nvm_begin
                0x00080000                __nvm3Base = linker_nvm_begin
                0x00080000                linker_storage_begin = (linker_storage_end - SIZEOF (.internal_storage))
                0x00000000                linker_storage_size = SIZEOF (.internal_storage)
                0x00000001                ASSERT ((linker_storage_begin >= (__etext + SIZEOF (.data))), FLASH memory overflowed !)
OUTPUT(I2C_BT.axf elf32-littlearm)
LOAD linker stubs

.ARM.attributes
                0x00000000       0x2e
 .ARM.attributes
                0x00000000       0x22 e:/thiot/setup/developer/toolchains/gnu_arm/12.2.rel1_2023.7/bin/../lib/gcc/arm-none-eabi/12.2.1/thumb/v7e-m+fp/softfp/crti.o
 .ARM.attributes
                0x00000022       0x32 e:/thiot/setup/developer/toolchains/gnu_arm/12.2.rel1_2023.7/bin/../lib/gcc/arm-none-eabi/12.2.1/thumb/v7e-m+fp/softfp/crtbegin.o
 .ARM.attributes
                0x00000054       0x20 e:/thiot/setup/developer/toolchains/gnu_arm/12.2.rel1_2023.7/bin/../lib/gcc/arm-none-eabi/12.2.1/thumb/v7e-m+fp/softfp/crt0.o
 .ARM.attributes
                0x00000074       0x32 ./app.o
 .ARM.attributes
                0x000000a6       0x32 ./main.o
 .ARM.attributes
                0x000000d8       0x32 ./autogen/sl_board_default_init.o
 .ARM.attributes
                0x0000010a       0x32 ./autogen/sl_device_init_clocks.o
 .ARM.attributes
                0x0000013c       0x32 ./autogen/sl_event_handler.o
 .ARM.attributes
                0x0000016e       0x32 ./autogen/sl_i2cspm_init.o
 .ARM.attributes
                0x000001a0       0x32 ./autogen/sl_iostream_init_usart_instances.o
 .ARM.attributes
                0x000001d2       0x32 ./gecko_sdk_4.4.5/app/common/util/app_log/app_log.o
 .ARM.attributes
                0x00000204       0x32 ./gecko_sdk_4.4.5/hardware/board/src/sl_board_control_gpio.o
 .ARM.attributes
                0x00000236       0x32 ./gecko_sdk_4.4.5/hardware/board/src/sl_board_init.o
 .ARM.attributes
                0x00000268       0x32 ./gecko_sdk_4.4.5/hardware/driver/configuration_over_swo/src/sl_cos.o
 .ARM.attributes
                0x0000029a       0x32 ./gecko_sdk_4.4.5/hardware/driver/mx25_flash_shutdown/src/sl_mx25_flash_shutdown_usart/sl_mx25_flash_shutdown.o
 .ARM.attributes
                0x000002cc       0x32 ./gecko_sdk_4.4.5/platform/Device/SiliconLabs/EFR32BG13P/Source/startup_efr32bg13p.o
 .ARM.attributes
                0x000002fe       0x32 ./gecko_sdk_4.4.5/platform/Device/SiliconLabs/EFR32BG13P/Source/system_efr32bg13p.o
 .ARM.attributes
                0x00000330       0x32 ./gecko_sdk_4.4.5/platform/common/src/sl_assert.o
 .ARM.attributes
                0x00000362       0x32 ./gecko_sdk_4.4.5/platform/common/toolchain/src/sl_memory.o
 .ARM.attributes
                0x00000394       0x32 ./gecko_sdk_4.4.5/platform/driver/debug/src/sl_debug_swo.o
 .ARM.attributes
                0x000003c6       0x32 ./gecko_sdk_4.4.5/platform/driver/i2cspm/src/sl_i2cspm.o
 .ARM.attributes
                0x000003f8       0x32 ./gecko_sdk_4.4.5/platform/emdrv/dmadrv/src/dmadrv.o
 .ARM.attributes
                0x0000042a       0x32 ./gecko_sdk_4.4.5/platform/emlib/src/em_cmu.o
 .ARM.attributes
                0x0000045c       0x32 ./gecko_sdk_4.4.5/platform/emlib/src/em_core.o
 .ARM.attributes
                0x0000048e       0x32 ./gecko_sdk_4.4.5/platform/emlib/src/em_emu.o
 .ARM.attributes
                0x000004c0       0x32 ./gecko_sdk_4.4.5/platform/emlib/src/em_gpio.o
 .ARM.attributes
                0x000004f2       0x32 ./gecko_sdk_4.4.5/platform/emlib/src/em_i2c.o
 .ARM.attributes
                0x00000524       0x32 ./gecko_sdk_4.4.5/platform/emlib/src/em_ldma.o
 .ARM.attributes
                0x00000556       0x32 ./gecko_sdk_4.4.5/platform/emlib/src/em_rtcc.o
 .ARM.attributes
                0x00000588       0x32 ./gecko_sdk_4.4.5/platform/emlib/src/em_system.o
 .ARM.attributes
                0x000005ba       0x32 ./gecko_sdk_4.4.5/platform/emlib/src/em_usart.o
 .ARM.attributes
                0x000005ec       0x32 ./gecko_sdk_4.4.5/platform/service/device_init/src/sl_device_init_dcdc_s1.o
 .ARM.attributes
                0x0000061e       0x32 ./gecko_sdk_4.4.5/platform/service/device_init/src/sl_device_init_emu_s1.o
 .ARM.attributes
                0x00000650       0x32 ./gecko_sdk_4.4.5/platform/service/device_init/src/sl_device_init_hfxo_s1.o
 .ARM.attributes
                0x00000682       0x32 ./gecko_sdk_4.4.5/platform/service/device_init/src/sl_device_init_lfxo_s1.o
 .ARM.attributes
                0x000006b4       0x32 ./gecko_sdk_4.4.5/platform/service/device_init/src/sl_device_init_nvic.o
 .ARM.attributes
                0x000006e6       0x32 ./gecko_sdk_4.4.5/platform/service/iostream/src/sl_iostream.o
 .ARM.attributes
                0x00000718       0x32 ./gecko_sdk_4.4.5/platform/service/iostream/src/sl_iostream_retarget_stdio.o
 .ARM.attributes
                0x0000074a       0x32 ./gecko_sdk_4.4.5/platform/service/iostream/src/sl_iostream_stdlib_config.o
 .ARM.attributes
                0x0000077c       0x32 ./gecko_sdk_4.4.5/platform/service/iostream/src/sl_iostream_uart.o
 .ARM.attributes
                0x000007ae       0x32 ./gecko_sdk_4.4.5/platform/service/iostream/src/sl_iostream_usart.o
 .ARM.attributes
                0x000007e0       0x32 ./gecko_sdk_4.4.5/platform/service/sleeptimer/src/sl_sleeptimer.o
 .ARM.attributes
                0x00000812       0x32 ./gecko_sdk_4.4.5/platform/service/sleeptimer/src/sl_sleeptimer_hal_rtcc.o
 .ARM.attributes
                0x00000844       0x32 ./gecko_sdk_4.4.5/platform/service/system/src/sl_system_init.o
 .ARM.attributes
                0x00000876       0x32 ./gecko_sdk_4.4.5/platform/service/system/src/sl_system_process_action.o
 .ARM.attributes
                0x000008a8       0x32 ./gecko_sdk_4.4.5/platform/service/udelay/src/sl_udelay.o
 .ARM.attributes
                0x000008da       0x20 ./gecko_sdk_4.4.5/platform/service/udelay/src/sl_udelay_armv6m_gcc.o
 .ARM.attributes
                0x000008fa       0x22 e:/thiot/setup/developer/toolchains/gnu_arm/12.2.rel1_2023.7/bin/../lib/gcc/arm-none-eabi/12.2.1/thumb/v7e-m+fp/softfp\libgcc.a(_arm_muldf3.o)
 .ARM.attributes
                0x0000091c       0x22 e:/thiot/setup/developer/toolchains/gnu_arm/12.2.rel1_2023.7/bin/../lib/gcc/arm-none-eabi/12.2.1/thumb/v7e-m+fp/softfp\libgcc.a(_arm_addsubdf3.o)
 .ARM.attributes
                0x0000093e       0x22 e:/thiot/setup/developer/toolchains/gnu_arm/12.2.rel1_2023.7/bin/../lib/gcc/arm-none-eabi/12.2.1/thumb/v7e-m+fp/softfp\libgcc.a(_arm_fixunsdfsi.o)
 .ARM.attributes
                0x00000960       0x22 e:/thiot/setup/developer/toolchains/gnu_arm/12.2.rel1_2023.7/bin/../lib/gcc/arm-none-eabi/12.2.1/thumb/v7e-m+fp/softfp\libgcc.a(_aeabi_uldivmod.o)
 .ARM.attributes
                0x00000982       0x32 e:/thiot/setup/developer/toolchains/gnu_arm/12.2.rel1_2023.7/bin/../lib/gcc/arm-none-eabi/12.2.1/thumb/v7e-m+fp/softfp\libgcc.a(_udivmoddi4.o)
 .ARM.attributes
                0x000009b4       0x22 e:/thiot/setup/developer/toolchains/gnu_arm/12.2.rel1_2023.7/bin/../lib/gcc/arm-none-eabi/12.2.1/thumb/v7e-m+fp/softfp\libgcc.a(_dvmd_tls.o)
 .ARM.attributes
                0x000009d6       0x32 e:/thiot/setup/developer/toolchains/gnu_arm/12.2.rel1_2023.7/bin/../lib/gcc/arm-none-eabi/12.2.1/thumb/v7e-m+fp/softfp\libc_nano.a(libc_a-exit.o)
 .ARM.attributes
                0x00000a08       0x32 e:/thiot/setup/developer/toolchains/gnu_arm/12.2.rel1_2023.7/bin/../lib/gcc/arm-none-eabi/12.2.1/thumb/v7e-m+fp/softfp\libc_nano.a(libc_a-findfp.o)
 .ARM.attributes
                0x00000a3a       0x32 e:/thiot/setup/developer/toolchains/gnu_arm/12.2.rel1_2023.7/bin/../lib/gcc/arm-none-eabi/12.2.1/thumb/v7e-m+fp/softfp\libc_nano.a(libc_a-fwalk.o)
 .ARM.attributes
                0x00000a6c       0x32 e:/thiot/setup/developer/toolchains/gnu_arm/12.2.rel1_2023.7/bin/../lib/gcc/arm-none-eabi/12.2.1/thumb/v7e-m+fp/softfp\libc_nano.a(libc_a-setvbuf.o)
 .ARM.attributes
                0x00000a9e       0x32 e:/thiot/setup/developer/toolchains/gnu_arm/12.2.rel1_2023.7/bin/../lib/gcc/arm-none-eabi/12.2.1/thumb/v7e-m+fp/softfp\libc_nano.a(libc_a-stdio.o)
 .ARM.attributes
                0x00000ad0       0x32 e:/thiot/setup/developer/toolchains/gnu_arm/12.2.rel1_2023.7/bin/../lib/gcc/arm-none-eabi/12.2.1/thumb/v7e-m+fp/softfp\libc_nano.a(libc_a-vprintf.o)
 .ARM.attributes
                0x00000b02       0x32 e:/thiot/setup/developer/toolchains/gnu_arm/12.2.rel1_2023.7/bin/../lib/gcc/arm-none-eabi/12.2.1/thumb/v7e-m+fp/softfp\libc_nano.a(libc_a-memset.o)
 .ARM.attributes
                0x00000b34       0x32 e:/thiot/setup/developer/toolchains/gnu_arm/12.2.rel1_2023.7/bin/../lib/gcc/arm-none-eabi/12.2.1/thumb/v7e-m+fp/softfp\libc_nano.a(libc_a-closer.o)
 .ARM.attributes
                0x00000b66       0x32 e:/thiot/setup/developer/toolchains/gnu_arm/12.2.rel1_2023.7/bin/../lib/gcc/arm-none-eabi/12.2.1/thumb/v7e-m+fp/softfp\libc_nano.a(libc_a-reent.o)
 .ARM.attributes
                0x00000b98       0x32 e:/thiot/setup/developer/toolchains/gnu_arm/12.2.rel1_2023.7/bin/../lib/gcc/arm-none-eabi/12.2.1/thumb/v7e-m+fp/softfp\libc_nano.a(libc_a-impure.o)
 .ARM.attributes
                0x00000bca       0x32 e:/thiot/setup/developer/toolchains/gnu_arm/12.2.rel1_2023.7/bin/../lib/gcc/arm-none-eabi/12.2.1/thumb/v7e-m+fp/softfp\libc_nano.a(libc_a-lseekr.o)
 .ARM.attributes
                0x00000bfc       0x32 e:/thiot/setup/developer/toolchains/gnu_arm/12.2.rel1_2023.7/bin/../lib/gcc/arm-none-eabi/12.2.1/thumb/v7e-m+fp/softfp\libc_nano.a(libc_a-readr.o)
 .ARM.attributes
                0x00000c2e       0x32 e:/thiot/setup/developer/toolchains/gnu_arm/12.2.rel1_2023.7/bin/../lib/gcc/arm-none-eabi/12.2.1/thumb/v7e-m+fp/softfp\libc_nano.a(libc_a-writer.o)
 .ARM.attributes
                0x00000c60       0x32 e:/thiot/setup/developer/toolchains/gnu_arm/12.2.rel1_2023.7/bin/../lib/gcc/arm-none-eabi/12.2.1/thumb/v7e-m+fp/softfp\libc_nano.a(libc_a-init.o)
 .ARM.attributes
                0x00000c92       0x32 e:/thiot/setup/developer/toolchains/gnu_arm/12.2.rel1_2023.7/bin/../lib/gcc/arm-none-eabi/12.2.1/thumb/v7e-m+fp/softfp\libc_nano.a(libc_a-lock.o)
 .ARM.attributes
                0x00000cc4       0x32 e:/thiot/setup/developer/toolchains/gnu_arm/12.2.rel1_2023.7/bin/../lib/gcc/arm-none-eabi/12.2.1/thumb/v7e-m+fp/softfp\libc_nano.a(libc_a-memcpy-stub.o)
 .ARM.attributes
                0x00000cf6       0x32 e:/thiot/setup/developer/toolchains/gnu_arm/12.2.rel1_2023.7/bin/../lib/gcc/arm-none-eabi/12.2.1/thumb/v7e-m+fp/softfp\libc_nano.a(libc_a-freer.o)
 .ARM.attributes
                0x00000d28       0x32 e:/thiot/setup/developer/toolchains/gnu_arm/12.2.rel1_2023.7/bin/../lib/gcc/arm-none-eabi/12.2.1/thumb/v7e-m+fp/softfp\libc_nano.a(libc_a-malloc.o)
 .ARM.attributes
                0x00000d5a       0x32 e:/thiot/setup/developer/toolchains/gnu_arm/12.2.rel1_2023.7/bin/../lib/gcc/arm-none-eabi/12.2.1/thumb/v7e-m+fp/softfp\libc_nano.a(libc_a-mallocr.o)
 .ARM.attributes
                0x00000d8c       0x32 e:/thiot/setup/developer/toolchains/gnu_arm/12.2.rel1_2023.7/bin/../lib/gcc/arm-none-eabi/12.2.1/thumb/v7e-m+fp/softfp\libc_nano.a(libc_a-mlock.o)
 .ARM.attributes
                0x00000dbe       0x32 e:/thiot/setup/developer/toolchains/gnu_arm/12.2.rel1_2023.7/bin/../lib/gcc/arm-none-eabi/12.2.1/thumb/v7e-m+fp/softfp\libc_nano.a(libc_a-nano-vfprintf.o)
 .ARM.attributes
                0x00000df0       0x32 e:/thiot/setup/developer/toolchains/gnu_arm/12.2.rel1_2023.7/bin/../lib/gcc/arm-none-eabi/12.2.1/thumb/v7e-m+fp/softfp\libc_nano.a(libc_a-nano-vfprintf_i.o)
 .ARM.attributes
                0x00000e22       0x32 e:/thiot/setup/developer/toolchains/gnu_arm/12.2.rel1_2023.7/bin/../lib/gcc/arm-none-eabi/12.2.1/thumb/v7e-m+fp/softfp\libc_nano.a(libc_a-fflush.o)
 .ARM.attributes
                0x00000e54       0x32 e:/thiot/setup/developer/toolchains/gnu_arm/12.2.rel1_2023.7/bin/../lib/gcc/arm-none-eabi/12.2.1/thumb/v7e-m+fp/softfp\libc_nano.a(libc_a-makebuf.o)
 .ARM.attributes
                0x00000e86       0x32 e:/thiot/setup/developer/toolchains/gnu_arm/12.2.rel1_2023.7/bin/../lib/gcc/arm-none-eabi/12.2.1/thumb/v7e-m+fp/softfp\libc_nano.a(libc_a-wbuf.o)
 .ARM.attributes
                0x00000eb8       0x32 e:/thiot/setup/developer/toolchains/gnu_arm/12.2.rel1_2023.7/bin/../lib/gcc/arm-none-eabi/12.2.1/thumb/v7e-m+fp/softfp\libc_nano.a(libc_a-wsetup.o)
 .ARM.attributes
                0x00000eea       0x32 e:/thiot/setup/developer/toolchains/gnu_arm/12.2.rel1_2023.7/bin/../lib/gcc/arm-none-eabi/12.2.1/thumb/v7e-m+fp/softfp\libc_nano.a(libc_a-fstatr.o)
 .ARM.attributes
                0x00000f1c       0x32 e:/thiot/setup/developer/toolchains/gnu_arm/12.2.rel1_2023.7/bin/../lib/gcc/arm-none-eabi/12.2.1/thumb/v7e-m+fp/softfp\libc_nano.a(libc_a-isattyr.o)
 .ARM.attributes
                0x00000f4e       0x32 e:/thiot/setup/developer/toolchains/gnu_arm/12.2.rel1_2023.7/bin/../lib/gcc/arm-none-eabi/12.2.1/thumb/v7e-m+fp/softfp\libc_nano.a(libc_a-sbrkr.o)
 .ARM.attributes
                0x00000f80       0x1c e:/thiot/setup/developer/toolchains/gnu_arm/12.2.rel1_2023.7/bin/../lib/gcc/arm-none-eabi/12.2.1/thumb/v7e-m+fp/softfp\libc_nano.a(libc_a-memchr.o)
 .ARM.attributes
                0x00000f9c       0x32 e:/thiot/setup/developer/toolchains/gnu_arm/12.2.rel1_2023.7/bin/../lib/gcc/arm-none-eabi/12.2.1/thumb/v7e-m+fp/softfp/crtend.o
 .ARM.attributes
                0x00000fce       0x22 e:/thiot/setup/developer/toolchains/gnu_arm/12.2.rel1_2023.7/bin/../lib/gcc/arm-none-eabi/12.2.1/thumb/v7e-m+fp/softfp/crtn.o

.comment        0x00000000       0x45
 .comment       0x00000000       0x45 ./app.o
                                 0x46 (size before relaxing)
 .comment       0x00000045       0x46 ./main.o
 .comment       0x00000045       0x46 ./autogen/sl_board_default_init.o
 .comment       0x00000045       0x46 ./autogen/sl_device_init_clocks.o
 .comment       0x00000045       0x46 ./autogen/sl_event_handler.o
 .comment       0x00000045       0x46 ./autogen/sl_i2cspm_init.o
 .comment       0x00000045       0x46 ./autogen/sl_iostream_init_usart_instances.o
 .comment       0x00000045       0x46 ./gecko_sdk_4.4.5/app/common/util/app_log/app_log.o
 .comment       0x00000045       0x46 ./gecko_sdk_4.4.5/hardware/board/src/sl_board_control_gpio.o
 .comment       0x00000045       0x46 ./gecko_sdk_4.4.5/hardware/board/src/sl_board_init.o
 .comment       0x00000045       0x46 ./gecko_sdk_4.4.5/hardware/driver/configuration_over_swo/src/sl_cos.o
 .comment       0x00000045       0x46 ./gecko_sdk_4.4.5/hardware/driver/mx25_flash_shutdown/src/sl_mx25_flash_shutdown_usart/sl_mx25_flash_shutdown.o
 .comment       0x00000045       0x46 ./gecko_sdk_4.4.5/platform/Device/SiliconLabs/EFR32BG13P/Source/startup_efr32bg13p.o
 .comment       0x00000045       0x46 ./gecko_sdk_4.4.5/platform/Device/SiliconLabs/EFR32BG13P/Source/system_efr32bg13p.o
 .comment       0x00000045       0x46 ./gecko_sdk_4.4.5/platform/common/src/sl_assert.o
 .comment       0x00000045       0x46 ./gecko_sdk_4.4.5/platform/common/toolchain/src/sl_memory.o
 .comment       0x00000045       0x46 ./gecko_sdk_4.4.5/platform/driver/debug/src/sl_debug_swo.o
 .comment       0x00000045       0x46 ./gecko_sdk_4.4.5/platform/driver/i2cspm/src/sl_i2cspm.o
 .comment       0x00000045       0x46 ./gecko_sdk_4.4.5/platform/emdrv/dmadrv/src/dmadrv.o
 .comment       0x00000045       0x46 ./gecko_sdk_4.4.5/platform/emlib/src/em_cmu.o
 .comment       0x00000045       0x46 ./gecko_sdk_4.4.5/platform/emlib/src/em_core.o
 .comment       0x00000045       0x46 ./gecko_sdk_4.4.5/platform/emlib/src/em_emu.o
 .comment       0x00000045       0x46 ./gecko_sdk_4.4.5/platform/emlib/src/em_gpio.o
 .comment       0x00000045       0x46 ./gecko_sdk_4.4.5/platform/emlib/src/em_i2c.o
 .comment       0x00000045       0x46 ./gecko_sdk_4.4.5/platform/emlib/src/em_ldma.o
 .comment       0x00000045       0x46 ./gecko_sdk_4.4.5/platform/emlib/src/em_rtcc.o
 .comment       0x00000045       0x46 ./gecko_sdk_4.4.5/platform/emlib/src/em_system.o
 .comment       0x00000045       0x46 ./gecko_sdk_4.4.5/platform/emlib/src/em_usart.o
 .comment       0x00000045       0x46 ./gecko_sdk_4.4.5/platform/service/device_init/src/sl_device_init_dcdc_s1.o
 .comment       0x00000045       0x46 ./gecko_sdk_4.4.5/platform/service/device_init/src/sl_device_init_emu_s1.o
 .comment       0x00000045       0x46 ./gecko_sdk_4.4.5/platform/service/device_init/src/sl_device_init_hfxo_s1.o
 .comment       0x00000045       0x46 ./gecko_sdk_4.4.5/platform/service/device_init/src/sl_device_init_lfxo_s1.o
 .comment       0x00000045       0x46 ./gecko_sdk_4.4.5/platform/service/device_init/src/sl_device_init_nvic.o
 .comment       0x00000045       0x46 ./gecko_sdk_4.4.5/platform/service/iostream/src/sl_iostream.o
 .comment       0x00000045       0x46 ./gecko_sdk_4.4.5/platform/service/iostream/src/sl_iostream_retarget_stdio.o
 .comment       0x00000045       0x46 ./gecko_sdk_4.4.5/platform/service/iostream/src/sl_iostream_stdlib_config.o
 .comment       0x00000045       0x46 ./gecko_sdk_4.4.5/platform/service/iostream/src/sl_iostream_uart.o
 .comment       0x00000045       0x46 ./gecko_sdk_4.4.5/platform/service/iostream/src/sl_iostream_usart.o
 .comment       0x00000045       0x46 ./gecko_sdk_4.4.5/platform/service/sleeptimer/src/sl_sleeptimer.o